Archive member included because of file (symbol)

/usr/include/../../../../nxtOSEK/ecrobot/../ecrobot/libecrobot++.a(New.o)
                              build/Main.o (_Znwm)
/usr/include/../../../../nxtOSEK/ecrobot/../ecrobot/libecrobot.a(ecrobot_interface.o)
                              build/Main.o (ecrobot_set_light_sensor_active)
/usr/include/../../../../nxtOSEK/ecrobot/../ecrobot/libecrobot.a(colorsensor.o)
                              /usr/include/../../../../nxtOSEK/ecrobot/../ecrobot/libecrobot.a(ecrobot_interface.o) (colorsensor_init)
/usr/include/../../../../nxtOSEK/ecrobot/../ecrobot/libecrobot.a(osek_hook.o)
                              build/kernel/osctl.o (StartupHook)
/usr/include/../../../../nxtOSEK/ecrobot/../ecrobot/libecrobot.a(uart.oram)
                              build/config/at91sam7s-gnu/irq.oram (uart_isr_C_0)
/usr/include/../../../../nxtOSEK/ecrobot/../ecrobot/libecrobot.a(systick.oram)
                              build/syslib/at91sam7s-gnu/lego_nxt/hw_sys_timer.oram (systick_low_priority_C)
/usr/include/../../../../nxtOSEK/ecrobot/../ecrobot/libecrobot.a(byte_fifo.oram)
                              /usr/include/../../../../nxtOSEK/ecrobot/../ecrobot/libecrobot.a(uart.oram) (byte_fifo_put)
/usr/include/../../../../nxtOSEK/ecrobot/../ecrobot/libecrobot.a(aic.oram)
                              /usr/include/../../../../nxtOSEK/ecrobot/../ecrobot/libecrobot.a(uart.oram) (aic_set_vector)
/usr/include/../../../../nxtOSEK/ecrobot/../ecrobot/libecrobot.a(udp.oram)
                              build/config/at91sam7s-gnu/irq.oram (udp_isr_C)
/usr/include/../../../../nxtOSEK/ecrobot/../ecrobot/libecrobot.a(twi.oram)
                              build/config/at91sam7s-gnu/irq.oram (twi_isr_C)
/usr/include/../../../../nxtOSEK/ecrobot/../ecrobot/libecrobot.a(nxt_spi.oram)
                              build/config/at91sam7s-gnu/irq.oram (spi_isr_C)
/usr/include/../../../../nxtOSEK/ecrobot/../ecrobot/libecrobot.a(nxt_motors.oram)
                              build/Tail.o (nxt_motor_get_count)
/usr/include/../../../../nxtOSEK/ecrobot/../ecrobot/libecrobot.a(data_abort.oram)
                              build/ecrobot_init.o (data_abort_C)
/usr/include/../../../../nxtOSEK/ecrobot/../ecrobot/libecrobot.a(display.oram)
                              build/rtoscalls.o (display_update)
/usr/include/../../../../nxtOSEK/ecrobot/../ecrobot/libecrobot.a(i2c.oram)
                              build/config/at91sam7s-gnu/irq.oram (i2c_timer_isr_C)
/usr/include/../../../../nxtOSEK/ecrobot/../ecrobot/libecrobot.a(sound.oram)
                              /usr/include/../../../../nxtOSEK/ecrobot/../ecrobot/libecrobot.a(ecrobot_interface.o) (sound_get_time)
/usr/include/../../../../nxtOSEK/ecrobot/../ecrobot/libecrobot.a(bt.oram)
                              build/ecrobot_bluetooth.o (bt_send)
/usr/include/../../../../nxtOSEK/ecrobot/../ecrobot/libecrobot.a(nxt_avr.oram)
                              build/ecrobot_base.o (nxt_avr_power_down)
/usr/include/../../../../nxtOSEK/ecrobot/../ecrobot/libecrobot.a(sensors.oram)
                              /usr/include/../../../../nxtOSEK/ecrobot/../ecrobot/libecrobot.a(ecrobot_interface.o) (unset_digi0)
/usr/include/../../../../nxtOSEK/ecrobot/../ecrobot/libecrobot.a(sensors1.oram)
                              /usr/include/../../../../nxtOSEK/ecrobot/../ecrobot/libecrobot.a(colorsensor.o) (sensor_pins)
/usr/include/../../../../nxtOSEK/ecrobot/../ecrobot/libecrobot.a(nxt_lcd.oram)
                              /usr/include/../../../../nxtOSEK/ecrobot/../ecrobot/libecrobot.a(display.oram) (nxt_lcd_force_update)
/usr/include/../../../../nxtOSEK/ecrobot/../ecrobot/libecrobot.a(flash_loader.oram)
                              build/ecrobot_base.o (set_flash_request)
/usr/include/../../../../nxtOSEK/ecrobot/../ecrobot/libecrobot.a(interrupts.oram)
                              /usr/include/../../../../nxtOSEK/ecrobot/../ecrobot/libecrobot.a(uart.oram) (interrupts_get_and_disable)
/usr/include/../../../../nxtOSEK/ecrobot/../ecrobot/libecrobot.a(nxtosek_splash.obmp)
                              build/ecrobot_base.o (nxtosek_splash_bmp_start)
/usr/include/../../../../nxtOSEK/ecrobot/../ecrobot/libecrobot.a(ecrobot_usb.o)
                              /usr/include/../../../../nxtOSEK/ecrobot/../ecrobot/libecrobot.a(flash_loader.oram) (ecrobot_init_usb)
/usr/include/../../../../nxtOSEK/ecrobot/../ecrobot/libecrobot.a(flashprog.oram)
                              /usr/include/../../../../nxtOSEK/ecrobot/../ecrobot/libecrobot.a(flash_loader.oram) (flash_write_page)
/cygdrive/C/cygwin/GNUARM/bin/../lib/gcc/arm-elf/4.0.2/thumb/interwork/libgcc.a(_udivsi3.o)
                              build/ecrobot_base.o (__udivsi3)
/cygdrive/C/cygwin/GNUARM/bin/../lib/gcc/arm-elf/4.0.2/thumb/interwork/libgcc.a(_divsi3.o)
                              /usr/include/../../../../nxtOSEK/ecrobot/../ecrobot/libecrobot.a(uart.oram) (__divsi3)
[...]
Memory Configuration

Name             Origin             Length             Attributes
rom              0x00108000         0x00038000
vector_ram       0x00200000         0x00000040
ram              0x00200040         0x0000ffc0
*default*        0x00000000         0xffffffff

Linker script and memory map

LOAD build/kernel/alarm.o
LOAD build/kernel/event.o
LOAD build/kernel/interrupt.o
LOAD build/kernel/osctl.o
LOAD build/kernel/resource.o
LOAD build/kernel/task.o
LOAD build/kernel/task_manage.o
LOAD build/config/at91sam7s-gnu/cpu_config.o
LOAD build/config/at91sam7s-gnu/lego_nxt/sys_config.o
LOAD build/./kernel_cfg.o
LOAD build/rtoscalls.o
LOAD build/syscalls.o
LOAD build/ecrobot_bluetooth.o
LOAD build/ecrobot_base.o
LOAD build/ecrobot.o
LOAD build/syslib/at91sam7s-gnu/lego_nxt/hw_sys_timer.oram
LOAD build/UI.o
LOAD build/TouchSensor.o
LOAD build/Control.o
LOAD build/Motor.o
LOAD build/Tail.o
LOAD build/Main.o
LOAD build/nxtvm/platform/nxt/vectors.o
LOAD build/config/at91sam7s-gnu/debug.o
LOAD build/config/at91sam7s-gnu/lego_nxt/sys_support.o
LOAD build/nxt_binary_header.o
LOAD build/nxt_entry_point.o
LOAD build/ecrobot_init.o
LOAD build/config/at91sam7s-gnu/cpu_support.oram
LOAD build/config/at91sam7s-gnu/irq.oram
LOAD /usr/include/../../../../nxtOSEK/ecrobot/../ecrobot/libecrobot++.a
LOAD /usr/include/../../../../nxtOSEK/ecrobot/../ecrobot/libecrobot.a
LOAD /usr/include/../../../../nxtOSEK/ecrobot/../ecrobot/libnxtway_gs_balancer.a
LOAD /cygdrive/C/cygwin/GNUARM/bin/../lib/gcc/arm-elf/4.0.2/../../../../arm-elf/lib/thumb/interwork/libstdc++.a
LOAD /cygdrive/C/cygwin/GNUARM/bin/../lib/gcc/arm-elf/4.0.2/../../../../arm-elf/lib/thumb/interwork/libm.a
LOAD /cygdrive/C/cygwin/GNUARM/bin/../lib/gcc/arm-elf/4.0.2/thumb/interwork/libgcc.a
LOAD /cygdrive/C/cygwin/GNUARM/bin/../lib/gcc/arm-elf/4.0.2/../../../../arm-elf/lib/thumb/interwork/libc.a
LOAD /cygdrive/C/cygwin/GNUARM/bin/../lib/gcc/arm-elf/4.0.2/thumb/interwork/libgcc.a
                0x00108000                ROM_BASE = 0x108000
                0x00038000                ROM_SIZE = 0x38000
                0x00200000                RAM_BASE = 0x200000
                0x00010000                RAM_SIZE = 0x10000

.vectors        0x00200000       0x40 load address 0x00108000
 vectors.o(*.text *.text.*)
 .text          0x00200000       0x38 build/nxtvm/platform/nxt/vectors.o
                0x00200040                . = ALIGN (0x10)
 *fill*         0x00200038        0x8 00
                0x00200000                __vectors_ram_start__ = ADDR (.vectors)
                0x00200040                __vectors_ram_end__ = (ADDR (.vectors) + SIZEOF (.vectors))
                0x00108000                __vectors_load_start__ = LOADADDR (.vectors)
                0x00108040                __vectors_load_end__ = (LOADADDR (.vectors) + SIZEOF (.vectors))

.init           0x00108040      0x280
 *ecrobot_init.o(*.text *.text.*)
 .text          0x00108040      0x280 build/ecrobot_init.o
                0x001081ac                undef_handler
                0x001081b4                prefetch_abort_handler
                0x001081b8                data_abort_handler
                0x001081b0                swi_handler
                0x00108040                start
                0x001081d4                reserved_handler
                0x001082c0                . = ALIGN (0x10)

.ram_text       0x00200040     0x3330 load address 0x001082c0
                0x00200040                . = ALIGN (0x10)
 *.oram(*.text *.text.* *.glue*)
 .text.systick_isr_C1
                0x00200040       0x28 build/syslib/at91sam7s-gnu/lego_nxt/hw_sys_timer.oram
                0x00200040                systick_isr_C1
 *fill*         0x00200068        0x8 00
 .text          0x00200070      0x230 build/config/at91sam7s-gnu/cpu_support.oram
                0x00200250                enable_int
                0x002000f0                start_dispatch
                0x002000b0                activate_r
                0x00200248                disable_int
                0x00200070                dispatch
                0x0020021c                int_return
                0x002001ac                _interrupt
                0x002000e0                exit_and_dispatch
                0x00200258                nop
 .text          0x002002a0      0x2c0 build/config/at91sam7s-gnu/irq.oram
                0x002002a0                default_isr
                0x0020042c                uart_isr_entry_0
                0x002003ac                twi_isr_entry
                0x0020046c                uart_isr_entry_1
                0x0020036c                spi_isr_entry
                0x002002ec                systick_low_priority_entry
                0x002004ac                nxt_motor_isr_entry
                0x002004ec                i2c_timer_isr_entry
                0x002002a0                default_fiq
                0x002002a4                systick_isr_entry
                0x002002a0                spurious_isr
                0x002003ec                sound_isr_entry
                0x0020032c                udp_isr_entry
 .text.uart_process_isr
                0x00200560       0x88 /usr/include/../../../../nxtOSEK/ecrobot/../ecrobot/libecrobot.a(uart.oram)
 .text.uart_isr_C_0
                0x002005e8        0xc /usr/include/../../../../nxtOSEK/ecrobot/../ecrobot/libecrobot.a(uart.oram)
                0x002005e8                uart_isr_C_0
 .text.uart_isr_C_1
                0x002005f4        0xc /usr/include/../../../../nxtOSEK/ecrobot/../ecrobot/libecrobot.a(uart.oram)
                0x002005f4                uart_isr_C_1
 .text.systick_low_priority_C
                0x00200600       0x1c /usr/include/../../../../nxtOSEK/ecrobot/../ecrobot/libecrobot.a(systick.oram)
                0x00200600                systick_low_priority_C
 .text.systick_isr_C
                0x0020061c       0x24 /usr/include/../../../../nxtOSEK/ecrobot/../ecrobot/libecrobot.a(systick.oram)
                0x0020061c                systick_isr_C
 .text.systick_get_ms
                0x00200640        0xc /usr/include/../../../../nxtOSEK/ecrobot/../ecrobot/libecrobot.a(systick.oram)
                0x00200640                systick_get_ms
 .text.systick_wait_ms
                0x0020064c       0x1c /usr/include/../../../../nxtOSEK/ecrobot/../ecrobot/libecrobot.a(systick.oram)
                0x0020064c                systick_wait_ms
 .text.systick_wait_ns
                0x00200668       0x1c /usr/include/../../../../nxtOSEK/ecrobot/../ecrobot/libecrobot.a(systick.oram)
                0x00200668                systick_wait_ns
 .text.systick_init
                0x00200684       0x58 /usr/include/../../../../nxtOSEK/ecrobot/../ecrobot/libecrobot.a(systick.oram)
                0x00200684                systick_init
 .text.systick_suspend
                0x002006dc        0xc /usr/include/../../../../nxtOSEK/ecrobot/../ecrobot/libecrobot.a(systick.oram)
                0x002006dc                systick_suspend
 .text.systick_resume
                0x002006e8        0xc /usr/include/../../../../nxtOSEK/ecrobot/../ecrobot/libecrobot.a(systick.oram)
                0x002006e8                systick_resume
 .text.byte_fifo_put
                0x002006f4       0x58 /usr/include/../../../../nxtOSEK/ecrobot/../ecrobot/libecrobot.a(byte_fifo.oram)
                0x002006f4                byte_fifo_put
 .text.byte_fifo_get
                0x0020074c       0x2c /usr/include/../../../../nxtOSEK/ecrobot/../ecrobot/libecrobot.a(byte_fifo.oram)
                0x0020074c                byte_fifo_get
 .text.aic_initialise
                0x00200778       0x5c /usr/include/../../../../nxtOSEK/ecrobot/../ecrobot/libecrobot.a(aic.oram)
                0x00200778                aic_initialise
 .text.aic_set_vector
                0x002007d4       0x30 /usr/include/../../../../nxtOSEK/ecrobot/../ecrobot/libecrobot.a(aic.oram)
                0x002007d4                aic_set_vector
 .text.aic_mask_on
                0x00200804       0x24 /usr/include/../../../../nxtOSEK/ecrobot/../ecrobot/libecrobot.a(aic.oram)
                0x00200804                aic_mask_on
 .text.aic_mask_off
                0x00200828       0x24 /usr/include/../../../../nxtOSEK/ecrobot/../ecrobot/libecrobot.a(aic.oram)
                0x00200828                aic_mask_off
 .text.aic_clear
                0x0020084c       0x24 /usr/include/../../../../nxtOSEK/ecrobot/../ecrobot/libecrobot.a(aic.oram)
                0x0020084c                aic_clear
 .text.reset    0x00200870       0x4c /usr/include/../../../../nxtOSEK/ecrobot/../ecrobot/libecrobot.a(udp.oram)
 .text.udp_send_null
                0x002008bc       0x2c /usr/include/../../../../nxtOSEK/ecrobot/../ecrobot/libecrobot.a(udp.oram)
 .text.udp_send_stall
                0x002008e8       0x2c /usr/include/../../../../nxtOSEK/ecrobot/../ecrobot/libecrobot.a(udp.oram)
 .text.udp_send_control
                0x00200914       0x60 /usr/include/../../../../nxtOSEK/ecrobot/../ecrobot/libecrobot.a(udp.oram)
 .text.udp_isr_C
                0x00200974      0x7d0 /usr/include/../../../../nxtOSEK/ecrobot/../ecrobot/libecrobot.a(udp.oram)
                0x00200974                udp_isr_C
 .text.twi_status
                0x00201144       0x20 /usr/include/../../../../nxtOSEK/ecrobot/../ecrobot/libecrobot.a(twi.oram)
                0x00201144                twi_status
 .text.twi_isr_C
                0x00201164       0xc4 /usr/include/../../../../nxtOSEK/ecrobot/../ecrobot/libecrobot.a(twi.oram)
                0x00201164                twi_isr_C
 .text.twi_reset
                0x00201228       0xb4 /usr/include/../../../../nxtOSEK/ecrobot/../ecrobot/libecrobot.a(twi.oram)
                0x00201228                twi_reset
 .text.twi_init
                0x002012dc       0x4c /usr/include/../../../../nxtOSEK/ecrobot/../ecrobot/libecrobot.a(twi.oram)
                0x002012dc                twi_init
 .text.twi_start_read
                0x00201328       0x60 /usr/include/../../../../nxtOSEK/ecrobot/../ecrobot/libecrobot.a(twi.oram)
                0x00201328                twi_start_read
 .text.twi_start_write
                0x00201388       0x64 /usr/include/../../../../nxtOSEK/ecrobot/../ecrobot/libecrobot.a(twi.oram)
                0x00201388                twi_start_write
 .text.spi_set_mode
                0x002013ec       0x40 /usr/include/../../../../nxtOSEK/ecrobot/../ecrobot/libecrobot.a(nxt_spi.oram)
 .text.spi_isr_C
                0x0020142c       0x8c /usr/include/../../../../nxtOSEK/ecrobot/../ecrobot/libecrobot.a(nxt_spi.oram)
                0x0020142c                spi_isr_C
 .text.nxt_spi_init
                0x002014b8      0x12c /usr/include/../../../../nxtOSEK/ecrobot/../ecrobot/libecrobot.a(nxt_spi.oram)
                0x002014b8                nxt_spi_init
 .text.nxt_spi_write
                0x002015e4       0x44 /usr/include/../../../../nxtOSEK/ecrobot/../ecrobot/libecrobot.a(nxt_spi.oram)
                0x002015e4                nxt_spi_write
 .text.nxt_spi_set_display
                0x00201628       0x10 /usr/include/../../../../nxtOSEK/ecrobot/../ecrobot/libecrobot.a(nxt_spi.oram)
                0x00201628                nxt_spi_set_display
 .text.nxt_spi_refresh
                0x00201638       0x24 /usr/include/../../../../nxtOSEK/ecrobot/../ecrobot/libecrobot.a(nxt_spi.oram)
                0x00201638                nxt_spi_refresh
 .text.nxt_motor_get_count
                0x0020165c       0x14 /usr/include/../../../../nxtOSEK/ecrobot/../ecrobot/libecrobot.a(nxt_motors.oram)
                0x0020165c                nxt_motor_get_count
 .text.nxt_motor_set_count
                0x00201670       0x10 /usr/include/../../../../nxtOSEK/ecrobot/../ecrobot/libecrobot.a(nxt_motors.oram)
                0x00201670                nxt_motor_set_count
 .text.nxt_motor_set_speed
                0x00201680       0x34 /usr/include/../../../../nxtOSEK/ecrobot/../ecrobot/libecrobot.a(nxt_motors.oram)
                0x00201680                nxt_motor_set_speed
 .text.nxt_motor_1kHz_process
                0x002016b4       0x28 /usr/include/../../../../nxtOSEK/ecrobot/../ecrobot/libecrobot.a(nxt_motors.oram)
                0x002016b4                nxt_motor_1kHz_process
 .text.nxt_motor_quad_decode
                0x002016dc       0x30 /usr/include/../../../../nxtOSEK/ecrobot/../ecrobot/libecrobot.a(nxt_motors.oram)
                0x002016dc                nxt_motor_quad_decode
 .text.nxt_motor_isr_C
                0x0020170c       0x88 /usr/include/../../../../nxtOSEK/ecrobot/../ecrobot/libecrobot.a(nxt_motors.oram)
                0x0020170c                nxt_motor_isr_C
 .text.nxt_motor_init
                0x00201794       0x68 /usr/include/../../../../nxtOSEK/ecrobot/../ecrobot/libecrobot.a(nxt_motors.oram)
                0x00201794                nxt_motor_init
 .text.data_abort_C
                0x002017fc       0x7c /usr/include/../../../../nxtOSEK/ecrobot/../ecrobot/libecrobot.a(data_abort.oram)
                0x002017fc                data_abort_C
 .text.display_update
                0x00201878       0x14 /usr/include/../../../../nxtOSEK/ecrobot/../ecrobot/libecrobot.a(display.oram)
                0x00201878                display_update
 .text.display_force_update
                0x0020188c        0xc /usr/include/../../../../nxtOSEK/ecrobot/../ecrobot/libecrobot.a(display.oram)
                0x0020188c                display_force_update
 .text.display_clear
                0x00201898       0x24 /usr/include/../../../../nxtOSEK/ecrobot/../ecrobot/libecrobot.a(display.oram)
                0x00201898                display_clear
 .text.display_goto_xy
                0x002018bc       0x14 /usr/include/../../../../nxtOSEK/ecrobot/../ecrobot/libecrobot.a(display.oram)
                0x002018bc                display_goto_xy
 .text.display_char
                0x002018d0       0x60 /usr/include/../../../../nxtOSEK/ecrobot/../ecrobot/libecrobot.a(display.oram)
                0x002018d0                display_char
 .text.display_string
                0x00201930       0x3c /usr/include/../../../../nxtOSEK/ecrobot/../ecrobot/libecrobot.a(display.oram)
                0x00201930                display_string
 .text.display_hex
                0x0020196c       0x50 /usr/include/../../../../nxtOSEK/ecrobot/../ecrobot/libecrobot.a(display.oram)
                0x0020196c                display_hex
 .text.display_unsigned_worker
                0x002019bc       0x70 /usr/include/../../../../nxtOSEK/ecrobot/../ecrobot/libecrobot.a(display.oram)
 .text.display_unsigned
                0x00201a2c        0xc /usr/include/../../../../nxtOSEK/ecrobot/../ecrobot/libecrobot.a(display.oram)
                0x00201a2c                display_unsigned
 .text.display_bitmap_copy
                0x00201a38       0x5c /usr/include/../../../../nxtOSEK/ecrobot/../ecrobot/libecrobot.a(display.oram)
                0x00201a38                display_bitmap_copy
 .text.display_init
                0x00201a94       0x50 /usr/include/../../../../nxtOSEK/ecrobot/../ecrobot/libecrobot.a(display.oram)
                0x00201a94                display_init
 .text.i2c_timer_isr_C
                0x00201ae4      0x314 /usr/include/../../../../nxtOSEK/ecrobot/../ecrobot/libecrobot.a(i2c.oram)
                0x00201ae4                i2c_timer_isr_C
 .text.i2c_disable
                0x00201df8       0x20 /usr/include/../../../../nxtOSEK/ecrobot/../ecrobot/libecrobot.a(i2c.oram)
                0x00201df8                i2c_disable
 .text.i2c_enable
                0x00201e18       0x40 /usr/include/../../../../nxtOSEK/ecrobot/../ecrobot/libecrobot.a(i2c.oram)
                0x00201e18                i2c_enable
 .text.i2c_init
                0x00201e58       0xa4 /usr/include/../../../../nxtOSEK/ecrobot/../ecrobot/libecrobot.a(i2c.oram)
                0x00201e58                i2c_init
 .text.sound_fill_sample_buffer
                0x00201efc       0xe4 /usr/include/../../../../nxtOSEK/ecrobot/../ecrobot/libecrobot.a(sound.oram)
                0x00201efc                sound_fill_sample_buffer
 .text.sound_init
                0x00201fe0       0xa0 /usr/include/../../../../nxtOSEK/ecrobot/../ecrobot/libecrobot.a(sound.oram)
                0x00201fe0                sound_init
 .text.sound_isr_C
                0x00202080      0x144 /usr/include/../../../../nxtOSEK/ecrobot/../ecrobot/libecrobot.a(sound.oram)
                0x00202080                sound_isr_C
 .text.bt_init  0x002021c4      0x1c0 /usr/include/../../../../nxtOSEK/ecrobot/../ecrobot/libecrobot.a(bt.oram)
                0x002021c4                bt_init
 .text.bt_send  0x00202384       0x5c /usr/include/../../../../nxtOSEK/ecrobot/../ecrobot/libecrobot.a(bt.oram)
                0x00202384                bt_send
 .text.bt_write
                0x002023e0       0x70 /usr/include/../../../../nxtOSEK/ecrobot/../ecrobot/libecrobot.a(bt.oram)
                0x002023e0                bt_write
 .text.bt_pending
                0x00202450       0x50 /usr/include/../../../../nxtOSEK/ecrobot/../ecrobot/libecrobot.a(bt.oram)
                0x00202450                bt_pending
 .text.bt_clear_arm7_cmd
                0x002024a0       0x10 /usr/include/../../../../nxtOSEK/ecrobot/../ecrobot/libecrobot.a(bt.oram)
                0x002024a0                bt_clear_arm7_cmd
 .text.bt_set_arm7_cmd
                0x002024b0       0x10 /usr/include/../../../../nxtOSEK/ecrobot/../ecrobot/libecrobot.a(bt.oram)
                0x002024b0                bt_set_arm7_cmd
 .text.bt_receive
                0x002024c0      0x160 /usr/include/../../../../nxtOSEK/ecrobot/../ecrobot/libecrobot.a(bt.oram)
                0x002024c0                bt_receive
 .text.bt_reset
                0x00202620       0x84 /usr/include/../../../../nxtOSEK/ecrobot/../ecrobot/libecrobot.a(bt.oram)
                0x00202620                bt_reset
 .text.nxt_avr_power_down
                0x002026a4       0x10 /usr/include/../../../../nxtOSEK/ecrobot/../ecrobot/libecrobot.a(nxt_avr.oram)
                0x002026a4                nxt_avr_power_down
 .text.nxt_avr_link_init
                0x002026b4       0x20 /usr/include/../../../../nxtOSEK/ecrobot/../ecrobot/libecrobot.a(nxt_avr.oram)
                0x002026b4                nxt_avr_link_init
 .text.nxt_avr_init
                0x002026d4       0x6c /usr/include/../../../../nxtOSEK/ecrobot/../ecrobot/libecrobot.a(nxt_avr.oram)
                0x002026d4                nxt_avr_init
 .text.nxt_avr_1kHz_update
                0x00202740      0x1cc /usr/include/../../../../nxtOSEK/ecrobot/../ecrobot/libecrobot.a(nxt_avr.oram)
                0x00202740                nxt_avr_1kHz_update
 .text.buttons_get
                0x0020290c        0xc /usr/include/../../../../nxtOSEK/ecrobot/../ecrobot/libecrobot.a(nxt_avr.oram)
                0x0020290c                buttons_get
 .text.battery_voltage
                0x00202918       0x28 /usr/include/../../../../nxtOSEK/ecrobot/../ecrobot/libecrobot.a(nxt_avr.oram)
                0x00202918                battery_voltage
 .text.sensor_adc
                0x00202940       0x20 /usr/include/../../../../nxtOSEK/ecrobot/../ecrobot/libecrobot.a(nxt_avr.oram)
                0x00202940                sensor_adc
 .text.nxt_avr_set_motor
                0x00202960       0x34 /usr/include/../../../../nxtOSEK/ecrobot/../ecrobot/libecrobot.a(nxt_avr.oram)
                0x00202960                nxt_avr_set_motor
 .text.nxt_avr_set_input_power
                0x00202994       0x3c /usr/include/../../../../nxtOSEK/ecrobot/../ecrobot/libecrobot.a(nxt_avr.oram)
                0x00202994                nxt_avr_set_input_power
 .text.unset_digi0
                0x002029d0       0x44 /usr/include/../../../../nxtOSEK/ecrobot/../ecrobot/libecrobot.a(sensors.oram)
                0x002029d0                unset_digi0
 .text.unset_digi1
                0x00202a14       0x44 /usr/include/../../../../nxtOSEK/ecrobot/../ecrobot/libecrobot.a(sensors.oram)
                0x00202a14                unset_digi1
 .text.init_sensors
                0x00202a58       0x4c /usr/include/../../../../nxtOSEK/ecrobot/../ecrobot/libecrobot.a(sensors.oram)
                0x00202a58                init_sensors
 .text.set_digi0
                0x00202aa4       0x44 /usr/include/../../../../nxtOSEK/ecrobot/../ecrobot/libecrobot.a(sensors.oram)
                0x00202aa4                set_digi0
 .text.nxt_lcd_command
                0x00202ae8       0x18 /usr/include/../../../../nxtOSEK/ecrobot/../ecrobot/libecrobot.a(nxt_lcd.oram)
                0x00202ae8                nxt_lcd_command
 .text.nxt_lcd_set_col
                0x00202b00       0x24 /usr/include/../../../../nxtOSEK/ecrobot/../ecrobot/libecrobot.a(nxt_lcd.oram)
                0x00202b00                nxt_lcd_set_col
 .text.nxt_lcd_set_multiplex_rate
                0x00202b24       0x18 /usr/include/../../../../nxtOSEK/ecrobot/../ecrobot/libecrobot.a(nxt_lcd.oram)
                0x00202b24                nxt_lcd_set_multiplex_rate
 .text.nxt_lcd_set_page_address
                0x00202b3c       0x18 /usr/include/../../../../nxtOSEK/ecrobot/../ecrobot/libecrobot.a(nxt_lcd.oram)
                0x00202b3c                nxt_lcd_set_page_address
 .text.nxt_lcd_set_pot
                0x00202b54       0x1c /usr/include/../../../../nxtOSEK/ecrobot/../ecrobot/libecrobot.a(nxt_lcd.oram)
                0x00202b54                nxt_lcd_set_pot
 .text.nxt_lcd_set_ram_address_control
                0x00202b70       0x18 /usr/include/../../../../nxtOSEK/ecrobot/../ecrobot/libecrobot.a(nxt_lcd.oram)
                0x00202b70                nxt_lcd_set_ram_address_control
 .text.nxt_lcd_enable
                0x00202b88       0x14 /usr/include/../../../../nxtOSEK/ecrobot/../ecrobot/libecrobot.a(nxt_lcd.oram)
                0x00202b88                nxt_lcd_enable
 .text.nxt_lcd_set_map_control
                0x00202b9c       0x18 /usr/include/../../../../nxtOSEK/ecrobot/../ecrobot/libecrobot.a(nxt_lcd.oram)
                0x00202b9c                nxt_lcd_set_map_control
 .text.nxt_lcd_reset
                0x00202bb4        0xc /usr/include/../../../../nxtOSEK/ecrobot/../ecrobot/libecrobot.a(nxt_lcd.oram)
                0x00202bb4                nxt_lcd_reset
 .text.nxt_lcd_set_bias_ratio
                0x00202bc0       0x18 /usr/include/../../../../nxtOSEK/ecrobot/../ecrobot/libecrobot.a(nxt_lcd.oram)
                0x00202bc0                nxt_lcd_set_bias_ratio
 .text.nxt_lcd_force_update
                0x00202bd8       0x30 /usr/include/../../../../nxtOSEK/ecrobot/../ecrobot/libecrobot.a(nxt_lcd.oram)
                0x00202bd8                nxt_lcd_force_update
 .text.nxt_lcd_update
                0x00202c08        0xc /usr/include/../../../../nxtOSEK/ecrobot/../ecrobot/libecrobot.a(nxt_lcd.oram)
                0x00202c08                nxt_lcd_update
 .text.nxt_lcd_power_up
                0x00202c14       0x48 /usr/include/../../../../nxtOSEK/ecrobot/../ecrobot/libecrobot.a(nxt_lcd.oram)
                0x00202c14                nxt_lcd_power_up
 .text.nxt_lcd_power_down
                0x00202c5c        0xc /usr/include/../../../../nxtOSEK/ecrobot/../ecrobot/libecrobot.a(nxt_lcd.oram)
                0x00202c5c                nxt_lcd_power_down
 .text.nxt_lcd_init
                0x00202c68       0x18 /usr/include/../../../../nxtOSEK/ecrobot/../ecrobot/libecrobot.a(nxt_lcd.oram)
                0x00202c68                nxt_lcd_init
 .text.verify_flash_page
                0x00202c80       0x34 /usr/include/../../../../nxtOSEK/ecrobot/../ecrobot/libecrobot.a(flash_loader.oram)
 .text.set_flash_request
                0x00202cb4       0x38 /usr/include/../../../../nxtOSEK/ecrobot/../ecrobot/libecrobot.a(flash_loader.oram)
                0x00202cb4                set_flash_request
 .text.nxt_device_init
                0x00202cec       0x38 /usr/include/../../../../nxtOSEK/ecrobot/../ecrobot/libecrobot.a(flash_loader.oram)
                0x00202cec                nxt_device_init
 .text          0x00202d24       0x68 /usr/include/../../../../nxtOSEK/ecrobot/../ecrobot/libecrobot.a(interrupts.oram)
                0x00202d7c                fiq_enable
                0x00202d24                interrupts_get_and_disable
                0x00202d58                fiq_get_and_disable
                0x00202d48                interrupts_enable
 .text.flash_write_page
                0x00202d8c       0xc0 /usr/include/../../../../nxtOSEK/ecrobot/../ecrobot/libecrobot.a(flashprog.oram)
                0x00202d8c                flash_write_page
                0x00202e50                . = ALIGN (0x10)
 *fill*         0x00202e4c        0x4 00
 *.oram(*.rodata *.rodata.*)
 .rodata.ld     0x00202e50        0x4 /usr/include/../../../../nxtOSEK/ecrobot/../ecrobot/libecrobot.a(udp.oram)
 .rodata.cfd    0x00202e54       0x20 /usr/include/../../../../nxtOSEK/ecrobot/../ecrobot/libecrobot.a(udp.oram)
 .rodata.dd     0x00202e74       0x12 /usr/include/../../../../nxtOSEK/ecrobot/../ecrobot/libecrobot.a(udp.oram)
 *fill*         0x00202e86        0x2 00
 .rodata.str1.4
                0x00202e88       0x22 /usr/include/../../../../nxtOSEK/ecrobot/../ecrobot/libecrobot.a(data_abort.oram)
                                 0x24 (size before relaxing)
 .rodata.font   0x00202eaa      0x280 /usr/include/../../../../nxtOSEK/ecrobot/../ecrobot/libecrobot.a(display.oram)
 *fill*         0x0020312a        0x2 00
 .rodata.str1.4
                0x0020312c       0x76 /usr/include/../../../../nxtOSEK/ecrobot/../ecrobot/libecrobot.a(display.oram)
                                 0x78 (size before relaxing)
 *fill*         0x002031a2        0x2 00
 .rodata.i2c_pin
                0x002031a4       0x20 /usr/include/../../../../nxtOSEK/ecrobot/../ecrobot/libecrobot.a(i2c.oram)
 .rodata.i2c_timer_isr_C
                0x002031c4       0x38 /usr/include/../../../../nxtOSEK/ecrobot/../ecrobot/libecrobot.a(i2c.oram)
 .rodata.silence
                0x002031fc       0x40 /usr/include/../../../../nxtOSEK/ecrobot/../ecrobot/libecrobot.a(sound.oram)
                0x002031fc                silence
 .rodata.sample_pattern
                0x0020323c       0x84 /usr/include/../../../../nxtOSEK/ecrobot/../ecrobot/libecrobot.a(sound.oram)
                0x0020323c                sample_pattern
 .rodata        0x002032c0        0xc /usr/include/../../../../nxtOSEK/ecrobot/../ecrobot/libecrobot.a(sound.oram)
 .rodata.avr_brainwash_string
                0x002032cc       0x30 /usr/include/../../../../nxtOSEK/ecrobot/../ecrobot/libecrobot.a(nxt_avr.oram)
                0x002032cc                avr_brainwash_string
 .rodata.nxt_avr_1kHz_update
                0x002032fc       0x14 /usr/include/../../../../nxtOSEK/ecrobot/../ecrobot/libecrobot.a(nxt_avr.oram)
 .rodata.C.33.1823
                0x00203310       0x10 /usr/include/../../../../nxtOSEK/ecrobot/../ecrobot/libecrobot.a(sensors.oram)
 .rodata.C.37.1857
                0x00203320       0x10 /usr/include/../../../../nxtOSEK/ecrobot/../ecrobot/libecrobot.a(sensors.oram)
 .rodata.C.31.1806
                0x00203330       0x10 /usr/include/../../../../nxtOSEK/ecrobot/../ecrobot/libecrobot.a(sensors.oram)
 .rodata.str1.4
                0x00203340       0x23 /usr/include/../../../../nxtOSEK/ecrobot/../ecrobot/libecrobot.a(flash_loader.oram)
                                 0x24 (size before relaxing)
                0x00203370                . = ALIGN (0x10)
 *fill*         0x00203363        0xd 00
                0x00200040                __ramtext_ram_start__ = ADDR (.ram_text)
                0x00203370                __ramtext_ram_end__ = (ADDR (.ram_text) + SIZEOF (.ram_text))
                0x001082c0                __ramtext_load_start__ = LOADADDR (.ram_text)
                0x0010b5f0                __ramtext_load_end__ = (__ramtext_load_start__ + SIZEOF (.ram_text))

.wav_data       0x0010b5f0        0x0
 *.owav(*.data *.data.*)
                0x0010b5f0                . = ALIGN (0x10)

.bmp_data       0x0010b5f0      0x440
 *.obmp(*.data *.data.*)
 .data          0x0010b5f0      0x43e /usr/include/../../../../nxtOSEK/ecrobot/../ecrobot/libecrobot.a(nxtosek_splash.obmp)
                0x0010b5f0                nxtosek_splash_bmp_start
                0x0010ba2e                nxtosek_splash_bmp_end
                0x0010ba30                . = ALIGN (0x10)
 *fill*         0x0010ba2e        0x2 00

.spr_data       0x0010ba30        0x0
 *.ospr(*.data *.data.*)
                0x0010ba30                . = ALIGN (0x10)

.data           0x00203370      0x880 load address 0x0010ba30
 *(*.data *.data.*)
 .data.bt_status
                0x00203370        0x1 build/ecrobot_bluetooth.o
 *fill*         0x00203371        0x3 00
 .data.distance_state
                0x00203374       0x10 /usr/include/../../../../nxtOSEK/ecrobot/../ecrobot/libecrobot.a(ecrobot_interface.o)
 .data.deviceStatus
                0x00203384        0x1 /usr/include/../../../../nxtOSEK/ecrobot/../ecrobot/libecrobot.a(ecrobot_interface.o)
 .data.named    0x00203385       0x22 /usr/include/../../../../nxtOSEK/ecrobot/../ecrobot/libecrobot.a(udp.oram)
 .data.snd      0x002033a7       0x1a /usr/include/../../../../nxtOSEK/ecrobot/../ecrobot/libecrobot.a(udp.oram)
 *fill*         0x002033c1        0x3 00
 .data.configured
                0x002033c4        0x4 /usr/include/../../../../nxtOSEK/ecrobot/../ecrobot/libecrobot.a(udp.oram)
 .data.mode     0x002033c8        0x1 /usr/include/../../../../nxtOSEK/ecrobot/../ecrobot/libecrobot.a(nxt_spi.oram)
                0x002033c8                mode
 *fill*         0x002033c9        0x3 00
 .bss.data      0x002033cc        0x4 /usr/include/../../../../nxtOSEK/ecrobot/../ecrobot/libecrobot.a(nxt_spi.oram)
                0x002033cc                data
 .data.display_auto_update
                0x002033d0        0x4 /usr/include/../../../../nxtOSEK/ecrobot/../ecrobot/libecrobot.a(display.oram)
                0x002033d0                display_auto_update
 .data.display_buffer
                0x002033d4        0x4 /usr/include/../../../../nxtOSEK/ecrobot/../ecrobot/libecrobot.a(display.oram)
 .data          0x002033d8      0x410 /cygdrive/C/cygwin/GNUARM/bin/../lib/gcc/arm-elf/4.0.2/../../../../arm-elf/lib/thumb/interwork/libc.a(mallocr.o)
                0x002033d8                __malloc_sbrk_base
                0x002033e0                __malloc_av_
                0x002033dc                __malloc_trim_threshold
 .data          0x002037e8      0x404 /cygdrive/C/cygwin/GNUARM/bin/../lib/gcc/arm-elf/4.0.2/../../../../arm-elf/lib/thumb/interwork/libc.a(impure.o)
                0x00203be8                _impure_ptr
                0x00203bf0                . = ALIGN (0x10)
 *fill*         0x00203bec        0x4 00
                0x00203370                __data_ram_start__ = ADDR (.data)
                0x00203bf0                __data_ram_end__ = (ADDR (.data) + SIZEOF (.data))
                0x0010ba30                __data_load_start__ = LOADADDR (.data)
                0x0010c2b0                __data_load_end__ = (__data_load_start__ + SIZEOF (.data))

.text           0x0010c2b0     0x2550
                0x0010c2b0                . = ALIGN (0x10)
 *(*.text *.text.* *.glue*)
 .text.StartOS  0x0010c2b0       0x58 build/kernel/osctl.o
                0x0010c2b0                StartOS
 .text.call_pretaskhook
                0x0010c308       0x24 build/kernel/osctl.o
                0x0010c308                call_pretaskhook
 .text.call_posttaskhook
                0x0010c32c       0x24 build/kernel/osctl.o
                0x0010c32c                call_posttaskhook
 .text.make_runnable
                0x0010c350       0xac build/kernel/task.o
                0x0010c350                make_runnable
 .text.make_active
                0x0010c3fc       0x78 build/kernel/task.o
                0x0010c3fc                make_active
 .text.task_initialize
                0x0010c474       0x90 build/kernel/task.o
                0x0010c474                task_initialize
 .text.cpu_initialize
                0x0010c504        0x4 build/config/at91sam7s-gnu/cpu_config.o
                0x0010c504                cpu_initialize
 .text.sys_initialize
                0x0010c508        0x4 build/config/at91sam7s-gnu/lego_nxt/sys_config.o
                0x0010c508                sys_initialize
 .text.object_initialize
                0x0010c50c        0xc build/./kernel_cfg.o
                0x0010c50c                object_initialize
 .text._sbrk_r  0x0010c518       0x1c build/syscalls.o
                0x0010c518                _sbrk_r
 .text.ecrobot_get_bt_status
                0x0010c534       0x10 build/ecrobot_bluetooth.o
                0x0010c534                ecrobot_get_bt_status
 .text.close_bt_stream
                0x0010c544       0x2c build/ecrobot_bluetooth.o
 .text.ecrobot_send_bt_packet
                0x0010c570       0x54 build/ecrobot_bluetooth.o
                0x0010c570                ecrobot_send_bt_packet
 .text.send_bt_command
                0x0010c5c4       0x40 build/ecrobot_bluetooth.o
 .text.ecrobot_term_bt_connection
                0x0010c604       0x48 build/ecrobot_bluetooth.o
                0x0010c604                ecrobot_term_bt_connection
 .text.ecrobot_set_bt_device_name
                0x0010c64c       0x4c build/ecrobot_bluetooth.o
                0x0010c64c                ecrobot_set_bt_device_name
 .text.read_bt_command
                0x0010c698       0x5c build/ecrobot_bluetooth.o
 .text.open_bt_stream
                0x0010c6f4       0x50 build/ecrobot_bluetooth.o
 .text.ecrobot_get_bt_device_address
                0x0010c744       0x6c build/ecrobot_bluetooth.o
                0x0010c744                ecrobot_get_bt_device_address
 .text.ecrobot_init_bt_slave
                0x0010c7b0      0x12c build/ecrobot_bluetooth.o
                0x0010c7b0                ecrobot_init_bt_slave
 .text.init_OS_flag
                0x0010c8dc        0xc build/ecrobot_base.o
                0x0010c8dc                init_OS_flag
 .text.set_OS_flag
                0x0010c8e8        0xc build/ecrobot_base.o
                0x0010c8e8                set_OS_flag
 .text.get_OS_flag
                0x0010c8f4        0xc build/ecrobot_base.o
                0x0010c8f4                get_OS_flag
 .text.cpp_constructor
                0x0010c900       0x28 build/ecrobot_base.o
                0x0010c900                cpp_constructor
 .text.cpp_destructor
                0x0010c928       0x28 build/ecrobot_base.o
                0x0010c928                cpp_destructor
 .text.execution_mode
                0x0010c950       0x24 build/ecrobot_base.o
                0x0010c950                execution_mode
 .text.show_main_screen
                0x0010c974       0x48 build/ecrobot_base.o
                0x0010c974                show_main_screen
 .text.display_status_bar
                0x0010c9bc       0x5c build/ecrobot_base.o
                0x0010c9bc                display_status_bar
 .text.restart_NXT
                0x0010ca18       0x2c build/ecrobot_base.o
                0x0010ca18                restart_NXT
 .text.shutdown_NXT
                0x0010ca44       0x2c build/ecrobot_base.o
                0x0010ca44                shutdown_NXT
 .text.check_NXT_buttons
                0x0010ca70       0x38 build/ecrobot_base.o
                0x0010ca70                check_NXT_buttons
 .text.show_bd_addr
                0x0010caa8       0x44 build/ecrobot_base.o
                0x0010caa8                show_bd_addr
 .text.show_bd_addr_err
                0x0010caec       0x3c build/ecrobot_base.o
                0x0010caec                show_bd_addr_err
 .text.add_status_info
                0x0010cb28       0x68 build/ecrobot_base.o
                0x0010cb28                add_status_info
 .text.show_splash_screen
                0x0010cb90       0x90 build/ecrobot_base.o
                0x0010cb90                show_splash_screen
 .text.main     0x0010cc20      0x10c build/ecrobot.o
                0x0010cc20                main
 .text._ZN2UIC1E11TouchSensor4Tail
                0x0010cd2c       0x1c build/UI.o
                0x0010cd2c                _ZN2UIC1E11TouchSensor4Tail
 .text._ZN2UI9waitStartEf
                0x0010cd48       0x34 build/UI.o
                0x0010cd48                _ZN2UI9waitStartEf
 .text._ZN2UI12courseSelectEv
                0x0010cd7c       0x6c build/UI.o
                0x0010cd7c                _ZN2UI12courseSelectEv
 .text._ZN11TouchSensorC1Ev
                0x0010cde8        0x4 build/TouchSensor.o
                0x0010cde8                _ZN11TouchSensorC1Ev
 .text._ZN11TouchSensorC1E13SENSOR_PORT_T
                0x0010cdec        0x4 build/TouchSensor.o
                0x0010cdec                _ZN11TouchSensorC1E13SENSOR_PORT_T
 .text._ZN11TouchSensor9isPressedEv
                0x0010cdf0        0xc build/TouchSensor.o
                0x0010cdf0                _ZN11TouchSensor9isPressedEv
 .text._ZN7ControlC1E5MotorS0_4Tail
                0x0010cdfc       0x28 build/Control.o
                0x0010cdfc                _ZN7ControlC1E5MotorS0_4Tail
 .text._ZN7Control3runEff
                0x0010ce24       0x28 build/Control.o
                0x0010ce24                _ZN7Control3runEff
 .text._ZN5MotorC1Ev
                0x0010ce4c        0x4 build/Motor.o
                0x0010ce4c                _ZN5MotorC1Ev
 .text._ZN5MotorC1E12MOTOR_PORT_T
                0x0010ce50        0x4 build/Motor.o
                0x0010ce50                _ZN5MotorC1E12MOTOR_PORT_T
 .text._ZN5Motor6rotateEf
                0x0010ce54       0x1c build/Motor.o
                0x0010ce54                _ZN5Motor6rotateEf
 .text._ZN4TailC1Ev
                0x0010ce70        0x4 build/Tail.o
                0x0010ce70                _ZN4TailC1Ev
 .text._ZN4TailC1E12MOTOR_PORT_T
                0x0010ce74        0x4 build/Tail.o
                0x0010ce74                _ZN4TailC1E12MOTOR_PORT_T
 .text._ZN4Tail7controlEf
                0x0010ce78       0x64 build/Tail.o
                0x0010ce78                _ZN4Tail7controlEf
 .text.ecrobot_device_initialize
                0x0010cedc       0x30 build/Main.o
                0x0010cedc                ecrobot_device_initialize
 .text.ecrobot_device_terminate
                0x0010cf0c       0x18 build/Main.o
                0x0010cf0c                ecrobot_device_terminate
 .text.user_1ms_isr_type2
                0x0010cf24        0x4 build/Main.o
                0x0010cf24                user_1ms_isr_type2
 .text.TaskMainTaskMain
                0x0010cf28       0xe8 build/Main.o
                0x0010cf28                TaskMainTaskMain
 .text._Znwm    0x0010d010       0x10 /usr/include/../../../../nxtOSEK/ecrobot/../ecrobot/libecrobot++.a(New.o)
                0x0010d010                _Znwm
 .text.ecrobot_set_light_sensor_active
                0x0010d020       0x10 /usr/include/../../../../nxtOSEK/ecrobot/../ecrobot/libecrobot.a(ecrobot_interface.o)
                0x0010d020                ecrobot_set_light_sensor_active
 .text.ecrobot_set_light_sensor_inactive
                0x0010d030       0x10 /usr/include/../../../../nxtOSEK/ecrobot/../ecrobot/libecrobot.a(ecrobot_interface.o)
                0x0010d030                ecrobot_set_light_sensor_inactive
 .text.ecrobot_get_touch_sensor
                0x0010d040       0x20 /usr/include/../../../../nxtOSEK/ecrobot/../ecrobot/libecrobot.a(ecrobot_interface.o)
                0x0010d040                ecrobot_get_touch_sensor
 .text.ecrobot_init_i2c
                0x0010d060       0x2c /usr/include/../../../../nxtOSEK/ecrobot/../ecrobot/libecrobot.a(ecrobot_interface.o)
                0x0010d060                ecrobot_init_i2c
 .text.getDistance
                0x0010d08c       0x20 /usr/include/../../../../nxtOSEK/ecrobot/../ecrobot/libecrobot.a(ecrobot_interface.o)
 .text.ecrobot_init_sonar_sensor
                0x0010d0ac       0x10 /usr/include/../../../../nxtOSEK/ecrobot/../ecrobot/libecrobot.a(ecrobot_interface.o)
                0x0010d0ac                ecrobot_init_sonar_sensor
 .text.ecrobot_term_sonar_sensor
                0x0010d0bc       0x20 /usr/include/../../../../nxtOSEK/ecrobot/../ecrobot/libecrobot.a(ecrobot_interface.o)
                0x0010d0bc                ecrobot_term_sonar_sensor
 .text.ecrobot_get_battery_voltage
                0x0010d0dc        0xc /usr/include/../../../../nxtOSEK/ecrobot/../ecrobot/libecrobot.a(ecrobot_interface.o)
                0x0010d0dc                ecrobot_get_battery_voltage
 .text.ecrobot_get_button_state
                0x0010d0e8        0xc /usr/include/../../../../nxtOSEK/ecrobot/../ecrobot/libecrobot.a(ecrobot_interface.o)
                0x0010d0e8                ecrobot_get_button_state
 .text.ecrobot_init_nxtstate
                0x0010d0f4       0x28 /usr/include/../../../../nxtOSEK/ecrobot/../ecrobot/libecrobot.a(ecrobot_interface.o)
                0x0010d0f4                ecrobot_init_nxtstate
 .text.ecrobot_poll_nxtstate
                0x0010d11c       0x64 /usr/include/../../../../nxtOSEK/ecrobot/../ecrobot/libecrobot.a(ecrobot_interface.o)
                0x0010d11c                ecrobot_poll_nxtstate
 .text.ecrobot_setDeviceInitialized
                0x0010d180       0x18 /usr/include/../../../../nxtOSEK/ecrobot/../ecrobot/libecrobot.a(ecrobot_interface.o)
                0x0010d180                ecrobot_setDeviceInitialized
 .text.ecrobot_initDeviceStatus
                0x0010d198        0xc /usr/include/../../../../nxtOSEK/ecrobot/../ecrobot/libecrobot.a(ecrobot_interface.o)
                0x0010d198                ecrobot_initDeviceStatus
 .text.ecrobot_bt_data_logger
                0x0010d1a4       0x84 /usr/include/../../../../nxtOSEK/ecrobot/../ecrobot/libecrobot.a(ecrobot_interface.o)
                0x0010d1a4                ecrobot_bt_data_logger
 .text.ecrobot_bmp2lcd
                0x0010d228      0x1c8 /usr/include/../../../../nxtOSEK/ecrobot/../ecrobot/libecrobot.a(ecrobot_interface.o)
                0x0010d228                ecrobot_bmp2lcd
 .text.ecrobot_is_ENTER_button_pressed
                0x0010d3f0       0x10 /usr/include/../../../../nxtOSEK/ecrobot/../ecrobot/libecrobot.a(ecrobot_interface.o)
                0x0010d3f0                ecrobot_is_ENTER_button_pressed
 .text.ecrobot_is_RUN_button_pressed
                0x0010d400       0x10 /usr/include/../../../../nxtOSEK/ecrobot/../ecrobot/libecrobot.a(ecrobot_interface.o)
                0x0010d400                ecrobot_is_RUN_button_pressed
 .text.StartupHook
                0x0010d410        0x4 /usr/include/../../../../nxtOSEK/ecrobot/../ecrobot/libecrobot.a(osek_hook.o)
                0x0010d410                StartupHook
 .text.PreTaskHook
                0x0010d414        0x4 /usr/include/../../../../nxtOSEK/ecrobot/../ecrobot/libecrobot.a(osek_hook.o)
                0x0010d414                PreTaskHook
 .text.PostTaskHook
                0x0010d418        0x4 /usr/include/../../../../nxtOSEK/ecrobot/../ecrobot/libecrobot.a(osek_hook.o)
                0x0010d418                PostTaskHook
 .text          0x0010d41c       0x8c /cygdrive/C/cygwin/GNUARM/bin/../lib/gcc/arm-elf/4.0.2/thumb/interwork/libgcc.a(_udivsi3.o)
                0x0010d41c                __udivsi3
                0x0010d498                __aeabi_uidivmod
 .text          0x0010d4a8       0xc8 /cygdrive/C/cygwin/GNUARM/bin/../lib/gcc/arm-elf/4.0.2/thumb/interwork/libgcc.a(_umodsi3.o)
                0x0010d4a8                __umodsi3
 .text          0x0010d570        0x4 /cygdrive/C/cygwin/GNUARM/bin/../lib/gcc/arm-elf/4.0.2/thumb/interwork/libgcc.a(_dvmd_tls.o)
                0x0010d570                __aeabi_ldiv0
                0x0010d570                __div0
                0x0010d570                __aeabi_idiv0
 .text          0x0010d574      0x2ac /cygdrive/C/cygwin/GNUARM/bin/../lib/gcc/arm-elf/4.0.2/thumb/interwork/libgcc.a(_addsubsf3.o)
                0x0010d580                __aeabi_fadd
                0x0010d57c                __subsf3
                0x0010d744                __aeabi_i2f
                0x0010d57c                __aeabi_fsub
                0x0010d774                __floatdisf
                0x0010d744                __floatsisf
                0x0010d764                __floatundisf
                0x0010d73c                __aeabi_ui2f
                0x0010d774                __aeabi_l2f
                0x0010d764                __aeabi_ul2f
                0x0010d574                __aeabi_frsub
                0x0010d73c                __floatunsisf
                0x0010d580                __addsf3
 .text          0x0010d820      0x2f8 /cygdrive/C/cygwin/GNUARM/bin/../lib/gcc/arm-elf/4.0.2/thumb/interwork/libgcc.a(_muldivsf3.o)
                0x0010d9b8                __divsf3
                0x0010d9b8                __aeabi_fdiv
                0x0010d820                __mulsf3
                0x0010d820                __aeabi_fmul
 .text          0x0010db18      0x110 /cygdrive/C/cygwin/GNUARM/bin/../lib/gcc/arm-elf/4.0.2/thumb/interwork/libgcc.a(_cmpsf2.o)
                0x0010dc10                __aeabi_fcmpgt
                0x0010db20                __lesf2
                0x0010db28                __nesf2
                0x0010dbf8                __aeabi_fcmpge
                0x0010db18                __gtsf2
                0x0010dbe0                __aeabi_fcmple
                0x0010db28                __eqsf2
                0x0010db28                __cmpsf2
                0x0010db20                __ltsf2
                0x0010db98                __aeabi_cfcmple
                0x0010db18                __gesf2
                0x0010dbb0                __aeabi_fcmpeq
                0x0010db88                __aeabi_cfrcmple
                0x0010dbc8                __aeabi_fcmplt
                0x0010db98                __aeabi_cfcmpeq
 .text          0x0010dc28       0x5c /cygdrive/C/cygwin/GNUARM/bin/../lib/gcc/arm-elf/4.0.2/thumb/interwork/libgcc.a(_fixsfsi.o)
                0x0010dc28                __fixsfsi
                0x0010dc28                __aeabi_f2iz
 .text          0x0010dc84       0x28 /cygdrive/C/cygwin/GNUARM/bin/../lib/gcc/arm-elf/4.0.2/../../../../arm-elf/lib/thumb/interwork/libc.a(malloc.o)
                0x0010dc84                malloc
                0x0010dc98                free
 .text          0x0010dcac      0x548 /cygdrive/C/cygwin/GNUARM/bin/../lib/gcc/arm-elf/4.0.2/../../../../arm-elf/lib/thumb/interwork/libc.a(mallocr.o)
                0x0010dcac                _malloc_r
 .text          0x0010e1f4       0x68 /cygdrive/C/cygwin/GNUARM/bin/../lib/gcc/arm-elf/4.0.2/../../../../arm-elf/lib/thumb/interwork/libc.a(memcpy.o)
                0x0010e1f4                memcpy
 .text          0x0010e25c       0x68 /cygdrive/C/cygwin/GNUARM/bin/../lib/gcc/arm-elf/4.0.2/../../../../arm-elf/lib/thumb/interwork/libc.a(memset.o)
                0x0010e25c                memset
 .text          0x0010e2c4        0x8 /cygdrive/C/cygwin/GNUARM/bin/../lib/gcc/arm-elf/4.0.2/../../../../arm-elf/lib/thumb/interwork/libc.a(mlock.o)
                0x0010e2c8                __malloc_unlock
                0x0010e2c4                __malloc_lock
 .text          0x0010e2cc       0x60 /cygdrive/C/cygwin/GNUARM/bin/../lib/gcc/arm-elf/4.0.2/../../../../arm-elf/lib/thumb/interwork/libc.a(strcpy.o)
                0x0010e2cc                strcpy
 .text          0x0010e32c       0x48 /cygdrive/C/cygwin/GNUARM/bin/../lib/gcc/arm-elf/4.0.2/../../../../arm-elf/lib/thumb/interwork/libc.a(strlen.o)
                0x0010e32c                strlen
 .text          0x0010e374       0x84 /cygdrive/C/cygwin/GNUARM/bin/../lib/gcc/arm-elf/4.0.2/../../../../arm-elf/lib/thumb/interwork/libc.a(strncpy.o)
                0x0010e374                strncpy
 .text          0x0010e3f8      0x260 /cygdrive/C/cygwin/GNUARM/bin/../lib/gcc/arm-elf/4.0.2/../../../../arm-elf/lib/thumb/interwork/libc.a(freer.o)
                0x0010e498                _free_r
                0x0010e3f8                _malloc_trim_r
 .glue_7        0x0010e658       0x30 /cygdrive/C/cygwin/GNUARM/bin/../lib/gcc/arm-elf/4.0.2/../../../../arm-elf/lib/thumb/interwork/libc.a(freer.o)
                0x0010e670                __call_posttaskhook_from_arm
                0x0010e659                __ecrobot_debug1_from_arm
                0x0010e665                __ecrobot_debug2_from_arm
                0x0010e67c                __call_pretaskhook_from_arm
 .glue_7t       0x0010e688       0x90 /cygdrive/C/cygwin/GNUARM/bin/../lib/gcc/arm-elf/4.0.2/../../../../arm-elf/lib/thumb/interwork/libc.a(freer.o)
                0x0010e6b4                __start_change_to_arm
                0x0010e700                __interrupts_get_and_disable_from_thumb
                0x0010e6f9                ____gtdf2_from_thumb
                0x0010e6a9                __exit_and_dispatch_from_thumb
                0x0010e6bc                ____fixsfsi_change_to_arm
                0x0010e6b8                ____fixsfsi_from_thumb
                0x0010e6c0                ____floatsisf_from_thumb
                0x0010e6ac                __exit_and_dispatch_change_to_arm
                0x0010e688                __disable_int_from_thumb
                0x0010e6a0                __start_dispatch_from_thumb
                0x0010e6e0                ____ltsf2_from_thumb
                0x0010e6b0                __start_from_thumb
                0x0010e6f4                ____muldf3_change_to_arm
                0x0010e690                __enable_int_from_thumb
                0x0010e699                __dispatch_from_thumb
                0x0010e70c                __interrupts_enable_change_to_arm
                0x0010e6d8                ____gtsf2_from_thumb
                0x0010e704                __interrupts_get_and_disable_change_to_arm
                0x0010e69c                __dispatch_change_to_arm
                0x0010e6d4                ____mulsf3_change_to_arm
                0x0010e6fc                ____gtdf2_change_to_arm
                0x0010e6e9                ____floatsidf_from_thumb
                0x0010e6c4                ____floatsisf_change_to_arm
                0x0010e711                __display_bios_status_from_thumb
                0x0010e6c8                ____subsf3_from_thumb
                0x0010e6dc                ____gtsf2_change_to_arm
                0x0010e68c                __disable_int_change_to_arm
                0x0010e6e4                ____ltsf2_change_to_arm
                0x0010e6d0                ____mulsf3_from_thumb
                0x0010e6f1                ____muldf3_from_thumb
                0x0010e6cc                ____subsf3_change_to_arm
                0x0010e694                __enable_int_change_to_arm
                0x0010e6ec                ____floatsidf_change_to_arm
                0x0010e708                __interrupts_enable_from_thumb
                0x0010e714                __display_bios_status_change_to_arm
                0x0010e6a4                __start_dispatch_change_to_arm
                0x0010e720                . = ALIGN (0x10)
 *fill*         0x0010e718        0x8 00
 *(*.rodata *.rodata.*)
 .rodata.tinib_stksz
                0x0010e720        0x2 build/./kernel_cfg.o
                0x0010e720                tinib_stksz
 *fill*         0x0010e722        0x2 00
 .rodata.tinib_stk
                0x0010e724        0x4 build/./kernel_cfg.o
                0x0010e724                tinib_stk
 .rodata.tinib_task
                0x0010e728        0x4 build/./kernel_cfg.o
                0x0010e728                tinib_task
 .rodata.tinib_autoact
                0x0010e72c        0x1 build/./kernel_cfg.o
                0x0010e72c                tinib_autoact
 .rodata.tinib_exepri
                0x0010e72d        0x1 build/./kernel_cfg.o
                0x0010e72d                tinib_exepri
 .rodata.tinib_inipri
                0x0010e72e        0x1 build/./kernel_cfg.o
                0x0010e72e                tinib_inipri
 .rodata.tnum_exttask
                0x0010e72f        0x1 build/./kernel_cfg.o
                0x0010e72f                tnum_exttask
 .rodata.tnum_task
                0x0010e730        0x1 build/./kernel_cfg.o
                0x0010e730                tnum_task
 *fill*         0x0010e731        0x3 00
 .rodata.exec_addr
                0x0010e734        0x4 build/ecrobot_base.o
                0x0010e734                exec_addr
 .rodata.str1.4
                0x0010e738       0x80 build/ecrobot_base.o
 .rodata.str1.4
                0x0010e7b8       0x26 build/UI.o
                                 0x28 (size before relaxing)
 *fill*         0x0010e7de        0x2 00
 .rodata.str1.4
                0x0010e7e0       0x11 build/Main.o
                                 0x14 (size before relaxing)
 *fill*         0x0010e7f1        0x3 00
 .rodata.str1.4
                0x0010e7f4        0x2 /cygdrive/C/cygwin/GNUARM/bin/../lib/gcc/arm-elf/4.0.2/../../../../arm-elf/lib/thumb/interwork/libc.a(impure.o)
                                  0x4 (size before relaxing)
                0x0010e800                . = ALIGN (0x10)
 *fill*         0x0010e7f6        0xa 00
 *(*.gnu.linkonce.* .gcc_except_table)
                0x0010e800                . = ALIGN (0x10)

.tors           0x0010e800        0x0
                0x0010e800                . = ALIGN (0x10)
                0x0010e800                __ctor_begin = .
 *(*.ctors*)
                0x0010e800                __ctor_end = .
                0x0010e800                . = ALIGN (0x10)
                0x0010e800                __dtor_begin = .
 *(*.dtors*)
                0x0010e800                __dtor_end = .
                0x0010e800                . = ALIGN (0x10)
                0x0010e800                __rom_end__ = __dtor_end

.bss            0x00203bf0     0x13d0
 *(*.bss *.bss.*)
 .bss.ready_primap
                0x00203bf0        0x2 build/kernel/task.o
 .bss.ready_queue_last
                0x00203bf2       0x10 build/kernel/task.o
 .bss.ready_queue_first
                0x00203c02       0x10 build/kernel/task.o
 *fill*         0x00203c12        0x2 00
 .bss._stack_TaskMain
                0x00203c14      0x200 build/./kernel_cfg.o
 .bss.heap_ptr  0x00203e14        0x4 build/syscalls.o
 .bss.receiveBuf
                0x00203e18       0x80 build/ecrobot_bluetooth.o
 .bss.sendBuf   0x00203e98      0x100 build/ecrobot_bluetooth.o
 .bss.handle    0x00203f98        0x1 build/ecrobot_bluetooth.o
 *fill*         0x00203f99        0x3 00
 .bss.status_bar_position
                0x00203f9c        0x4 build/ecrobot_base.o
 .bss.last_act_time.2742
                0x00203fa0        0x4 build/ecrobot_base.o
 .bss.lcd.2671  0x00203fa4      0x320 build/ecrobot_base.o
 .bss.OS_flag   0x002042c4        0x4 build/ecrobot_base.o
 .bss.status_bar
                0x002042c8       0x10 build/ecrobot_base.o
 .bss.buttons_i
                0x002042d8        0x4 /usr/include/../../../../nxtOSEK/ecrobot/../ecrobot/libecrobot.a(ecrobot_interface.o)
 .bss.buttons_states
                0x002042dc       0x14 /usr/include/../../../../nxtOSEK/ecrobot/../ecrobot/libecrobot.a(ecrobot_interface.o)
 .bss.ecrobot_inputs
                0x002042f0        0x8 /usr/include/../../../../nxtOSEK/ecrobot/../ecrobot/libecrobot.a(ecrobot_interface.o)
 .bss.systick_ms
                0x002042f8        0x4 /usr/include/../../../../nxtOSEK/ecrobot/../ecrobot/libecrobot.a(systick.oram)
 .bss.delayedEnable
                0x002042fc        0x1 /usr/include/../../../../nxtOSEK/ecrobot/../ecrobot/libecrobot.a(udp.oram)
 *fill*         0x002042fd        0x3 00
 .bss.outCnt    0x00204300        0x4 /usr/include/../../../../nxtOSEK/ecrobot/../ecrobot/libecrobot.a(udp.oram)
 .bss.outPtr    0x00204304        0x4 /usr/include/../../../../nxtOSEK/ecrobot/../ecrobot/libecrobot.a(udp.oram)
 .bss.newAddress
                0x00204308        0x4 /usr/include/../../../../nxtOSEK/ecrobot/../ecrobot/libecrobot.a(udp.oram)
 .bss.currentRxBank
                0x0020430c        0x4 /usr/include/../../../../nxtOSEK/ecrobot/../ecrobot/libecrobot.a(udp.oram)
 .bss.currentFeatures
                0x00204310        0x4 /usr/include/../../../../nxtOSEK/ecrobot/../ecrobot/libecrobot.a(udp.oram)
 .bss.currentConfig
                0x00204314        0x1 /usr/include/../../../../nxtOSEK/ecrobot/../ecrobot/libecrobot.a(udp.oram)
 *fill*         0x00204315        0x3 00
 .bss.twi_mask  0x00204318        0x4 /usr/include/../../../../nxtOSEK/ecrobot/../ecrobot/libecrobot.a(twi.oram)
 .bss.twi_ptr   0x0020431c        0x4 /usr/include/../../../../nxtOSEK/ecrobot/../ecrobot/libecrobot.a(twi.oram)
 .bss.twi_pending
                0x00204320        0x4 /usr/include/../../../../nxtOSEK/ecrobot/../ecrobot/libecrobot.a(twi.oram)
 .bss.twi_state
                0x00204324        0x4 /usr/include/../../../../nxtOSEK/ecrobot/../ecrobot/libecrobot.a(twi.oram)
 .bss.page      0x00204328        0x1 /usr/include/../../../../nxtOSEK/ecrobot/../ecrobot/libecrobot.a(nxt_spi.oram)
                0x00204328                page
 .bss.dirty     0x00204329        0x1 /usr/include/../../../../nxtOSEK/ecrobot/../ecrobot/libecrobot.a(nxt_spi.oram)
                0x00204329                dirty
 *fill*         0x0020432a        0x2 00
 .bss.display   0x0020432c        0x4 /usr/include/../../../../nxtOSEK/ecrobot/../ecrobot/libecrobot.a(nxt_spi.oram)
                0x0020432c                display
 .bss.interrupts_this_period
                0x00204330        0x4 /usr/include/../../../../nxtOSEK/ecrobot/../ecrobot/libecrobot.a(nxt_motors.oram)
 .bss.nxt_motor_initialised
                0x00204334        0x4 /usr/include/../../../../nxtOSEK/ecrobot/../ecrobot/libecrobot.a(nxt_motors.oram)
 .bss.motor     0x00204338       0x30 /usr/include/../../../../nxtOSEK/ecrobot/../ecrobot/libecrobot.a(nxt_motors.oram)
 .bss.display_tick
                0x00204368        0x4 /usr/include/../../../../nxtOSEK/ecrobot/../ecrobot/libecrobot.a(display.oram)
                0x00204368                display_tick
 .bss.display_array
                0x0020436c      0x388 /usr/include/../../../../nxtOSEK/ecrobot/../ecrobot/libecrobot.a(display.oram)
 .bss.i2c_int_count
                0x002046f4        0x4 /usr/include/../../../../nxtOSEK/ecrobot/../ecrobot/libecrobot.a(i2c.oram)
 .bss.i2c_port  0x002046f8      0x170 /usr/include/../../../../nxtOSEK/ecrobot/../ecrobot/libecrobot.a(i2c.oram)
 .bss.sound_mode
                0x00204868        0x1 /usr/include/../../../../nxtOSEK/ecrobot/../ecrobot/libecrobot.a(sound.oram)
                0x00204868                sound_mode
 *fill*         0x00204869        0x3 00
 .bss.in_buf_idx
                0x0020486c        0x4 /usr/include/../../../../nxtOSEK/ecrobot/../ecrobot/libecrobot.a(bt.oram)
 .bss.buf_ptr   0x00204870        0x4 /usr/include/../../../../nxtOSEK/ecrobot/../ecrobot/libecrobot.a(bt.oram)
 .bss.out_buf   0x00204874      0x200 /usr/include/../../../../nxtOSEK/ecrobot/../ecrobot/libecrobot.a(bt.oram)
 .bss.out_buf_ptr
                0x00204a74        0x1 /usr/include/../../../../nxtOSEK/ecrobot/../ecrobot/libecrobot.a(bt.oram)
 .bss.in_buf_in_ptr
                0x00204a75        0x1 /usr/include/../../../../nxtOSEK/ecrobot/../ecrobot/libecrobot.a(bt.oram)
 .bss.in_buf    0x00204a76      0x100 /usr/include/../../../../nxtOSEK/ecrobot/../ecrobot/libecrobot.a(bt.oram)
 *fill*         0x00204b76        0x2 00
 .bss.link_state
                0x00204b78        0x4 /usr/include/../../../../nxtOSEK/ecrobot/../ecrobot/libecrobot.a(nxt_avr.oram)
 .bss.update_count
                0x00204b7c        0x4 /usr/include/../../../../nxtOSEK/ecrobot/../ecrobot/libecrobot.a(nxt_avr.oram)
 .bss.nxt_avr_stats
                0x00204b80       0x14 /usr/include/../../../../nxtOSEK/ecrobot/../ecrobot/libecrobot.a(nxt_avr.oram)
 .bss.debounce_cnt
                0x00204b94        0x2 /usr/include/../../../../nxtOSEK/ecrobot/../ecrobot/libecrobot.a(nxt_avr.oram)
 .bss.debounce_state
                0x00204b96        0x2 /usr/include/../../../../nxtOSEK/ecrobot/../ecrobot/libecrobot.a(nxt_avr.oram)
 .bss.button_state
                0x00204b98        0x2 /usr/include/../../../../nxtOSEK/ecrobot/../ecrobot/libecrobot.a(nxt_avr.oram)
 .bss.prev_buttons
                0x00204b9a        0x2 /usr/include/../../../../nxtOSEK/ecrobot/../ecrobot/libecrobot.a(nxt_avr.oram)
 .bss.from_buf  0x00204b9c        0x4 /usr/include/../../../../nxtOSEK/ecrobot/../ecrobot/libecrobot.a(nxt_avr.oram)
 .bss.io_from_avr
                0x00204ba0        0x4 /usr/include/../../../../nxtOSEK/ecrobot/../ecrobot/libecrobot.a(nxt_avr.oram)
 .bss.data_from_avr
                0x00204ba4       0x1a /usr/include/../../../../nxtOSEK/ecrobot/../ecrobot/libecrobot.a(nxt_avr.oram)
 .bss.data_to_avr
                0x00204bbe        0x9 /usr/include/../../../../nxtOSEK/ecrobot/../ecrobot/libecrobot.a(nxt_avr.oram)
 .bss.io_to_avr
                0x00204bc7        0x8 /usr/include/../../../../nxtOSEK/ecrobot/../ecrobot/libecrobot.a(nxt_avr.oram)
 *fill*         0x00204bcf        0x1 00
 .bss.display   0x00204bd0        0x4 /usr/include/../../../../nxtOSEK/ecrobot/../ecrobot/libecrobot.a(nxt_lcd.oram)
 .bss           0x00204bd4       0x34 /cygdrive/C/cygwin/GNUARM/bin/../lib/gcc/arm-elf/4.0.2/../../../../arm-elf/lib/thumb/interwork/libc.a(mallocr.o)
                0x00204c04                __malloc_top_pad
                0x00204c00                __malloc_max_sbrked_mem
                0x00204bd4                __malloc_current_mallinfo
                0x00204bfc                __malloc_max_total_mem
                0x00204c10                . = ALIGN (0x10)
 *fill*         0x00204c08        0x8 00
                0x00204c10                __bss_end__ = .
 COMMON         0x00204c10        0x2 build/kernel/interrupt.o
                0x00204c10                runisr
                0x00204c11                sus_all_cnt
 *fill*         0x00204c12        0x2 00
 COMMON         0x00204c14       0x10 build/kernel/osctl.o
                0x00204c14                callevel
                0x00204c15                _errorhook_svcid
                0x00204c16                appmode
                0x00204c18                _errorhook_par1
                0x00204c1c                _errorhook_par3
                0x00204c20                _errorhook_par2
 COMMON         0x00204c24        0x3 build/kernel/task.o
                0x00204c24                runtsk
                0x00204c25                schedtsk
                0x00204c26                nextpri
 *fill*         0x00204c27        0x1 00
 COMMON         0x00204c28       0x2c build/./kernel_cfg.o
                0x00204c28                tcb_waievt
                0x00204c2c                rescb_prevpri
                0x00204c2d                almcb_prev
                0x00204c2e                tcb_lastres
                0x00204c30                almcb_almval
                0x00204c34                tcxb_pc
                0x00204c38                tcb_next
                0x00204c39                tcb_curpri
                0x00204c3a                tcb_tstat
                0x00204c3b                isrcb_lastres
                0x00204c3c                cntcb_almque
                0x00204c3d                rescb_prevres
                0x00204c3e                tcb_actcnt
                0x00204c40                tcb_curevt
                0x00204c44                almcb_cycle
                0x00204c48                tcxb_sp
                0x00204c4c                almcb_next
                0x00204c50                cntcb_curval
 COMMON         0x00204c54       0x44 /usr/include/../../../../nxtOSEK/ecrobot/../ecrobot/libecrobot.a(uart.oram)
                0x00204c54                uart
 COMMON         0x00204c98        0x4 /usr/include/../../../../nxtOSEK/ecrobot/../ecrobot/libecrobot.a(data_abort.oram)
                0x00204c98                data_abort_pc
 COMMON         0x00204c9c        0x8 /usr/include/../../../../nxtOSEK/ecrobot/../ecrobot/libecrobot.a(display.oram)
                0x00204c9c                display_x
                0x00204ca0                display_y
 COMMON         0x00204ca4      0x31c /usr/include/../../../../nxtOSEK/ecrobot/../ecrobot/libecrobot.a(sound.oram)
                0x00204ca4                sample
                0x00203bf0                __bss_start__ = ADDR (.bss)
                0x00204fc0                __bss_end__ = (ADDR (.bss) + SIZEOF (.bss))
                0x00204fc0                PROVIDE (end, .)

.heap_area      0x00204fc0     0xabb8
                0x0020fb78                . = (. + (0x20fb78 - end))
 *fill*         0x00204fc0     0xabb8 00

.stack          0x0020fb78      0x488
                0x0020fbf8                . = (. + 0x80)
 *fill*         0x0020fb78       0x80 00
                0x0020fc00                . = ALIGN (0x10)
 *fill*         0x0020fbf8        0x8 00
                0x0020fc00                __irq_stack__ = .
                0x0020fc00                __system_stack_bottom__ = .
                0x00210000                . = (. + 0x400)
 *fill*         0x0020fc00      0x400 00
                0x00210000                . = ALIGN (0x10)
                0x00210000                __system_stack__ = .
                0x00210000                __system_stack_top__ = .
                0x0020fb78                __stack_start__ = ADDR (.stack)
                0x00210000                __stack_end__ = (ADDR (.stack) + SIZEOF (.stack))
OUTPUT(oka++_rom.elf elf32-littlearm)

.comment        0x00000000      0x438
 .comment       0x00000000       0x12 build/kernel/alarm.o
 .comment       0x00000012       0x12 build/kernel/event.o
 .comment       0x00000024       0x12 build/kernel/interrupt.o
 .comment       0x00000036       0x12 build/kernel/osctl.o
 .comment       0x00000048       0x12 build/kernel/resource.o
 .comment       0x0000005a       0x12 build/kernel/task.o
 .comment       0x0000006c       0x12 build/kernel/task_manage.o
 .comment       0x0000007e       0x12 build/config/at91sam7s-gnu/cpu_config.o
 .comment       0x00000090       0x12 build/config/at91sam7s-gnu/lego_nxt/sys_config.o
 .comment       0x000000a2       0x12 build/./kernel_cfg.o
 .comment       0x000000b4       0x12 build/rtoscalls.o
 .comment       0x000000c6       0x12 build/syscalls.o
 .comment       0x000000d8       0x12 build/ecrobot_bluetooth.o
 .comment       0x000000ea       0x12 build/ecrobot_base.o
 .comment       0x000000fc       0x12 build/ecrobot.o
 .comment       0x0000010e       0x12 build/syslib/at91sam7s-gnu/lego_nxt/hw_sys_timer.oram
 .comment       0x00000120       0x12 build/UI.o
 .comment       0x00000132       0x12 build/TouchSensor.o
 .comment       0x00000144       0x12 build/Control.o
 .comment       0x00000156       0x12 build/Motor.o
 .comment       0x00000168       0x12 build/Tail.o
 .comment       0x0000017a       0x12 build/Main.o
 .comment       0x0000018c       0x12 /usr/include/../../../../nxtOSEK/ecrobot/../ecrobot/libecrobot++.a(New.o)
 .comment       0x0000019e       0x12 /usr/include/../../../../nxtOSEK/ecrobot/../ecrobot/libecrobot.a(ecrobot_interface.o)
 .comment       0x000001b0       0x12 /usr/include/../../../../nxtOSEK/ecrobot/../ecrobot/libecrobot.a(colorsensor.o)
 .comment       0x000001c2       0x12 /usr/include/../../../../nxtOSEK/ecrobot/../ecrobot/libecrobot.a(osek_hook.o)
 .comment       0x000001d4       0x12 /usr/include/../../../../nxtOSEK/ecrobot/../ecrobot/libecrobot.a(uart.oram)
 .comment       0x000001e6       0x12 /usr/include/../../../../nxtOSEK/ecrobot/../ecrobot/libecrobot.a(systick.oram)
 .comment       0x000001f8       0x12 /usr/include/../../../../nxtOSEK/ecrobot/../ecrobot/libecrobot.a(byte_fifo.oram)
 .comment       0x0000020a       0x12 /usr/include/../../../../nxtOSEK/ecrobot/../ecrobot/libecrobot.a(aic.oram)
 .comment       0x0000021c       0x12 /usr/include/../../../../nxtOSEK/ecrobot/../ecrobot/libecrobot.a(udp.oram)
 .comment       0x0000022e       0x12 /usr/include/../../../../nxtOSEK/ecrobot/../ecrobot/libecrobot.a(twi.oram)
 .comment       0x00000240       0x12 /usr/include/../../../../nxtOSEK/ecrobot/../ecrobot/libecrobot.a(nxt_spi.oram)
 .comment       0x00000252       0x12 /usr/include/../../../../nxtOSEK/ecrobot/../ecrobot/libecrobot.a(nxt_motors.oram)
 .comment       0x00000264       0x12 /usr/include/../../../../nxtOSEK/ecrobot/../ecrobot/libecrobot.a(data_abort.oram)
 .comment       0x00000276       0x12 /usr/include/../../../../nxtOSEK/ecrobot/../ecrobot/libecrobot.a(display.oram)
 .comment       0x00000288       0x12 /usr/include/../../../../nxtOSEK/ecrobot/../ecrobot/libecrobot.a(i2c.oram)
 .comment       0x0000029a       0x12 /usr/include/../../../../nxtOSEK/ecrobot/../ecrobot/libecrobot.a(sound.oram)
 .comment       0x000002ac       0x12 /usr/include/../../../../nxtOSEK/ecrobot/../ecrobot/libecrobot.a(bt.oram)
 .comment       0x000002be       0x12 /usr/include/../../../../nxtOSEK/ecrobot/../ecrobot/libecrobot.a(nxt_avr.oram)
 .comment       0x000002d0       0x12 /usr/include/../../../../nxtOSEK/ecrobot/../ecrobot/libecrobot.a(sensors.oram)
 .comment       0x000002e2       0x12 /usr/include/../../../../nxtOSEK/ecrobot/../ecrobot/libecrobot.a(sensors1.oram)
 .comment       0x000002f4       0x12 /usr/include/../../../../nxtOSEK/ecrobot/../ecrobot/libecrobot.a(nxt_lcd.oram)
 .comment       0x00000306       0x12 /usr/include/../../../../nxtOSEK/ecrobot/../ecrobot/libecrobot.a(flash_loader.oram)
 .comment       0x00000318       0x12 /usr/include/../../../../nxtOSEK/ecrobot/../ecrobot/libecrobot.a(ecrobot_usb.o)
 .comment       0x0000032a       0x12 /usr/include/../../../../nxtOSEK/ecrobot/../ecrobot/libecrobot.a(flashprog.oram)
 .comment       0x0000033c       0x12 /cygdrive/C/cygwin/GNUARM/bin/../lib/gcc/arm-elf/4.0.2/thumb/interwork/libgcc.a(_muldi3.o)
 .comment       0x0000034e       0x12 /cygdrive/C/cygwin/GNUARM/bin/../lib/gcc/arm-elf/4.0.2/thumb/interwork/libgcc.a(_divdi3.o)
 .comment       0x00000360       0x12 /cygdrive/C/cygwin/GNUARM/bin/../lib/gcc/arm-elf/4.0.2/thumb/interwork/libgcc.a(_clz.o)
 .comment       0x00000372       0x12 /cygdrive/C/cygwin/GNUARM/bin/../lib/gcc/arm-elf/4.0.2/../../../../arm-elf/lib/thumb/interwork/libc.a(malloc.o)
 .comment       0x00000384       0x12 /cygdrive/C/cygwin/GNUARM/bin/../lib/gcc/arm-elf/4.0.2/../../../../arm-elf/lib/thumb/interwork/libc.a(mallocr.o)
 .comment       0x00000396       0x12 /cygdrive/C/cygwin/GNUARM/bin/../lib/gcc/arm-elf/4.0.2/../../../../arm-elf/lib/thumb/interwork/libc.a(memcpy.o)
 .comment       0x000003a8       0x12 /cygdrive/C/cygwin/GNUARM/bin/../lib/gcc/arm-elf/4.0.2/../../../../arm-elf/lib/thumb/interwork/libc.a(memset.o)
 .comment       0x000003ba       0x12 /cygdrive/C/cygwin/GNUARM/bin/../lib/gcc/arm-elf/4.0.2/../../../../arm-elf/lib/thumb/interwork/libc.a(mlock.o)
 .comment       0x000003cc       0x12 /cygdrive/C/cygwin/GNUARM/bin/../lib/gcc/arm-elf/4.0.2/../../../../arm-elf/lib/thumb/interwork/libc.a(strcmp.o)
 .comment       0x000003de       0x12 /cygdrive/C/cygwin/GNUARM/bin/../lib/gcc/arm-elf/4.0.2/../../../../arm-elf/lib/thumb/interwork/libc.a(strcpy.o)
 .comment       0x000003f0       0x12 /cygdrive/C/cygwin/GNUARM/bin/../lib/gcc/arm-elf/4.0.2/../../../../arm-elf/lib/thumb/interwork/libc.a(strlen.o)
 .comment       0x00000402       0x12 /cygdrive/C/cygwin/GNUARM/bin/../lib/gcc/arm-elf/4.0.2/../../../../arm-elf/lib/thumb/interwork/libc.a(strncpy.o)
 .comment       0x00000414       0x12 /cygdrive/C/cygwin/GNUARM/bin/../lib/gcc/arm-elf/4.0.2/../../../../arm-elf/lib/thumb/interwork/libc.a(freer.o)
 .comment       0x00000426       0x12 /cygdrive/C/cygwin/GNUARM/bin/../lib/gcc/arm-elf/4.0.2/../../../../arm-elf/lib/thumb/interwork/libc.a(impure.o)

.debug_line     0x00000000     0x151e
 .debug_line    0x00000000       0x70 /cygdrive/C/cygwin/GNUARM/bin/../lib/gcc/arm-elf/4.0.2/thumb/interwork/libgcc.a(_udivsi3.o)
 .debug_line    0x00000070       0x7c /cygdrive/C/cygwin/GNUARM/bin/../lib/gcc/arm-elf/4.0.2/thumb/interwork/libgcc.a(_divsi3.o)
 .debug_line    0x000000ec       0x68 /cygdrive/C/cygwin/GNUARM/bin/../lib/gcc/arm-elf/4.0.2/thumb/interwork/libgcc.a(_umodsi3.o)
 .debug_line    0x00000154       0x71 /cygdrive/C/cygwin/GNUARM/bin/../lib/gcc/arm-elf/4.0.2/thumb/interwork/libgcc.a(_modsi3.o)
 .debug_line    0x000001c5       0x5a /cygdrive/C/cygwin/GNUARM/bin/../lib/gcc/arm-elf/4.0.2/thumb/interwork/libgcc.a(_dvmd_tls.o)
 .debug_line    0x0000021f      0x162 /cygdrive/C/cygwin/GNUARM/bin/../lib/gcc/arm-elf/4.0.2/thumb/interwork/libgcc.a(_addsubdf3.o)
 .debug_line    0x00000381      0x177 /cygdrive/C/cygwin/GNUARM/bin/../lib/gcc/arm-elf/4.0.2/thumb/interwork/libgcc.a(_muldivdf3.o)
 .debug_line    0x000004f8       0xa4 /cygdrive/C/cygwin/GNUARM/bin/../lib/gcc/arm-elf/4.0.2/thumb/interwork/libgcc.a(_cmpdf2.o)
 .debug_line    0x0000059c      0x110 /cygdrive/C/cygwin/GNUARM/bin/../lib/gcc/arm-elf/4.0.2/thumb/interwork/libgcc.a(_addsubsf3.o)
 .debug_line    0x000006ac      0x11a /cygdrive/C/cygwin/GNUARM/bin/../lib/gcc/arm-elf/4.0.2/thumb/interwork/libgcc.a(_muldivsf3.o)
 .debug_line    0x000007c6       0x98 /cygdrive/C/cygwin/GNUARM/bin/../lib/gcc/arm-elf/4.0.2/thumb/interwork/libgcc.a(_cmpsf2.o)
 .debug_line    0x0000085e       0x6f /cygdrive/C/cygwin/GNUARM/bin/../lib/gcc/arm-elf/4.0.2/thumb/interwork/libgcc.a(_fixsfsi.o)
 .debug_line    0x000008cd       0x61 /cygdrive/C/cygwin/GNUARM/bin/../lib/gcc/arm-elf/4.0.2/thumb/interwork/libgcc.a(_muldi3.o)
 .debug_line    0x0000092e      0x122 /cygdrive/C/cygwin/GNUARM/bin/../lib/gcc/arm-elf/4.0.2/thumb/interwork/libgcc.a(_divdi3.o)
 .debug_line    0x00000a50       0x48 /cygdrive/C/cygwin/GNUARM/bin/../lib/gcc/arm-elf/4.0.2/thumb/interwork/libgcc.a(_clz.o)
 .debug_line    0x00000a98       0xfd /cygdrive/C/cygwin/GNUARM/bin/../lib/gcc/arm-elf/4.0.2/../../../../arm-elf/lib/thumb/interwork/libc.a(malloc.o)
 .debug_line    0x00000b95      0x23d /cygdrive/C/cygwin/GNUARM/bin/../lib/gcc/arm-elf/4.0.2/../../../../arm-elf/lib/thumb/interwork/libc.a(mallocr.o)
 .debug_line    0x00000dd2       0xc3 /cygdrive/C/cygwin/GNUARM/bin/../lib/gcc/arm-elf/4.0.2/../../../../arm-elf/lib/thumb/interwork/libc.a(memcpy.o)
 .debug_line    0x00000e95       0xd4 /cygdrive/C/cygwin/GNUARM/bin/../lib/gcc/arm-elf/4.0.2/../../../../arm-elf/lib/thumb/interwork/libc.a(memset.o)
 .debug_line    0x00000f69       0xf5 /cygdrive/C/cygwin/GNUARM/bin/../lib/gcc/arm-elf/4.0.2/../../../../arm-elf/lib/thumb/interwork/libc.a(mlock.o)
 .debug_line    0x0000105e       0x88 /cygdrive/C/cygwin/GNUARM/bin/../lib/gcc/arm-elf/4.0.2/../../../../arm-elf/lib/thumb/interwork/libc.a(strcmp.o)
 .debug_line    0x000010e6       0x80 /cygdrive/C/cygwin/GNUARM/bin/../lib/gcc/arm-elf/4.0.2/../../../../arm-elf/lib/thumb/interwork/libc.a(strcpy.o)
 .debug_line    0x00001166       0xaf /cygdrive/C/cygwin/GNUARM/bin/../lib/gcc/arm-elf/4.0.2/../../../../arm-elf/lib/thumb/interwork/libc.a(strlen.o)
 .debug_line    0x00001215       0xc2 /cygdrive/C/cygwin/GNUARM/bin/../lib/gcc/arm-elf/4.0.2/../../../../arm-elf/lib/thumb/interwork/libc.a(strncpy.o)
 .debug_line    0x000012d7      0x164 /cygdrive/C/cygwin/GNUARM/bin/../lib/gcc/arm-elf/4.0.2/../../../../arm-elf/lib/thumb/interwork/libc.a(freer.o)
 .debug_line    0x0000143b       0xe3 /cygdrive/C/cygwin/GNUARM/bin/../lib/gcc/arm-elf/4.0.2/../../../../arm-elf/lib/thumb/interwork/libc.a(impure.o)

.debug_info     0x00000000     0x4943
 .debug_info    0x00000000       0x6a /cygdrive/C/cygwin/GNUARM/bin/../lib/gcc/arm-elf/4.0.2/thumb/interwork/libgcc.a(_udivsi3.o)
 .debug_info    0x0000006a       0x6a /cygdrive/C/cygwin/GNUARM/bin/../lib/gcc/arm-elf/4.0.2/thumb/interwork/libgcc.a(_divsi3.o)
 .debug_info    0x000000d4       0x6a /cygdrive/C/cygwin/GNUARM/bin/../lib/gcc/arm-elf/4.0.2/thumb/interwork/libgcc.a(_umodsi3.o)
 .debug_info    0x0000013e       0x6a /cygdrive/C/cygwin/GNUARM/bin/../lib/gcc/arm-elf/4.0.2/thumb/interwork/libgcc.a(_modsi3.o)
 .debug_info    0x000001a8       0x6a /cygdrive/C/cygwin/GNUARM/bin/../lib/gcc/arm-elf/4.0.2/thumb/interwork/libgcc.a(_dvmd_tls.o)
 .debug_info    0x00000212       0x69 /cygdrive/C/cygwin/GNUARM/bin/../lib/gcc/arm-elf/4.0.2/thumb/interwork/libgcc.a(_addsubdf3.o)
 .debug_info    0x0000027b       0x69 /cygdrive/C/cygwin/GNUARM/bin/../lib/gcc/arm-elf/4.0.2/thumb/interwork/libgcc.a(_muldivdf3.o)
 .debug_info    0x000002e4       0x69 /cygdrive/C/cygwin/GNUARM/bin/../lib/gcc/arm-elf/4.0.2/thumb/interwork/libgcc.a(_cmpdf2.o)
 .debug_info    0x0000034d       0x69 /cygdrive/C/cygwin/GNUARM/bin/../lib/gcc/arm-elf/4.0.2/thumb/interwork/libgcc.a(_addsubsf3.o)
 .debug_info    0x000003b6       0x69 /cygdrive/C/cygwin/GNUARM/bin/../lib/gcc/arm-elf/4.0.2/thumb/interwork/libgcc.a(_muldivsf3.o)
 .debug_info    0x0000041f       0x69 /cygdrive/C/cygwin/GNUARM/bin/../lib/gcc/arm-elf/4.0.2/thumb/interwork/libgcc.a(_cmpsf2.o)
 .debug_info    0x00000488       0x69 /cygdrive/C/cygwin/GNUARM/bin/../lib/gcc/arm-elf/4.0.2/thumb/interwork/libgcc.a(_fixsfsi.o)
 .debug_info    0x000004f1      0x20e /cygdrive/C/cygwin/GNUARM/bin/../lib/gcc/arm-elf/4.0.2/thumb/interwork/libgcc.a(_muldi3.o)
 .debug_info    0x000006ff      0x758 /cygdrive/C/cygwin/GNUARM/bin/../lib/gcc/arm-elf/4.0.2/thumb/interwork/libgcc.a(_divdi3.o)
 .debug_info    0x00000e57       0xc9 /cygdrive/C/cygwin/GNUARM/bin/../lib/gcc/arm-elf/4.0.2/thumb/interwork/libgcc.a(_clz.o)
 .debug_info    0x00000f20      0x955 /cygdrive/C/cygwin/GNUARM/bin/../lib/gcc/arm-elf/4.0.2/../../../../arm-elf/lib/thumb/interwork/libc.a(malloc.o)
 .debug_info    0x00001875      0xcbd /cygdrive/C/cygwin/GNUARM/bin/../lib/gcc/arm-elf/4.0.2/../../../../arm-elf/lib/thumb/interwork/libc.a(mallocr.o)
 .debug_info    0x00002532      0x10d /cygdrive/C/cygwin/GNUARM/bin/../lib/gcc/arm-elf/4.0.2/../../../../arm-elf/lib/thumb/interwork/libc.a(memcpy.o)
 .debug_info    0x0000263f      0x111 /cygdrive/C/cygwin/GNUARM/bin/../lib/gcc/arm-elf/4.0.2/../../../../arm-elf/lib/thumb/interwork/libc.a(memset.o)
 .debug_info    0x00002750      0x93e /cygdrive/C/cygwin/GNUARM/bin/../lib/gcc/arm-elf/4.0.2/../../../../arm-elf/lib/thumb/interwork/libc.a(mlock.o)
 .debug_info    0x0000308e       0xd9 /cygdrive/C/cygwin/GNUARM/bin/../lib/gcc/arm-elf/4.0.2/../../../../arm-elf/lib/thumb/interwork/libc.a(strcmp.o)
 .debug_info    0x00003167      0x10c /cygdrive/C/cygwin/GNUARM/bin/../lib/gcc/arm-elf/4.0.2/../../../../arm-elf/lib/thumb/interwork/libc.a(strcpy.o)
 .debug_info    0x00003273       0xd5 /cygdrive/C/cygwin/GNUARM/bin/../lib/gcc/arm-elf/4.0.2/../../../../arm-elf/lib/thumb/interwork/libc.a(strlen.o)
 .debug_info    0x00003348      0x126 /cygdrive/C/cygwin/GNUARM/bin/../lib/gcc/arm-elf/4.0.2/../../../../arm-elf/lib/thumb/interwork/libc.a(strncpy.o)
 .debug_info    0x0000346e      0xbb3 /cygdrive/C/cygwin/GNUARM/bin/../lib/gcc/arm-elf/4.0.2/../../../../arm-elf/lib/thumb/interwork/libc.a(freer.o)
 .debug_info    0x00004021      0x922 /cygdrive/C/cygwin/GNUARM/bin/../lib/gcc/arm-elf/4.0.2/../../../../arm-elf/lib/thumb/interwork/libc.a(impure.o)

.debug_abbrev   0x00000000      0xf22
 .debug_abbrev  0x00000000       0x14 /cygdrive/C/cygwin/GNUARM/bin/../lib/gcc/arm-elf/4.0.2/thumb/interwork/libgcc.a(_udivsi3.o)
 .debug_abbrev  0x00000014       0x14 /cygdrive/C/cygwin/GNUARM/bin/../lib/gcc/arm-elf/4.0.2/thumb/interwork/libgcc.a(_divsi3.o)
 .debug_abbrev  0x00000028       0x14 /cygdrive/C/cygwin/GNUARM/bin/../lib/gcc/arm-elf/4.0.2/thumb/interwork/libgcc.a(_umodsi3.o)
 .debug_abbrev  0x0000003c       0x14 /cygdrive/C/cygwin/GNUARM/bin/../lib/gcc/arm-elf/4.0.2/thumb/interwork/libgcc.a(_modsi3.o)
 .debug_abbrev  0x00000050       0x14 /cygdrive/C/cygwin/GNUARM/bin/../lib/gcc/arm-elf/4.0.2/thumb/interwork/libgcc.a(_dvmd_tls.o)
 .debug_abbrev  0x00000064       0x14 /cygdrive/C/cygwin/GNUARM/bin/../lib/gcc/arm-elf/4.0.2/thumb/interwork/libgcc.a(_addsubdf3.o)
 .debug_abbrev  0x00000078       0x14 /cygdrive/C/cygwin/GNUARM/bin/../lib/gcc/arm-elf/4.0.2/thumb/interwork/libgcc.a(_muldivdf3.o)
 .debug_abbrev  0x0000008c       0x14 /cygdrive/C/cygwin/GNUARM/bin/../lib/gcc/arm-elf/4.0.2/thumb/interwork/libgcc.a(_cmpdf2.o)
 .debug_abbrev  0x000000a0       0x14 /cygdrive/C/cygwin/GNUARM/bin/../lib/gcc/arm-elf/4.0.2/thumb/interwork/libgcc.a(_addsubsf3.o)
 .debug_abbrev  0x000000b4       0x14 /cygdrive/C/cygwin/GNUARM/bin/../lib/gcc/arm-elf/4.0.2/thumb/interwork/libgcc.a(_muldivsf3.o)
 .debug_abbrev  0x000000c8       0x14 /cygdrive/C/cygwin/GNUARM/bin/../lib/gcc/arm-elf/4.0.2/thumb/interwork/libgcc.a(_cmpsf2.o)
 .debug_abbrev  0x000000dc       0x14 /cygdrive/C/cygwin/GNUARM/bin/../lib/gcc/arm-elf/4.0.2/thumb/interwork/libgcc.a(_fixsfsi.o)
 .debug_abbrev  0x000000f0       0xec /cygdrive/C/cygwin/GNUARM/bin/../lib/gcc/arm-elf/4.0.2/thumb/interwork/libgcc.a(_muldi3.o)
 .debug_abbrev  0x000001dc      0x174 /cygdrive/C/cygwin/GNUARM/bin/../lib/gcc/arm-elf/4.0.2/thumb/interwork/libgcc.a(_divdi3.o)
 .debug_abbrev  0x00000350       0x61 /cygdrive/C/cygwin/GNUARM/bin/../lib/gcc/arm-elf/4.0.2/thumb/interwork/libgcc.a(_clz.o)
 .debug_abbrev  0x000003b1      0x187 /cygdrive/C/cygwin/GNUARM/bin/../lib/gcc/arm-elf/4.0.2/../../../../arm-elf/lib/thumb/interwork/libc.a(malloc.o)
 .debug_abbrev  0x00000538      0x214 /cygdrive/C/cygwin/GNUARM/bin/../lib/gcc/arm-elf/4.0.2/../../../../arm-elf/lib/thumb/interwork/libc.a(mallocr.o)
 .debug_abbrev  0x0000074c       0x99 /cygdrive/C/cygwin/GNUARM/bin/../lib/gcc/arm-elf/4.0.2/../../../../arm-elf/lib/thumb/interwork/libc.a(memcpy.o)
 .debug_abbrev  0x000007e5       0x9a /cygdrive/C/cygwin/GNUARM/bin/../lib/gcc/arm-elf/4.0.2/../../../../arm-elf/lib/thumb/interwork/libc.a(memset.o)
 .debug_abbrev  0x0000087f      0x16a /cygdrive/C/cygwin/GNUARM/bin/../lib/gcc/arm-elf/4.0.2/../../../../arm-elf/lib/thumb/interwork/libc.a(mlock.o)
 .debug_abbrev  0x000009e9       0x71 /cygdrive/C/cygwin/GNUARM/bin/../lib/gcc/arm-elf/4.0.2/../../../../arm-elf/lib/thumb/interwork/libc.a(strcmp.o)
 .debug_abbrev  0x00000a5a       0x80 /cygdrive/C/cygwin/GNUARM/bin/../lib/gcc/arm-elf/4.0.2/../../../../arm-elf/lib/thumb/interwork/libc.a(strcpy.o)
 .debug_abbrev  0x00000ada       0x8b /cygdrive/C/cygwin/GNUARM/bin/../lib/gcc/arm-elf/4.0.2/../../../../arm-elf/lib/thumb/interwork/libc.a(strlen.o)
 .debug_abbrev  0x00000b65       0x8d /cygdrive/C/cygwin/GNUARM/bin/../lib/gcc/arm-elf/4.0.2/../../../../arm-elf/lib/thumb/interwork/libc.a(strncpy.o)
 .debug_abbrev  0x00000bf2      0x1d9 /cygdrive/C/cygwin/GNUARM/bin/../lib/gcc/arm-elf/4.0.2/../../../../arm-elf/lib/thumb/interwork/libc.a(freer.o)
 .debug_abbrev  0x00000dcb      0x157 /cygdrive/C/cygwin/GNUARM/bin/../lib/gcc/arm-elf/4.0.2/../../../../arm-elf/lib/thumb/interwork/libc.a(impure.o)

.debug_aranges  0x00000000      0x300
 .debug_aranges
                0x00000000       0x20 /cygdrive/C/cygwin/GNUARM/bin/../lib/gcc/arm-elf/4.0.2/thumb/interwork/libgcc.a(_udivsi3.o)
 .debug_aranges
                0x00000020       0x20 /cygdrive/C/cygwin/GNUARM/bin/../lib/gcc/arm-elf/4.0.2/thumb/interwork/libgcc.a(_divsi3.o)
 .debug_aranges
                0x00000040       0x20 /cygdrive/C/cygwin/GNUARM/bin/../lib/gcc/arm-elf/4.0.2/thumb/interwork/libgcc.a(_umodsi3.o)
 .debug_aranges
                0x00000060       0x20 /cygdrive/C/cygwin/GNUARM/bin/../lib/gcc/arm-elf/4.0.2/thumb/interwork/libgcc.a(_modsi3.o)
 .debug_aranges
                0x00000080       0x20 /cygdrive/C/cygwin/GNUARM/bin/../lib/gcc/arm-elf/4.0.2/thumb/interwork/libgcc.a(_dvmd_tls.o)
 .debug_aranges
                0x000000a0       0x20 /cygdrive/C/cygwin/GNUARM/bin/../lib/gcc/arm-elf/4.0.2/thumb/interwork/libgcc.a(_addsubdf3.o)
 .debug_aranges
                0x000000c0       0x20 /cygdrive/C/cygwin/GNUARM/bin/../lib/gcc/arm-elf/4.0.2/thumb/interwork/libgcc.a(_muldivdf3.o)
 .debug_aranges
                0x000000e0       0x20 /cygdrive/C/cygwin/GNUARM/bin/../lib/gcc/arm-elf/4.0.2/thumb/interwork/libgcc.a(_cmpdf2.o)
 .debug_aranges
                0x00000100       0x20 /cygdrive/C/cygwin/GNUARM/bin/../lib/gcc/arm-elf/4.0.2/thumb/interwork/libgcc.a(_addsubsf3.o)
 .debug_aranges
                0x00000120       0x20 /cygdrive/C/cygwin/GNUARM/bin/../lib/gcc/arm-elf/4.0.2/thumb/interwork/libgcc.a(_muldivsf3.o)
 .debug_aranges
                0x00000140       0x20 /cygdrive/C/cygwin/GNUARM/bin/../lib/gcc/arm-elf/4.0.2/thumb/interwork/libgcc.a(_cmpsf2.o)
 .debug_aranges
                0x00000160       0x20 /cygdrive/C/cygwin/GNUARM/bin/../lib/gcc/arm-elf/4.0.2/thumb/interwork/libgcc.a(_fixsfsi.o)
 .debug_aranges
                0x00000180       0x20 /cygdrive/C/cygwin/GNUARM/bin/../lib/gcc/arm-elf/4.0.2/thumb/interwork/libgcc.a(_muldi3.o)
 .debug_aranges
                0x000001a0       0x20 /cygdrive/C/cygwin/GNUARM/bin/../lib/gcc/arm-elf/4.0.2/thumb/interwork/libgcc.a(_divdi3.o)
 .debug_aranges
                0x000001c0       0x20 /cygdrive/C/cygwin/GNUARM/bin/../lib/gcc/arm-elf/4.0.2/../../../../arm-elf/lib/thumb/interwork/libc.a(malloc.o)
 .debug_aranges
                0x000001e0       0x20 /cygdrive/C/cygwin/GNUARM/bin/../lib/gcc/arm-elf/4.0.2/../../../../arm-elf/lib/thumb/interwork/libc.a(mallocr.o)
 .debug_aranges
                0x00000200       0x20 /cygdrive/C/cygwin/GNUARM/bin/../lib/gcc/arm-elf/4.0.2/../../../../arm-elf/lib/thumb/interwork/libc.a(memcpy.o)
 .debug_aranges
                0x00000220       0x20 /cygdrive/C/cygwin/GNUARM/bin/../lib/gcc/arm-elf/4.0.2/../../../../arm-elf/lib/thumb/interwork/libc.a(memset.o)
 .debug_aranges
                0x00000240       0x20 /cygdrive/C/cygwin/GNUARM/bin/../lib/gcc/arm-elf/4.0.2/../../../../arm-elf/lib/thumb/interwork/libc.a(mlock.o)
 .debug_aranges
                0x00000260       0x20 /cygdrive/C/cygwin/GNUARM/bin/../lib/gcc/arm-elf/4.0.2/../../../../arm-elf/lib/thumb/interwork/libc.a(strcmp.o)
 .debug_aranges
                0x00000280       0x20 /cygdrive/C/cygwin/GNUARM/bin/../lib/gcc/arm-elf/4.0.2/../../../../arm-elf/lib/thumb/interwork/libc.a(strcpy.o)
 .debug_aranges
                0x000002a0       0x20 /cygdrive/C/cygwin/GNUARM/bin/../lib/gcc/arm-elf/4.0.2/../../../../arm-elf/lib/thumb/interwork/libc.a(strlen.o)
 .debug_aranges
                0x000002c0       0x20 /cygdrive/C/cygwin/GNUARM/bin/../lib/gcc/arm-elf/4.0.2/../../../../arm-elf/lib/thumb/interwork/libc.a(strncpy.o)
 .debug_aranges
                0x000002e0       0x20 /cygdrive/C/cygwin/GNUARM/bin/../lib/gcc/arm-elf/4.0.2/../../../../arm-elf/lib/thumb/interwork/libc.a(freer.o)

.debug_frame    0x00000000      0x280
 .debug_frame   0x00000000       0x38 /cygdrive/C/cygwin/GNUARM/bin/../lib/gcc/arm-elf/4.0.2/thumb/interwork/libgcc.a(_muldi3.o)
 .debug_frame   0x00000038       0x3c /cygdrive/C/cygwin/GNUARM/bin/../lib/gcc/arm-elf/4.0.2/thumb/interwork/libgcc.a(_divdi3.o)
 .debug_frame   0x00000074       0x40 /cygdrive/C/cygwin/GNUARM/bin/../lib/gcc/arm-elf/4.0.2/../../../../arm-elf/lib/thumb/interwork/libc.a(malloc.o)
 .debug_frame   0x000000b4       0x3c /cygdrive/C/cygwin/GNUARM/bin/../lib/gcc/arm-elf/4.0.2/../../../../arm-elf/lib/thumb/interwork/libc.a(mallocr.o)
 .debug_frame   0x000000f0       0x2c /cygdrive/C/cygwin/GNUARM/bin/../lib/gcc/arm-elf/4.0.2/../../../../arm-elf/lib/thumb/interwork/libc.a(memcpy.o)
 .debug_frame   0x0000011c       0x2c /cygdrive/C/cygwin/GNUARM/bin/../lib/gcc/arm-elf/4.0.2/../../../../arm-elf/lib/thumb/interwork/libc.a(memset.o)
 .debug_frame   0x00000148       0x30 /cygdrive/C/cygwin/GNUARM/bin/../lib/gcc/arm-elf/4.0.2/../../../../arm-elf/lib/thumb/interwork/libc.a(mlock.o)
 .debug_frame   0x00000178       0x2c /cygdrive/C/cygwin/GNUARM/bin/../lib/gcc/arm-elf/4.0.2/../../../../arm-elf/lib/thumb/interwork/libc.a(strcmp.o)
 .debug_frame   0x000001a4       0x2c /cygdrive/C/cygwin/GNUARM/bin/../lib/gcc/arm-elf/4.0.2/../../../../arm-elf/lib/thumb/interwork/libc.a(strcpy.o)
 .debug_frame   0x000001d0       0x2c /cygdrive/C/cygwin/GNUARM/bin/../lib/gcc/arm-elf/4.0.2/../../../../arm-elf/lib/thumb/interwork/libc.a(strlen.o)
 .debug_frame   0x000001fc       0x30 /cygdrive/C/cygwin/GNUARM/bin/../lib/gcc/arm-elf/4.0.2/../../../../arm-elf/lib/thumb/interwork/libc.a(strncpy.o)
 .debug_frame   0x0000022c       0x54 /cygdrive/C/cygwin/GNUARM/bin/../lib/gcc/arm-elf/4.0.2/../../../../arm-elf/lib/thumb/interwork/libc.a(freer.o)

.debug_loc      0x00000000     0x22c4
 .debug_loc     0x00000000      0x156 /cygdrive/C/cygwin/GNUARM/bin/../lib/gcc/arm-elf/4.0.2/thumb/interwork/libgcc.a(_muldi3.o)
 .debug_loc     0x00000156      0xd45 /cygdrive/C/cygwin/GNUARM/bin/../lib/gcc/arm-elf/4.0.2/thumb/interwork/libgcc.a(_divdi3.o)
 .debug_loc     0x00000e9b       0x3c /cygdrive/C/cygwin/GNUARM/bin/../lib/gcc/arm-elf/4.0.2/../../../../arm-elf/lib/thumb/interwork/libc.a(malloc.o)
 .debug_loc     0x00000ed7      0xaf9 /cygdrive/C/cygwin/GNUARM/bin/../lib/gcc/arm-elf/4.0.2/../../../../arm-elf/lib/thumb/interwork/libc.a(mallocr.o)
 .debug_loc     0x000019d0      0x127 /cygdrive/C/cygwin/GNUARM/bin/../lib/gcc/arm-elf/4.0.2/../../../../arm-elf/lib/thumb/interwork/libc.a(memcpy.o)
 .debug_loc     0x00001af7      0x12a /cygdrive/C/cygwin/GNUARM/bin/../lib/gcc/arm-elf/4.0.2/../../../../arm-elf/lib/thumb/interwork/libc.a(memset.o)
 .debug_loc     0x00001c21       0x8e /cygdrive/C/cygwin/GNUARM/bin/../lib/gcc/arm-elf/4.0.2/../../../../arm-elf/lib/thumb/interwork/libc.a(strcmp.o)
 .debug_loc     0x00001caf       0xb4 /cygdrive/C/cygwin/GNUARM/bin/../lib/gcc/arm-elf/4.0.2/../../../../arm-elf/lib/thumb/interwork/libc.a(strcpy.o)
 .debug_loc     0x00001d63       0x3c /cygdrive/C/cygwin/GNUARM/bin/../lib/gcc/arm-elf/4.0.2/../../../../arm-elf/lib/thumb/interwork/libc.a(strlen.o)
 .debug_loc     0x00001d9f      0x156 /cygdrive/C/cygwin/GNUARM/bin/../lib/gcc/arm-elf/4.0.2/../../../../arm-elf/lib/thumb/interwork/libc.a(strncpy.o)
 .debug_loc     0x00001ef5      0x3cf /cygdrive/C/cygwin/GNUARM/bin/../lib/gcc/arm-elf/4.0.2/../../../../arm-elf/lib/thumb/interwork/libc.a(freer.o)

.debug_pubnames
                0x00000000      0x2a3
 .debug_pubnames
                0x00000000       0x1f /cygdrive/C/cygwin/GNUARM/bin/../lib/gcc/arm-elf/4.0.2/thumb/interwork/libgcc.a(_muldi3.o)
 .debug_pubnames
                0x0000001f       0x1f /cygdrive/C/cygwin/GNUARM/bin/../lib/gcc/arm-elf/4.0.2/thumb/interwork/libgcc.a(_divdi3.o)
 .debug_pubnames
                0x0000003e       0x20 /cygdrive/C/cygwin/GNUARM/bin/../lib/gcc/arm-elf/4.0.2/thumb/interwork/libgcc.a(_clz.o)
 .debug_pubnames
                0x0000005e       0x26 /cygdrive/C/cygwin/GNUARM/bin/../lib/gcc/arm-elf/4.0.2/../../../../arm-elf/lib/thumb/interwork/libc.a(malloc.o)
 .debug_pubnames
                0x00000084       0xce /cygdrive/C/cygwin/GNUARM/bin/../lib/gcc/arm-elf/4.0.2/../../../../arm-elf/lib/thumb/interwork/libc.a(mallocr.o)
 .debug_pubnames
                0x00000152       0x1d /cygdrive/C/cygwin/GNUARM/bin/../lib/gcc/arm-elf/4.0.2/../../../../arm-elf/lib/thumb/interwork/libc.a(memcpy.o)
 .debug_pubnames
                0x0000016f       0x1d /cygdrive/C/cygwin/GNUARM/bin/../lib/gcc/arm-elf/4.0.2/../../../../arm-elf/lib/thumb/interwork/libc.a(memset.o)
 .debug_pubnames
                0x0000018c       0x38 /cygdrive/C/cygwin/GNUARM/bin/../lib/gcc/arm-elf/4.0.2/../../../../arm-elf/lib/thumb/interwork/libc.a(mlock.o)
 .debug_pubnames
                0x000001c4       0x1d /cygdrive/C/cygwin/GNUARM/bin/../lib/gcc/arm-elf/4.0.2/../../../../arm-elf/lib/thumb/interwork/libc.a(strcmp.o)
 .debug_pubnames
                0x000001e1       0x1d /cygdrive/C/cygwin/GNUARM/bin/../lib/gcc/arm-elf/4.0.2/../../../../arm-elf/lib/thumb/interwork/libc.a(strcpy.o)
 .debug_pubnames
                0x000001fe       0x1d /cygdrive/C/cygwin/GNUARM/bin/../lib/gcc/arm-elf/4.0.2/../../../../arm-elf/lib/thumb/interwork/libc.a(strlen.o)
 .debug_pubnames
                0x0000021b       0x1e /cygdrive/C/cygwin/GNUARM/bin/../lib/gcc/arm-elf/4.0.2/../../../../arm-elf/lib/thumb/interwork/libc.a(strncpy.o)
 .debug_pubnames
                0x00000239       0x31 /cygdrive/C/cygwin/GNUARM/bin/../lib/gcc/arm-elf/4.0.2/../../../../arm-elf/lib/thumb/interwork/libc.a(freer.o)
 .debug_pubnames
                0x0000026a       0x39 /cygdrive/C/cygwin/GNUARM/bin/../lib/gcc/arm-elf/4.0.2/../../../../arm-elf/lib/thumb/interwork/libc.a(impure.o)

.debug_ranges   0x00000000      0x210
 .debug_ranges  0x00000000       0x30 /cygdrive/C/cygwin/GNUARM/bin/../lib/gcc/arm-elf/4.0.2/thumb/interwork/libgcc.a(_muldi3.o)
 .debug_ranges  0x00000030      0x1a8 /cygdrive/C/cygwin/GNUARM/bin/../lib/gcc/arm-elf/4.0.2/thumb/interwork/libgcc.a(_divdi3.o)
 .debug_ranges  0x000001d8       0x38 /cygdrive/C/cygwin/GNUARM/bin/../lib/gcc/arm-elf/4.0.2/../../../../arm-elf/lib/thumb/interwork/libc.a(mallocr.o)

.debug_str      0x00000000      0xadf
 .debug_str     0x00000000       0xfb /cygdrive/C/cygwin/GNUARM/bin/../lib/gcc/arm-elf/4.0.2/thumb/interwork/libgcc.a(_muldi3.o)
                                0x14f (size before relaxing)
 .debug_str     0x000000fb       0x5d /cygdrive/C/cygwin/GNUARM/bin/../lib/gcc/arm-elf/4.0.2/thumb/interwork/libgcc.a(_divdi3.o)
                                0x1a3 (size before relaxing)
 .debug_str     0x00000158        0x0 /cygdrive/C/cygwin/GNUARM/bin/../lib/gcc/arm-elf/4.0.2/thumb/interwork/libgcc.a(_clz.o)
                                0x104 (size before relaxing)
 .debug_str     0x00000158      0x40d /cygdrive/C/cygwin/GNUARM/bin/../lib/gcc/arm-elf/4.0.2/../../../../arm-elf/lib/thumb/interwork/libc.a(malloc.o)
                                0x4c7 (size before relaxing)
 .debug_str     0x00000565      0x20c /cygdrive/C/cygwin/GNUARM/bin/../lib/gcc/arm-elf/4.0.2/../../../../arm-elf/lib/thumb/interwork/libc.a(mallocr.o)
                                0x6a8 (size before relaxing)
 .debug_str     0x00000771       0xac /cygdrive/C/cygwin/GNUARM/bin/../lib/gcc/arm-elf/4.0.2/../../../../arm-elf/lib/thumb/interwork/libc.a(memcpy.o)
                                 0xdf (size before relaxing)
 .debug_str     0x0000081d       0x5a /cygdrive/C/cygwin/GNUARM/bin/../lib/gcc/arm-elf/4.0.2/../../../../arm-elf/lib/thumb/interwork/libc.a(memset.o)
                                0x129 (size before relaxing)
 .debug_str     0x00000877       0x71 /cygdrive/C/cygwin/GNUARM/bin/../lib/gcc/arm-elf/4.0.2/../../../../arm-elf/lib/thumb/interwork/libc.a(mlock.o)
                                0x4ce (size before relaxing)