Archive member included because of file (symbol)

/usr/include/../../../../nxtOSEK/ecrobot/../ecrobot/libecrobot++.a(New.o)
                              build/Main.o (_Znwm)
/usr/include/../../../../nxtOSEK/ecrobot/../ecrobot/libecrobot.a(ecrobot_interface.o)
                              build/Main.o (ecrobot_set_light_sensor_active)
/usr/include/../../../../nxtOSEK/ecrobot/../ecrobot/libecrobot.a(colorsensor.o)
                              /usr/include/../../../../nxtOSEK/ecrobot/../ecrobot/libecrobot.a(ecrobot_interface.o) (colorsensor_init)
/usr/include/../../../../nxtOSEK/ecrobot/../ecrobot/libecrobot.a(osek_hook.o)
                              build/kernel/osctl.o (StartupHook)
/usr/include/../../../../nxtOSEK/ecrobot/../ecrobot/libecrobot.a(uart.oram)
                              build/config/at91sam7s-gnu/irq.oram (uart_isr_C_0)
/usr/include/../../../../nxtOSEK/ecrobot/../ecrobot/libecrobot.a(systick.oram)
                              build/syslib/at91sam7s-gnu/lego_nxt/hw_sys_timer.oram (systick_low_priority_C)
/usr/include/../../../../nxtOSEK/ecrobot/../ecrobot/libecrobot.a(byte_fifo.oram)
                              /usr/include/../../../../nxtOSEK/ecrobot/../ecrobot/libecrobot.a(uart.oram) (byte_fifo_put)
/usr/include/../../../../nxtOSEK/ecrobot/../ecrobot/libecrobot.a(aic.oram)
                              /usr/include/../../../../nxtOSEK/ecrobot/../ecrobot/libecrobot.a(uart.oram) (aic_set_vector)
/usr/include/../../../../nxtOSEK/ecrobot/../ecrobot/libecrobot.a(udp.oram)
                              build/config/at91sam7s-gnu/irq.oram (udp_isr_C)
/usr/include/../../../../nxtOSEK/ecrobot/../ecrobot/libecrobot.a(twi.oram)
                              build/config/at91sam7s-gnu/irq.oram (twi_isr_C)
/usr/include/../../../../nxtOSEK/ecrobot/../ecrobot/libecrobot.a(nxt_spi.oram)
                              build/config/at91sam7s-gnu/irq.oram (spi_isr_C)
/usr/include/../../../../nxtOSEK/ecrobot/../ecrobot/libecrobot.a(nxt_motors.oram)
                              build/Tail.o (nxt_motor_get_count)
/usr/include/../../../../nxtOSEK/ecrobot/../ecrobot/libecrobot.a(data_abort.oram)
                              build/ecrobot_init.o (data_abort_C)
/usr/include/../../../../nxtOSEK/ecrobot/../ecrobot/libecrobot.a(display.oram)
                              build/rtoscalls.o (display_update)
/usr/include/../../../../nxtOSEK/ecrobot/../ecrobot/libecrobot.a(i2c.oram)
                              build/config/at91sam7s-gnu/irq.oram (i2c_timer_isr_C)
/usr/include/../../../../nxtOSEK/ecrobot/../ecrobot/libecrobot.a(sound.oram)
                              /usr/include/../../../../nxtOSEK/ecrobot/../ecrobot/libecrobot.a(ecrobot_interface.o) (sound_get_time)
/usr/include/../../../../nxtOSEK/ecrobot/../ecrobot/libecrobot.a(bt.oram)
                              build/ecrobot_bluetooth.o (bt_send)
/usr/include/../../../../nxtOSEK/ecrobot/../ecrobot/libecrobot.a(nxt_avr.oram)
                              build/ecrobot_base.o (nxt_avr_power_down)
/usr/include/../../../../nxtOSEK/ecrobot/../ecrobot/libecrobot.a(sensors.oram)
                              /usr/include/../../../../nxtOSEK/ecrobot/../ecrobot/libecrobot.a(ecrobot_interface.o) (unset_digi0)
/usr/include/../../../../nxtOSEK/ecrobot/../ecrobot/libecrobot.a(sensors1.oram)
                              /usr/include/../../../../nxtOSEK/ecrobot/../ecrobot/libecrobot.a(colorsensor.o) (sensor_pins)
/usr/include/../../../../nxtOSEK/ecrobot/../ecrobot/libecrobot.a(nxt_lcd.oram)
                              /usr/include/../../../../nxtOSEK/ecrobot/../ecrobot/libecrobot.a(display.oram) (nxt_lcd_force_update)
/usr/include/../../../../nxtOSEK/ecrobot/../ecrobot/libecrobot.a(flash_loader.oram)
                              build/ecrobot_base.o (set_flash_request)
/usr/include/../../../../nxtOSEK/ecrobot/../ecrobot/libecrobot.a(interrupts.oram)
                              /usr/include/../../../../nxtOSEK/ecrobot/../ecrobot/libecrobot.a(uart.oram) (interrupts_get_and_disable)
/usr/include/../../../../nxtOSEK/ecrobot/../ecrobot/libecrobot.a(nxtosek_splash.obmp)
                              build/ecrobot_base.o (nxtosek_splash_bmp_start)
/usr/include/../../../../nxtOSEK/ecrobot/../ecrobot/libecrobot.a(ecrobot_usb.o)
                              /usr/include/../../../../nxtOSEK/ecrobot/../ecrobot/libecrobot.a(flash_loader.oram) (ecrobot_init_usb)
/usr/include/../../../../nxtOSEK/ecrobot/../ecrobot/libecrobot.a(flashprog.oram)
                              /usr/include/../../../../nxtOSEK/ecrobot/../ecrobot/libecrobot.a(flash_loader.oram) (flash_write_page)
/cygdrive/C/cygwin/GNUARM/bin/../lib/gcc/arm-elf/4.0.2/thumb/interwork/libgcc.a(_udivsi3.o)
                              build/ecrobot_base.o (__udivsi3)
/cygdrive/C/cygwin/GNUARM/bin/../lib/gcc/arm-elf/4.0.2/thumb/interwork/libgcc.a(_divsi3.o)
                              /usr/include/../../../../nxtOSEK/ecrobot/../ecrobot/libecrobot.a(uart.oram) (__divsi3)
[...]
Memory Configuration

Name             Origin             Length             Attributes
vector_ram       0x00200000         0x00000040
ram              0x00200040         0x0000ffc0
*default*        0x00000000         0xffffffff

Linker script and memory map

LOAD build/kernel/alarm.o
LOAD build/kernel/event.o
LOAD build/kernel/interrupt.o
LOAD build/kernel/osctl.o
LOAD build/kernel/resource.o
LOAD build/kernel/task.o
LOAD build/kernel/task_manage.o
LOAD build/config/at91sam7s-gnu/cpu_config.o
LOAD build/config/at91sam7s-gnu/lego_nxt/sys_config.o
LOAD build/./kernel_cfg.o
LOAD build/rtoscalls.o
LOAD build/syscalls.o
LOAD build/ecrobot_bluetooth.o
LOAD build/ecrobot_base.o
LOAD build/ecrobot.o
LOAD build/syslib/at91sam7s-gnu/lego_nxt/hw_sys_timer.oram
LOAD build/Control.o
LOAD build/Motor.o
LOAD build/Tail.o
LOAD build/Main.o
LOAD build/nxtvm/platform/nxt/vectors.o
LOAD build/config/at91sam7s-gnu/debug.o
LOAD build/config/at91sam7s-gnu/lego_nxt/sys_support.o
LOAD build/nxt_binary_header.o
LOAD build/nxt_entry_point.o
LOAD build/ecrobot_init.o
LOAD build/config/at91sam7s-gnu/cpu_support.oram
LOAD build/config/at91sam7s-gnu/irq.oram
LOAD /usr/include/../../../../nxtOSEK/ecrobot/../ecrobot/libecrobot++.a
LOAD /usr/include/../../../../nxtOSEK/ecrobot/../ecrobot/libecrobot.a
LOAD /usr/include/../../../../nxtOSEK/ecrobot/../ecrobot/libnxtway_gs_balancer.a
LOAD /cygdrive/C/cygwin/GNUARM/bin/../lib/gcc/arm-elf/4.0.2/../../../../arm-elf/lib/thumb/interwork/libstdc++.a
LOAD /cygdrive/C/cygwin/GNUARM/bin/../lib/gcc/arm-elf/4.0.2/../../../../arm-elf/lib/thumb/interwork/libm.a
LOAD /cygdrive/C/cygwin/GNUARM/bin/../lib/gcc/arm-elf/4.0.2/thumb/interwork/libgcc.a
LOAD /cygdrive/C/cygwin/GNUARM/bin/../lib/gcc/arm-elf/4.0.2/../../../../arm-elf/lib/thumb/interwork/libc.a
LOAD /cygdrive/C/cygwin/GNUARM/bin/../lib/gcc/arm-elf/4.0.2/thumb/interwork/libgcc.a
                0x00200000                RAM_BASE = 0x200000
                0x00010000                RAM_SIZE = 0x10000

.samba_reserved
                0x00200040     0x1fc0
                0x00202000                . = 0x1fc0
 *fill*         0x00200040     0x1fc0 00
                0x00200040                __samba_ram_start__ = ADDR (.samba_reserved)
                0x00202000                __samba_ram_end__ = (__samba_ram_start__ + SIZEOF (.samba_reserved))

.vectors        0x00200000       0x40 load address 0x00202000
 vectors.o(*.text *.text.*)
 .text          0x00200000       0x38 build/nxtvm/platform/nxt/vectors.o
                0x00200040                . = ALIGN (0x10)
 *fill*         0x00200038        0x8 00
                0x00200000                __vectors_ram_start__ = ADDR (.vectors)
                0x00200040                __vectors_ram_end__ = (ADDR (.vectors) + SIZEOF (.vectors))
                0x00202000                __vectors_load_start__ = LOADADDR (.vectors)
                0x00202040                __vectors_load_end__ = (LOADADDR (.vectors) + SIZEOF (.vectors))

.init           0x00202040      0x280
 *ecrobot_init.o(*.text *.text.*)
 .text          0x00202040      0x280 build/ecrobot_init.o
                0x002021ac                undef_handler
                0x002021b4                prefetch_abort_handler
                0x002021b8                data_abort_handler
                0x002021b0                swi_handler
                0x00202040                start
                0x002021d4                reserved_handler
                0x002022c0                . = ALIGN (0x10)

.ram_text       0x002022c0     0x3330
                0x002022c0                . = ALIGN (0x10)
 *.oram(*.text *.text.* *.glue*)
 .text.systick_isr_C1
                0x002022c0       0x28 build/syslib/at91sam7s-gnu/lego_nxt/hw_sys_timer.oram
                0x002022c0                systick_isr_C1
 *fill*         0x002022e8        0x8 00
 .text          0x002022f0      0x230 build/config/at91sam7s-gnu/cpu_support.oram
                0x002024d0                enable_int
                0x00202370                start_dispatch
                0x00202330                activate_r
                0x002024c8                disable_int
                0x002022f0                dispatch
                0x0020249c                int_return
                0x0020242c                _interrupt
                0x00202360                exit_and_dispatch
                0x002024d8                nop
 .text          0x00202520      0x2c0 build/config/at91sam7s-gnu/irq.oram
                0x00202520                default_isr
                0x002026ac                uart_isr_entry_0
                0x0020262c                twi_isr_entry
                0x002026ec                uart_isr_entry_1
                0x002025ec                spi_isr_entry
                0x0020256c                systick_low_priority_entry
                0x0020272c                nxt_motor_isr_entry
                0x0020276c                i2c_timer_isr_entry
                0x00202520                default_fiq
                0x00202524                systick_isr_entry
                0x00202520                spurious_isr
                0x0020266c                sound_isr_entry
                0x002025ac                udp_isr_entry
 .text.uart_process_isr
                0x002027e0       0x88 /usr/include/../../../../nxtOSEK/ecrobot/../ecrobot/libecrobot.a(uart.oram)
 .text.uart_isr_C_0
                0x00202868        0xc /usr/include/../../../../nxtOSEK/ecrobot/../ecrobot/libecrobot.a(uart.oram)
                0x00202868                uart_isr_C_0
 .text.uart_isr_C_1
                0x00202874        0xc /usr/include/../../../../nxtOSEK/ecrobot/../ecrobot/libecrobot.a(uart.oram)
                0x00202874                uart_isr_C_1
 .text.systick_low_priority_C
                0x00202880       0x1c /usr/include/../../../../nxtOSEK/ecrobot/../ecrobot/libecrobot.a(systick.oram)
                0x00202880                systick_low_priority_C
 .text.systick_isr_C
                0x0020289c       0x24 /usr/include/../../../../nxtOSEK/ecrobot/../ecrobot/libecrobot.a(systick.oram)
                0x0020289c                systick_isr_C
 .text.systick_get_ms
                0x002028c0        0xc /usr/include/../../../../nxtOSEK/ecrobot/../ecrobot/libecrobot.a(systick.oram)
                0x002028c0                systick_get_ms
 .text.systick_wait_ms
                0x002028cc       0x1c /usr/include/../../../../nxtOSEK/ecrobot/../ecrobot/libecrobot.a(systick.oram)
                0x002028cc                systick_wait_ms
 .text.systick_wait_ns
                0x002028e8       0x1c /usr/include/../../../../nxtOSEK/ecrobot/../ecrobot/libecrobot.a(systick.oram)
                0x002028e8                systick_wait_ns
 .text.systick_init
                0x00202904       0x58 /usr/include/../../../../nxtOSEK/ecrobot/../ecrobot/libecrobot.a(systick.oram)
                0x00202904                systick_init
 .text.systick_suspend
                0x0020295c        0xc /usr/include/../../../../nxtOSEK/ecrobot/../ecrobot/libecrobot.a(systick.oram)
                0x0020295c                systick_suspend
 .text.systick_resume
                0x00202968        0xc /usr/include/../../../../nxtOSEK/ecrobot/../ecrobot/libecrobot.a(systick.oram)
                0x00202968                systick_resume
 .text.byte_fifo_put
                0x00202974       0x58 /usr/include/../../../../nxtOSEK/ecrobot/../ecrobot/libecrobot.a(byte_fifo.oram)
                0x00202974                byte_fifo_put
 .text.byte_fifo_get
                0x002029cc       0x2c /usr/include/../../../../nxtOSEK/ecrobot/../ecrobot/libecrobot.a(byte_fifo.oram)
                0x002029cc                byte_fifo_get
 .text.aic_initialise
                0x002029f8       0x5c /usr/include/../../../../nxtOSEK/ecrobot/../ecrobot/libecrobot.a(aic.oram)
                0x002029f8                aic_initialise
 .text.aic_set_vector
                0x00202a54       0x30 /usr/include/../../../../nxtOSEK/ecrobot/../ecrobot/libecrobot.a(aic.oram)
                0x00202a54                aic_set_vector
 .text.aic_mask_on
                0x00202a84       0x24 /usr/include/../../../../nxtOSEK/ecrobot/../ecrobot/libecrobot.a(aic.oram)
                0x00202a84                aic_mask_on
 .text.aic_mask_off
                0x00202aa8       0x24 /usr/include/../../../../nxtOSEK/ecrobot/../ecrobot/libecrobot.a(aic.oram)
                0x00202aa8                aic_mask_off
 .text.aic_clear
                0x00202acc       0x24 /usr/include/../../../../nxtOSEK/ecrobot/../ecrobot/libecrobot.a(aic.oram)
                0x00202acc                aic_clear
 .text.reset    0x00202af0       0x4c /usr/include/../../../../nxtOSEK/ecrobot/../ecrobot/libecrobot.a(udp.oram)
 .text.udp_send_null
                0x00202b3c       0x2c /usr/include/../../../../nxtOSEK/ecrobot/../ecrobot/libecrobot.a(udp.oram)
 .text.udp_send_stall
                0x00202b68       0x2c /usr/include/../../../../nxtOSEK/ecrobot/../ecrobot/libecrobot.a(udp.oram)
 .text.udp_send_control
                0x00202b94       0x60 /usr/include/../../../../nxtOSEK/ecrobot/../ecrobot/libecrobot.a(udp.oram)
 .text.udp_isr_C
                0x00202bf4      0x7d0 /usr/include/../../../../nxtOSEK/ecrobot/../ecrobot/libecrobot.a(udp.oram)
                0x00202bf4                udp_isr_C
 .text.twi_status
                0x002033c4       0x20 /usr/include/../../../../nxtOSEK/ecrobot/../ecrobot/libecrobot.a(twi.oram)
                0x002033c4                twi_status
 .text.twi_isr_C
                0x002033e4       0xc4 /usr/include/../../../../nxtOSEK/ecrobot/../ecrobot/libecrobot.a(twi.oram)
                0x002033e4                twi_isr_C
 .text.twi_reset
                0x002034a8       0xb4 /usr/include/../../../../nxtOSEK/ecrobot/../ecrobot/libecrobot.a(twi.oram)
                0x002034a8                twi_reset
 .text.twi_init
                0x0020355c       0x4c /usr/include/../../../../nxtOSEK/ecrobot/../ecrobot/libecrobot.a(twi.oram)
                0x0020355c                twi_init
 .text.twi_start_read
                0x002035a8       0x60 /usr/include/../../../../nxtOSEK/ecrobot/../ecrobot/libecrobot.a(twi.oram)
                0x002035a8                twi_start_read
 .text.twi_start_write
                0x00203608       0x64 /usr/include/../../../../nxtOSEK/ecrobot/../ecrobot/libecrobot.a(twi.oram)
                0x00203608                twi_start_write
 .text.spi_set_mode
                0x0020366c       0x40 /usr/include/../../../../nxtOSEK/ecrobot/../ecrobot/libecrobot.a(nxt_spi.oram)
 .text.spi_isr_C
                0x002036ac       0x8c /usr/include/../../../../nxtOSEK/ecrobot/../ecrobot/libecrobot.a(nxt_spi.oram)
                0x002036ac                spi_isr_C
 .text.nxt_spi_init
                0x00203738      0x12c /usr/include/../../../../nxtOSEK/ecrobot/../ecrobot/libecrobot.a(nxt_spi.oram)
                0x00203738                nxt_spi_init
 .text.nxt_spi_write
                0x00203864       0x44 /usr/include/../../../../nxtOSEK/ecrobot/../ecrobot/libecrobot.a(nxt_spi.oram)
                0x00203864                nxt_spi_write
 .text.nxt_spi_set_display
                0x002038a8       0x10 /usr/include/../../../../nxtOSEK/ecrobot/../ecrobot/libecrobot.a(nxt_spi.oram)
                0x002038a8                nxt_spi_set_display
 .text.nxt_spi_refresh
                0x002038b8       0x24 /usr/include/../../../../nxtOSEK/ecrobot/../ecrobot/libecrobot.a(nxt_spi.oram)
                0x002038b8                nxt_spi_refresh
 .text.nxt_motor_get_count
                0x002038dc       0x14 /usr/include/../../../../nxtOSEK/ecrobot/../ecrobot/libecrobot.a(nxt_motors.oram)
                0x002038dc                nxt_motor_get_count
 .text.nxt_motor_set_count
                0x002038f0       0x10 /usr/include/../../../../nxtOSEK/ecrobot/../ecrobot/libecrobot.a(nxt_motors.oram)
                0x002038f0                nxt_motor_set_count
 .text.nxt_motor_set_speed
                0x00203900       0x34 /usr/include/../../../../nxtOSEK/ecrobot/../ecrobot/libecrobot.a(nxt_motors.oram)
                0x00203900                nxt_motor_set_speed
 .text.nxt_motor_1kHz_process
                0x00203934       0x28 /usr/include/../../../../nxtOSEK/ecrobot/../ecrobot/libecrobot.a(nxt_motors.oram)
                0x00203934                nxt_motor_1kHz_process
 .text.nxt_motor_quad_decode
                0x0020395c       0x30 /usr/include/../../../../nxtOSEK/ecrobot/../ecrobot/libecrobot.a(nxt_motors.oram)
                0x0020395c                nxt_motor_quad_decode
 .text.nxt_motor_isr_C
                0x0020398c       0x88 /usr/include/../../../../nxtOSEK/ecrobot/../ecrobot/libecrobot.a(nxt_motors.oram)
                0x0020398c                nxt_motor_isr_C
 .text.nxt_motor_init
                0x00203a14       0x68 /usr/include/../../../../nxtOSEK/ecrobot/../ecrobot/libecrobot.a(nxt_motors.oram)
                0x00203a14                nxt_motor_init
 .text.data_abort_C
                0x00203a7c       0x7c /usr/include/../../../../nxtOSEK/ecrobot/../ecrobot/libecrobot.a(data_abort.oram)
                0x00203a7c                data_abort_C
 .text.display_update
                0x00203af8       0x14 /usr/include/../../../../nxtOSEK/ecrobot/../ecrobot/libecrobot.a(display.oram)
                0x00203af8                display_update
 .text.display_force_update
                0x00203b0c        0xc /usr/include/../../../../nxtOSEK/ecrobot/../ecrobot/libecrobot.a(display.oram)
                0x00203b0c                display_force_update
 .text.display_clear
                0x00203b18       0x24 /usr/include/../../../../nxtOSEK/ecrobot/../ecrobot/libecrobot.a(display.oram)
                0x00203b18                display_clear
 .text.display_goto_xy
                0x00203b3c       0x14 /usr/include/../../../../nxtOSEK/ecrobot/../ecrobot/libecrobot.a(display.oram)
                0x00203b3c                display_goto_xy
 .text.display_char
                0x00203b50       0x60 /usr/include/../../../../nxtOSEK/ecrobot/../ecrobot/libecrobot.a(display.oram)
                0x00203b50                display_char
 .text.display_string
                0x00203bb0       0x3c /usr/include/../../../../nxtOSEK/ecrobot/../ecrobot/libecrobot.a(display.oram)
                0x00203bb0                display_string
 .text.display_hex
                0x00203bec       0x50 /usr/include/../../../../nxtOSEK/ecrobot/../ecrobot/libecrobot.a(display.oram)
                0x00203bec                display_hex
 .text.display_unsigned_worker
                0x00203c3c       0x70 /usr/include/../../../../nxtOSEK/ecrobot/../ecrobot/libecrobot.a(display.oram)
 .text.display_unsigned
                0x00203cac        0xc /usr/include/../../../../nxtOSEK/ecrobot/../ecrobot/libecrobot.a(display.oram)
                0x00203cac                display_unsigned
 .text.display_bitmap_copy
                0x00203cb8       0x5c /usr/include/../../../../nxtOSEK/ecrobot/../ecrobot/libecrobot.a(display.oram)
                0x00203cb8                display_bitmap_copy
 .text.display_init
                0x00203d14       0x50 /usr/include/../../../../nxtOSEK/ecrobot/../ecrobot/libecrobot.a(display.oram)
                0x00203d14                display_init
 .text.i2c_timer_isr_C
                0x00203d64      0x314 /usr/include/../../../../nxtOSEK/ecrobot/../ecrobot/libecrobot.a(i2c.oram)
                0x00203d64                i2c_timer_isr_C
 .text.i2c_disable
                0x00204078       0x20 /usr/include/../../../../nxtOSEK/ecrobot/../ecrobot/libecrobot.a(i2c.oram)
                0x00204078                i2c_disable
 .text.i2c_enable
                0x00204098       0x40 /usr/include/../../../../nxtOSEK/ecrobot/../ecrobot/libecrobot.a(i2c.oram)
                0x00204098                i2c_enable
 .text.i2c_init
                0x002040d8       0xa4 /usr/include/../../../../nxtOSEK/ecrobot/../ecrobot/libecrobot.a(i2c.oram)
                0x002040d8                i2c_init
 .text.sound_fill_sample_buffer
                0x0020417c       0xe4 /usr/include/../../../../nxtOSEK/ecrobot/../ecrobot/libecrobot.a(sound.oram)
                0x0020417c                sound_fill_sample_buffer
 .text.sound_init
                0x00204260       0xa0 /usr/include/../../../../nxtOSEK/ecrobot/../ecrobot/libecrobot.a(sound.oram)
                0x00204260                sound_init
 .text.sound_isr_C
                0x00204300      0x144 /usr/include/../../../../nxtOSEK/ecrobot/../ecrobot/libecrobot.a(sound.oram)
                0x00204300                sound_isr_C
 .text.bt_init  0x00204444      0x1c0 /usr/include/../../../../nxtOSEK/ecrobot/../ecrobot/libecrobot.a(bt.oram)
                0x00204444                bt_init
 .text.bt_send  0x00204604       0x5c /usr/include/../../../../nxtOSEK/ecrobot/../ecrobot/libecrobot.a(bt.oram)
                0x00204604                bt_send
 .text.bt_write
                0x00204660       0x70 /usr/include/../../../../nxtOSEK/ecrobot/../ecrobot/libecrobot.a(bt.oram)
                0x00204660                bt_write
 .text.bt_pending
                0x002046d0       0x50 /usr/include/../../../../nxtOSEK/ecrobot/../ecrobot/libecrobot.a(bt.oram)
                0x002046d0                bt_pending
 .text.bt_clear_arm7_cmd
                0x00204720       0x10 /usr/include/../../../../nxtOSEK/ecrobot/../ecrobot/libecrobot.a(bt.oram)
                0x00204720                bt_clear_arm7_cmd
 .text.bt_set_arm7_cmd
                0x00204730       0x10 /usr/include/../../../../nxtOSEK/ecrobot/../ecrobot/libecrobot.a(bt.oram)
                0x00204730                bt_set_arm7_cmd
 .text.bt_receive
                0x00204740      0x160 /usr/include/../../../../nxtOSEK/ecrobot/../ecrobot/libecrobot.a(bt.oram)
                0x00204740                bt_receive
 .text.bt_reset
                0x002048a0       0x84 /usr/include/../../../../nxtOSEK/ecrobot/../ecrobot/libecrobot.a(bt.oram)
                0x002048a0                bt_reset
 .text.nxt_avr_power_down
                0x00204924       0x10 /usr/include/../../../../nxtOSEK/ecrobot/../ecrobot/libecrobot.a(nxt_avr.oram)
                0x00204924                nxt_avr_power_down
 .text.nxt_avr_link_init
                0x00204934       0x20 /usr/include/../../../../nxtOSEK/ecrobot/../ecrobot/libecrobot.a(nxt_avr.oram)
                0x00204934                nxt_avr_link_init
 .text.nxt_avr_init
                0x00204954       0x6c /usr/include/../../../../nxtOSEK/ecrobot/../ecrobot/libecrobot.a(nxt_avr.oram)
                0x00204954                nxt_avr_init
 .text.nxt_avr_1kHz_update
                0x002049c0      0x1cc /usr/include/../../../../nxtOSEK/ecrobot/../ecrobot/libecrobot.a(nxt_avr.oram)
                0x002049c0                nxt_avr_1kHz_update
 .text.buttons_get
                0x00204b8c        0xc /usr/include/../../../../nxtOSEK/ecrobot/../ecrobot/libecrobot.a(nxt_avr.oram)
                0x00204b8c                buttons_get
 .text.battery_voltage
                0x00204b98       0x28 /usr/include/../../../../nxtOSEK/ecrobot/../ecrobot/libecrobot.a(nxt_avr.oram)
                0x00204b98                battery_voltage
 .text.sensor_adc
                0x00204bc0       0x20 /usr/include/../../../../nxtOSEK/ecrobot/../ecrobot/libecrobot.a(nxt_avr.oram)
                0x00204bc0                sensor_adc
 .text.nxt_avr_set_motor
                0x00204be0       0x34 /usr/include/../../../../nxtOSEK/ecrobot/../ecrobot/libecrobot.a(nxt_avr.oram)
                0x00204be0                nxt_avr_set_motor
 .text.nxt_avr_set_input_power
                0x00204c14       0x3c /usr/include/../../../../nxtOSEK/ecrobot/../ecrobot/libecrobot.a(nxt_avr.oram)
                0x00204c14                nxt_avr_set_input_power
 .text.unset_digi0
                0x00204c50       0x44 /usr/include/../../../../nxtOSEK/ecrobot/../ecrobot/libecrobot.a(sensors.oram)
                0x00204c50                unset_digi0
 .text.unset_digi1
                0x00204c94       0x44 /usr/include/../../../../nxtOSEK/ecrobot/../ecrobot/libecrobot.a(sensors.oram)
                0x00204c94                unset_digi1
 .text.init_sensors
                0x00204cd8       0x4c /usr/include/../../../../nxtOSEK/ecrobot/../ecrobot/libecrobot.a(sensors.oram)
                0x00204cd8                init_sensors
 .text.set_digi0
                0x00204d24       0x44 /usr/include/../../../../nxtOSEK/ecrobot/../ecrobot/libecrobot.a(sensors.oram)
                0x00204d24                set_digi0
 .text.nxt_lcd_command
                0x00204d68       0x18 /usr/include/../../../../nxtOSEK/ecrobot/../ecrobot/libecrobot.a(nxt_lcd.oram)
                0x00204d68                nxt_lcd_command
 .text.nxt_lcd_set_col
                0x00204d80       0x24 /usr/include/../../../../nxtOSEK/ecrobot/../ecrobot/libecrobot.a(nxt_lcd.oram)
                0x00204d80                nxt_lcd_set_col
 .text.nxt_lcd_set_multiplex_rate
                0x00204da4       0x18 /usr/include/../../../../nxtOSEK/ecrobot/../ecrobot/libecrobot.a(nxt_lcd.oram)
                0x00204da4                nxt_lcd_set_multiplex_rate
 .text.nxt_lcd_set_page_address
                0x00204dbc       0x18 /usr/include/../../../../nxtOSEK/ecrobot/../ecrobot/libecrobot.a(nxt_lcd.oram)
                0x00204dbc                nxt_lcd_set_page_address
 .text.nxt_lcd_set_pot
                0x00204dd4       0x1c /usr/include/../../../../nxtOSEK/ecrobot/../ecrobot/libecrobot.a(nxt_lcd.oram)
                0x00204dd4                nxt_lcd_set_pot
 .text.nxt_lcd_set_ram_address_control
                0x00204df0       0x18 /usr/include/../../../../nxtOSEK/ecrobot/../ecrobot/libecrobot.a(nxt_lcd.oram)
                0x00204df0                nxt_lcd_set_ram_address_control
 .text.nxt_lcd_enable
                0x00204e08       0x14 /usr/include/../../../../nxtOSEK/ecrobot/../ecrobot/libecrobot.a(nxt_lcd.oram)
                0x00204e08                nxt_lcd_enable
 .text.nxt_lcd_set_map_control
                0x00204e1c       0x18 /usr/include/../../../../nxtOSEK/ecrobot/../ecrobot/libecrobot.a(nxt_lcd.oram)
                0x00204e1c                nxt_lcd_set_map_control
 .text.nxt_lcd_reset
                0x00204e34        0xc /usr/include/../../../../nxtOSEK/ecrobot/../ecrobot/libecrobot.a(nxt_lcd.oram)
                0x00204e34                nxt_lcd_reset
 .text.nxt_lcd_set_bias_ratio
                0x00204e40       0x18 /usr/include/../../../../nxtOSEK/ecrobot/../ecrobot/libecrobot.a(nxt_lcd.oram)
                0x00204e40                nxt_lcd_set_bias_ratio
 .text.nxt_lcd_force_update
                0x00204e58       0x30 /usr/include/../../../../nxtOSEK/ecrobot/../ecrobot/libecrobot.a(nxt_lcd.oram)
                0x00204e58                nxt_lcd_force_update
 .text.nxt_lcd_update
                0x00204e88        0xc /usr/include/../../../../nxtOSEK/ecrobot/../ecrobot/libecrobot.a(nxt_lcd.oram)
                0x00204e88                nxt_lcd_update
 .text.nxt_lcd_power_up
                0x00204e94       0x48 /usr/include/../../../../nxtOSEK/ecrobot/../ecrobot/libecrobot.a(nxt_lcd.oram)
                0x00204e94                nxt_lcd_power_up
 .text.nxt_lcd_power_down
                0x00204edc        0xc /usr/include/../../../../nxtOSEK/ecrobot/../ecrobot/libecrobot.a(nxt_lcd.oram)
                0x00204edc                nxt_lcd_power_down
 .text.nxt_lcd_init
                0x00204ee8       0x18 /usr/include/../../../../nxtOSEK/ecrobot/../ecrobot/libecrobot.a(nxt_lcd.oram)
                0x00204ee8                nxt_lcd_init
 .text.verify_flash_page
                0x00204f00       0x34 /usr/include/../../../../nxtOSEK/ecrobot/../ecrobot/libecrobot.a(flash_loader.oram)
 .text.set_flash_request
                0x00204f34       0x38 /usr/include/../../../../nxtOSEK/ecrobot/../ecrobot/libecrobot.a(flash_loader.oram)
                0x00204f34                set_flash_request
 .text.nxt_device_init
                0x00204f6c       0x38 /usr/include/../../../../nxtOSEK/ecrobot/../ecrobot/libecrobot.a(flash_loader.oram)
                0x00204f6c                nxt_device_init
 .text          0x00204fa4       0x68 /usr/include/../../../../nxtOSEK/ecrobot/../ecrobot/libecrobot.a(interrupts.oram)
                0x00204ffc                fiq_enable
                0x00204fa4                interrupts_get_and_disable
                0x00204fd8                fiq_get_and_disable
                0x00204fc8                interrupts_enable
 .text.flash_write_page
                0x0020500c       0xc0 /usr/include/../../../../nxtOSEK/ecrobot/../ecrobot/libecrobot.a(flashprog.oram)
                0x0020500c                flash_write_page
                0x002050d0                . = ALIGN (0x10)
 *fill*         0x002050cc        0x4 00
 *.oram(*.rodata *.rodata.*)
 .rodata.ld     0x002050d0        0x4 /usr/include/../../../../nxtOSEK/ecrobot/../ecrobot/libecrobot.a(udp.oram)
 .rodata.cfd    0x002050d4       0x20 /usr/include/../../../../nxtOSEK/ecrobot/../ecrobot/libecrobot.a(udp.oram)
 .rodata.dd     0x002050f4       0x12 /usr/include/../../../../nxtOSEK/ecrobot/../ecrobot/libecrobot.a(udp.oram)
 *fill*         0x00205106        0x2 00
 .rodata.str1.4
                0x00205108       0x22 /usr/include/../../../../nxtOSEK/ecrobot/../ecrobot/libecrobot.a(data_abort.oram)
                                 0x24 (size before relaxing)
 .rodata.font   0x0020512a      0x280 /usr/include/../../../../nxtOSEK/ecrobot/../ecrobot/libecrobot.a(display.oram)
 *fill*         0x002053aa        0x2 00
 .rodata.str1.4
                0x002053ac       0x76 /usr/include/../../../../nxtOSEK/ecrobot/../ecrobot/libecrobot.a(display.oram)
                                 0x78 (size before relaxing)
 *fill*         0x00205422        0x2 00
 .rodata.i2c_pin
                0x00205424       0x20 /usr/include/../../../../nxtOSEK/ecrobot/../ecrobot/libecrobot.a(i2c.oram)
 .rodata.i2c_timer_isr_C
                0x00205444       0x38 /usr/include/../../../../nxtOSEK/ecrobot/../ecrobot/libecrobot.a(i2c.oram)
 .rodata.silence
                0x0020547c       0x40 /usr/include/../../../../nxtOSEK/ecrobot/../ecrobot/libecrobot.a(sound.oram)
                0x0020547c                silence
 .rodata.sample_pattern
                0x002054bc       0x84 /usr/include/../../../../nxtOSEK/ecrobot/../ecrobot/libecrobot.a(sound.oram)
                0x002054bc                sample_pattern
 .rodata        0x00205540        0xc /usr/include/../../../../nxtOSEK/ecrobot/../ecrobot/libecrobot.a(sound.oram)
 .rodata.avr_brainwash_string
                0x0020554c       0x30 /usr/include/../../../../nxtOSEK/ecrobot/../ecrobot/libecrobot.a(nxt_avr.oram)
                0x0020554c                avr_brainwash_string
 .rodata.nxt_avr_1kHz_update
                0x0020557c       0x14 /usr/include/../../../../nxtOSEK/ecrobot/../ecrobot/libecrobot.a(nxt_avr.oram)
 .rodata.C.33.1823
                0x00205590       0x10 /usr/include/../../../../nxtOSEK/ecrobot/../ecrobot/libecrobot.a(sensors.oram)
 .rodata.C.37.1857
                0x002055a0       0x10 /usr/include/../../../../nxtOSEK/ecrobot/../ecrobot/libecrobot.a(sensors.oram)
 .rodata.C.31.1806
                0x002055b0       0x10 /usr/include/../../../../nxtOSEK/ecrobot/../ecrobot/libecrobot.a(sensors.oram)
 .rodata.str1.4
                0x002055c0       0x23 /usr/include/../../../../nxtOSEK/ecrobot/../ecrobot/libecrobot.a(flash_loader.oram)
                                 0x24 (size before relaxing)
                0x002055f0                . = ALIGN (0x10)
 *fill*         0x002055e3        0xd 00
                0x002022c0                __ramtext_ram_start__ = ADDR (.ram_text)
                0x002055f0                __ramtext_ram_end__ = (ADDR (.ram_text) + SIZEOF (.ram_text))
                0x002022c0                __ramtext_load_start__ = LOADADDR (.ram_text)
                0x002055f0                __ramtext_load_end__ = (__ramtext_load_start__ + SIZEOF (.ram_text))

.wav_data       0x002055f0        0x0
 *.owav(*.data *.data.*)
                0x002055f0                . = ALIGN (0x10)

.bmp_data       0x002055f0      0x440
 *.obmp(*.data *.data.*)
 .data          0x002055f0      0x43e /usr/include/../../../../nxtOSEK/ecrobot/../ecrobot/libecrobot.a(nxtosek_splash.obmp)
                0x002055f0                nxtosek_splash_bmp_start
                0x00205a2e                nxtosek_splash_bmp_end
                0x00205a30                . = ALIGN (0x10)
 *fill*         0x00205a2e        0x2 00

.spr_data       0x00205a30        0x0
 *.ospr(*.data *.data.*)
                0x00205a30                . = ALIGN (0x10)

.data           0x00205a30      0x880
 *(*.data *.data.*)
 .data.bt_status
                0x00205a30        0x1 build/ecrobot_bluetooth.o
 *fill*         0x00205a31        0x3 00
 .data.distance_state
                0x00205a34       0x10 /usr/include/../../../../nxtOSEK/ecrobot/../ecrobot/libecrobot.a(ecrobot_interface.o)
 .data.deviceStatus
                0x00205a44        0x1 /usr/include/../../../../nxtOSEK/ecrobot/../ecrobot/libecrobot.a(ecrobot_interface.o)
 .data.named    0x00205a45       0x22 /usr/include/../../../../nxtOSEK/ecrobot/../ecrobot/libecrobot.a(udp.oram)
 .data.snd      0x00205a67       0x1a /usr/include/../../../../nxtOSEK/ecrobot/../ecrobot/libecrobot.a(udp.oram)
 *fill*         0x00205a81        0x3 00
 .data.configured
                0x00205a84        0x4 /usr/include/../../../../nxtOSEK/ecrobot/../ecrobot/libecrobot.a(udp.oram)
 .data.mode     0x00205a88        0x1 /usr/include/../../../../nxtOSEK/ecrobot/../ecrobot/libecrobot.a(nxt_spi.oram)
                0x00205a88                mode
 *fill*         0x00205a89        0x3 00
 .bss.data      0x00205a8c        0x4 /usr/include/../../../../nxtOSEK/ecrobot/../ecrobot/libecrobot.a(nxt_spi.oram)
                0x00205a8c                data
 .data.display_auto_update
                0x00205a90        0x4 /usr/include/../../../../nxtOSEK/ecrobot/../ecrobot/libecrobot.a(display.oram)
                0x00205a90                display_auto_update
 .data.display_buffer
                0x00205a94        0x4 /usr/include/../../../../nxtOSEK/ecrobot/../ecrobot/libecrobot.a(display.oram)
 .data          0x00205a98      0x410 /cygdrive/C/cygwin/GNUARM/bin/../lib/gcc/arm-elf/4.0.2/../../../../arm-elf/lib/thumb/interwork/libc.a(mallocr.o)
                0x00205a98                __malloc_sbrk_base
                0x00205aa0                __malloc_av_
                0x00205a9c                __malloc_trim_threshold
 .data          0x00205ea8      0x404 /cygdrive/C/cygwin/GNUARM/bin/../lib/gcc/arm-elf/4.0.2/../../../../arm-elf/lib/thumb/interwork/libc.a(impure.o)
                0x002062a8                _impure_ptr
                0x002062b0                . = ALIGN (0x10)
 *fill*         0x002062ac        0x4 00
                0x00205a30                __data_ram_start__ = ADDR (.data)
                0x002062b0                __data_ram_end__ = (ADDR (.data) + SIZEOF (.data))
                0x00205a30                __data_load_start__ = LOADADDR (.data)
                0x002062b0                __data_load_end__ = (__data_load_start__ + SIZEOF (.data))

.text           0x002062b0     0x23a0
                0x002062b0                . = ALIGN (0x10)
 *(*.text *.text.* *.glue*)
 .text.StartOS  0x002062b0       0x58 build/kernel/osctl.o
                0x002062b0                StartOS
 .text.call_pretaskhook
                0x00206308       0x24 build/kernel/osctl.o
                0x00206308                call_pretaskhook
 .text.call_posttaskhook
                0x0020632c       0x24 build/kernel/osctl.o
                0x0020632c                call_posttaskhook
 .text.make_runnable
                0x00206350       0xac build/kernel/task.o
                0x00206350                make_runnable
 .text.make_active
                0x002063fc       0x78 build/kernel/task.o
                0x002063fc                make_active
 .text.task_initialize
                0x00206474       0x90 build/kernel/task.o
                0x00206474                task_initialize
 .text.cpu_initialize
                0x00206504        0x4 build/config/at91sam7s-gnu/cpu_config.o
                0x00206504                cpu_initialize
 .text.sys_initialize
                0x00206508        0x4 build/config/at91sam7s-gnu/lego_nxt/sys_config.o
                0x00206508                sys_initialize
 .text.object_initialize
                0x0020650c        0xc build/./kernel_cfg.o
                0x0020650c                object_initialize
 .text._sbrk_r  0x00206518       0x1c build/syscalls.o
                0x00206518                _sbrk_r
 .text.ecrobot_get_bt_status
                0x00206534       0x10 build/ecrobot_bluetooth.o
                0x00206534                ecrobot_get_bt_status
 .text.close_bt_stream
                0x00206544       0x2c build/ecrobot_bluetooth.o
 .text.ecrobot_send_bt_packet
                0x00206570       0x54 build/ecrobot_bluetooth.o
                0x00206570                ecrobot_send_bt_packet
 .text.send_bt_command
                0x002065c4       0x40 build/ecrobot_bluetooth.o
 .text.ecrobot_term_bt_connection
                0x00206604       0x48 build/ecrobot_bluetooth.o
                0x00206604                ecrobot_term_bt_connection
 .text.ecrobot_set_bt_device_name
                0x0020664c       0x4c build/ecrobot_bluetooth.o
                0x0020664c                ecrobot_set_bt_device_name
 .text.read_bt_command
                0x00206698       0x5c build/ecrobot_bluetooth.o
 .text.open_bt_stream
                0x002066f4       0x50 build/ecrobot_bluetooth.o
 .text.ecrobot_get_bt_device_address
                0x00206744       0x6c build/ecrobot_bluetooth.o
                0x00206744                ecrobot_get_bt_device_address
 .text.ecrobot_init_bt_slave
                0x002067b0      0x12c build/ecrobot_bluetooth.o
                0x002067b0                ecrobot_init_bt_slave
 .text.init_OS_flag
                0x002068dc        0xc build/ecrobot_base.o
                0x002068dc                init_OS_flag
 .text.set_OS_flag
                0x002068e8        0xc build/ecrobot_base.o
                0x002068e8                set_OS_flag
 .text.get_OS_flag
                0x002068f4        0xc build/ecrobot_base.o
                0x002068f4                get_OS_flag
 .text.cpp_constructor
                0x00206900       0x28 build/ecrobot_base.o
                0x00206900                cpp_constructor
 .text.cpp_destructor
                0x00206928       0x28 build/ecrobot_base.o
                0x00206928                cpp_destructor
 .text.execution_mode
                0x00206950       0x24 build/ecrobot_base.o
                0x00206950                execution_mode
 .text.show_main_screen
                0x00206974       0x48 build/ecrobot_base.o
                0x00206974                show_main_screen
 .text.display_status_bar
                0x002069bc       0x5c build/ecrobot_base.o
                0x002069bc                display_status_bar
 .text.restart_NXT
                0x00206a18       0x2c build/ecrobot_base.o
                0x00206a18                restart_NXT
 .text.shutdown_NXT
                0x00206a44       0x2c build/ecrobot_base.o
                0x00206a44                shutdown_NXT
 .text.check_NXT_buttons
                0x00206a70       0x38 build/ecrobot_base.o
                0x00206a70                check_NXT_buttons
 .text.show_bd_addr
                0x00206aa8       0x44 build/ecrobot_base.o
                0x00206aa8                show_bd_addr
 .text.show_bd_addr_err
                0x00206aec       0x3c build/ecrobot_base.o
                0x00206aec                show_bd_addr_err
 .text.add_status_info
                0x00206b28       0x68 build/ecrobot_base.o
                0x00206b28                add_status_info
 .text.show_splash_screen
                0x00206b90       0x90 build/ecrobot_base.o
                0x00206b90                show_splash_screen
 .text.main     0x00206c20      0x10c build/ecrobot.o
                0x00206c20                main
 .text._ZN7ControlC1E5MotorS0_4Tail
                0x00206d2c       0x28 build/Control.o
                0x00206d2c                _ZN7ControlC1E5MotorS0_4Tail
 .text._ZN7Control3runEff
                0x00206d54       0x28 build/Control.o
                0x00206d54                _ZN7Control3runEff
 .text._ZN5MotorC1Ev
                0x00206d7c        0x4 build/Motor.o
                0x00206d7c                _ZN5MotorC1Ev
 .text._ZN5MotorC1E12MOTOR_PORT_T
                0x00206d80        0x4 build/Motor.o
                0x00206d80                _ZN5MotorC1E12MOTOR_PORT_T
 .text._ZN5Motor6rotateEf
                0x00206d84       0x1c build/Motor.o
                0x00206d84                _ZN5Motor6rotateEf
 .text._ZN4TailC1Ev
                0x00206da0        0x4 build/Tail.o
                0x00206da0                _ZN4TailC1Ev
 .text._ZN4TailC1E12MOTOR_PORT_T
                0x00206da4        0x4 build/Tail.o
                0x00206da4                _ZN4TailC1E12MOTOR_PORT_T
 .text._ZN4Tail7controlEf
                0x00206da8       0x64 build/Tail.o
                0x00206da8                _ZN4Tail7controlEf
 .text.ecrobot_device_initialize
                0x00206e0c       0x30 build/Main.o
                0x00206e0c                ecrobot_device_initialize
 .text.ecrobot_device_terminate
                0x00206e3c       0x18 build/Main.o
                0x00206e3c                ecrobot_device_terminate
 .text.user_1ms_isr_type2
                0x00206e54        0x4 build/Main.o
                0x00206e54                user_1ms_isr_type2
 .text.TaskMainTaskMain
                0x00206e58       0x78 build/Main.o
                0x00206e58                TaskMainTaskMain
 .text._Znwm    0x00206ed0       0x10 /usr/include/../../../../nxtOSEK/ecrobot/../ecrobot/libecrobot++.a(New.o)
                0x00206ed0                _Znwm
 .text.ecrobot_set_light_sensor_active
                0x00206ee0       0x10 /usr/include/../../../../nxtOSEK/ecrobot/../ecrobot/libecrobot.a(ecrobot_interface.o)
                0x00206ee0                ecrobot_set_light_sensor_active
 .text.ecrobot_set_light_sensor_inactive
                0x00206ef0       0x10 /usr/include/../../../../nxtOSEK/ecrobot/../ecrobot/libecrobot.a(ecrobot_interface.o)
                0x00206ef0                ecrobot_set_light_sensor_inactive
 .text.ecrobot_init_i2c
                0x00206f00       0x2c /usr/include/../../../../nxtOSEK/ecrobot/../ecrobot/libecrobot.a(ecrobot_interface.o)
                0x00206f00                ecrobot_init_i2c
 .text.getDistance
                0x00206f2c       0x20 /usr/include/../../../../nxtOSEK/ecrobot/../ecrobot/libecrobot.a(ecrobot_interface.o)
 .text.ecrobot_init_sonar_sensor
                0x00206f4c       0x10 /usr/include/../../../../nxtOSEK/ecrobot/../ecrobot/libecrobot.a(ecrobot_interface.o)
                0x00206f4c                ecrobot_init_sonar_sensor
 .text.ecrobot_term_sonar_sensor
                0x00206f5c       0x20 /usr/include/../../../../nxtOSEK/ecrobot/../ecrobot/libecrobot.a(ecrobot_interface.o)
                0x00206f5c                ecrobot_term_sonar_sensor
 .text.ecrobot_get_battery_voltage
                0x00206f7c        0xc /usr/include/../../../../nxtOSEK/ecrobot/../ecrobot/libecrobot.a(ecrobot_interface.o)
                0x00206f7c                ecrobot_get_battery_voltage
 .text.ecrobot_get_button_state
                0x00206f88        0xc /usr/include/../../../../nxtOSEK/ecrobot/../ecrobot/libecrobot.a(ecrobot_interface.o)
                0x00206f88                ecrobot_get_button_state
 .text.ecrobot_init_nxtstate
                0x00206f94       0x28 /usr/include/../../../../nxtOSEK/ecrobot/../ecrobot/libecrobot.a(ecrobot_interface.o)
                0x00206f94                ecrobot_init_nxtstate
 .text.ecrobot_poll_nxtstate
                0x00206fbc       0x64 /usr/include/../../../../nxtOSEK/ecrobot/../ecrobot/libecrobot.a(ecrobot_interface.o)
                0x00206fbc                ecrobot_poll_nxtstate
 .text.ecrobot_setDeviceInitialized
                0x00207020       0x18 /usr/include/../../../../nxtOSEK/ecrobot/../ecrobot/libecrobot.a(ecrobot_interface.o)
                0x00207020                ecrobot_setDeviceInitialized
 .text.ecrobot_initDeviceStatus
                0x00207038        0xc /usr/include/../../../../nxtOSEK/ecrobot/../ecrobot/libecrobot.a(ecrobot_interface.o)
                0x00207038                ecrobot_initDeviceStatus
 .text.ecrobot_bt_data_logger
                0x00207044       0x84 /usr/include/../../../../nxtOSEK/ecrobot/../ecrobot/libecrobot.a(ecrobot_interface.o)
                0x00207044                ecrobot_bt_data_logger
 .text.ecrobot_bmp2lcd
                0x002070c8      0x1c8 /usr/include/../../../../nxtOSEK/ecrobot/../ecrobot/libecrobot.a(ecrobot_interface.o)
                0x002070c8                ecrobot_bmp2lcd
 .text.StartupHook
                0x00207290        0x4 /usr/include/../../../../nxtOSEK/ecrobot/../ecrobot/libecrobot.a(osek_hook.o)
                0x00207290                StartupHook
 .text.PreTaskHook
                0x00207294        0x4 /usr/include/../../../../nxtOSEK/ecrobot/../ecrobot/libecrobot.a(osek_hook.o)
                0x00207294                PreTaskHook
 .text.PostTaskHook
                0x00207298        0x4 /usr/include/../../../../nxtOSEK/ecrobot/../ecrobot/libecrobot.a(osek_hook.o)
                0x00207298                PostTaskHook
 .text          0x0020729c       0x8c /cygdrive/C/cygwin/GNUARM/bin/../lib/gcc/arm-elf/4.0.2/thumb/interwork/libgcc.a(_udivsi3.o)
                0x0020729c                __udivsi3
                0x00207318                __aeabi_uidivmod
 .text          0x00207328       0xc8 /cygdrive/C/cygwin/GNUARM/bin/../lib/gcc/arm-elf/4.0.2/thumb/interwork/libgcc.a(_umodsi3.o)
                0x00207328                __umodsi3
 .text          0x002073f0        0x4 /cygdrive/C/cygwin/GNUARM/bin/../lib/gcc/arm-elf/4.0.2/thumb/interwork/libgcc.a(_dvmd_tls.o)
                0x002073f0                __aeabi_ldiv0
                0x002073f0                __div0
                0x002073f0                __aeabi_idiv0
 .text          0x002073f4      0x2ac /cygdrive/C/cygwin/GNUARM/bin/../lib/gcc/arm-elf/4.0.2/thumb/interwork/libgcc.a(_addsubsf3.o)
                0x00207400                __aeabi_fadd
                0x002073fc                __subsf3
                0x002075c4                __aeabi_i2f
                0x002073fc                __aeabi_fsub
                0x002075f4                __floatdisf
                0x002075c4                __floatsisf
                0x002075e4                __floatundisf
                0x002075bc                __aeabi_ui2f
                0x002075f4                __aeabi_l2f
                0x002075e4                __aeabi_ul2f
                0x002073f4                __aeabi_frsub
                0x002075bc                __floatunsisf
                0x00207400                __addsf3
 .text          0x002076a0      0x2f8 /cygdrive/C/cygwin/GNUARM/bin/../lib/gcc/arm-elf/4.0.2/thumb/interwork/libgcc.a(_muldivsf3.o)
                0x00207838                __divsf3
                0x00207838                __aeabi_fdiv
                0x002076a0                __mulsf3
                0x002076a0                __aeabi_fmul
 .text          0x00207998      0x110 /cygdrive/C/cygwin/GNUARM/bin/../lib/gcc/arm-elf/4.0.2/thumb/interwork/libgcc.a(_cmpsf2.o)
                0x00207a90                __aeabi_fcmpgt
                0x002079a0                __lesf2
                0x002079a8                __nesf2
                0x00207a78                __aeabi_fcmpge
                0x00207998                __gtsf2
                0x00207a60                __aeabi_fcmple
                0x002079a8                __eqsf2
                0x002079a8                __cmpsf2
                0x002079a0                __ltsf2
                0x00207a18                __aeabi_cfcmple
                0x00207998                __gesf2
                0x00207a30                __aeabi_fcmpeq
                0x00207a08                __aeabi_cfrcmple
                0x00207a48                __aeabi_fcmplt
                0x00207a18                __aeabi_cfcmpeq
 .text          0x00207aa8       0x5c /cygdrive/C/cygwin/GNUARM/bin/../lib/gcc/arm-elf/4.0.2/thumb/interwork/libgcc.a(_fixsfsi.o)
                0x00207aa8                __fixsfsi
                0x00207aa8                __aeabi_f2iz
 .text          0x00207b04       0x28 /cygdrive/C/cygwin/GNUARM/bin/../lib/gcc/arm-elf/4.0.2/../../../../arm-elf/lib/thumb/interwork/libc.a(malloc.o)
                0x00207b04                malloc
                0x00207b18                free
 .text          0x00207b2c      0x548 /cygdrive/C/cygwin/GNUARM/bin/../lib/gcc/arm-elf/4.0.2/../../../../arm-elf/lib/thumb/interwork/libc.a(mallocr.o)
                0x00207b2c                _malloc_r
 .text          0x00208074       0x68 /cygdrive/C/cygwin/GNUARM/bin/../lib/gcc/arm-elf/4.0.2/../../../../arm-elf/lib/thumb/interwork/libc.a(memcpy.o)
                0x00208074                memcpy
 .text          0x002080dc       0x68 /cygdrive/C/cygwin/GNUARM/bin/../lib/gcc/arm-elf/4.0.2/../../../../arm-elf/lib/thumb/interwork/libc.a(memset.o)
                0x002080dc                memset
 .text          0x00208144        0x8 /cygdrive/C/cygwin/GNUARM/bin/../lib/gcc/arm-elf/4.0.2/../../../../arm-elf/lib/thumb/interwork/libc.a(mlock.o)
                0x00208148                __malloc_unlock
                0x00208144                __malloc_lock
 .text          0x0020814c       0x60 /cygdrive/C/cygwin/GNUARM/bin/../lib/gcc/arm-elf/4.0.2/../../../../arm-elf/lib/thumb/interwork/libc.a(strcpy.o)
                0x0020814c                strcpy
 .text          0x002081ac       0x48 /cygdrive/C/cygwin/GNUARM/bin/../lib/gcc/arm-elf/4.0.2/../../../../arm-elf/lib/thumb/interwork/libc.a(strlen.o)
                0x002081ac                strlen
 .text          0x002081f4       0x84 /cygdrive/C/cygwin/GNUARM/bin/../lib/gcc/arm-elf/4.0.2/../../../../arm-elf/lib/thumb/interwork/libc.a(strncpy.o)
                0x002081f4                strncpy
 .text          0x00208278      0x260 /cygdrive/C/cygwin/GNUARM/bin/../lib/gcc/arm-elf/4.0.2/../../../../arm-elf/lib/thumb/interwork/libc.a(freer.o)
                0x00208318                _free_r
                0x00208278                _malloc_trim_r
 .glue_7        0x002084d8       0x30 /cygdrive/C/cygwin/GNUARM/bin/../lib/gcc/arm-elf/4.0.2/../../../../arm-elf/lib/thumb/interwork/libc.a(freer.o)
                0x002084f0                __call_posttaskhook_from_arm
                0x002084d9                __ecrobot_debug1_from_arm
                0x002084e5                __ecrobot_debug2_from_arm
                0x002084fc                __call_pretaskhook_from_arm
 .glue_7t       0x00208508       0x90 /cygdrive/C/cygwin/GNUARM/bin/../lib/gcc/arm-elf/4.0.2/../../../../arm-elf/lib/thumb/interwork/libc.a(freer.o)
                0x00208534                __start_change_to_arm
                0x00208580                __interrupts_get_and_disable_from_thumb
                0x00208579                ____gtdf2_from_thumb
                0x00208529                __exit_and_dispatch_from_thumb
                0x0020853c                ____fixsfsi_change_to_arm
                0x00208538                ____fixsfsi_from_thumb
                0x00208540                ____floatsisf_from_thumb
                0x0020852c                __exit_and_dispatch_change_to_arm
                0x00208508                __disable_int_from_thumb
                0x00208520                __start_dispatch_from_thumb
                0x00208560                ____ltsf2_from_thumb
                0x00208530                __start_from_thumb
                0x00208574                ____muldf3_change_to_arm
                0x00208510                __enable_int_from_thumb
                0x00208519                __dispatch_from_thumb
                0x0020858c                __interrupts_enable_change_to_arm
                0x00208558                ____gtsf2_from_thumb
                0x00208584                __interrupts_get_and_disable_change_to_arm
                0x0020851c                __dispatch_change_to_arm
                0x00208554                ____mulsf3_change_to_arm
                0x0020857c                ____gtdf2_change_to_arm
                0x00208569                ____floatsidf_from_thumb
                0x00208544                ____floatsisf_change_to_arm
                0x00208591                __display_bios_status_from_thumb
                0x00208548                ____subsf3_from_thumb
                0x0020855c                ____gtsf2_change_to_arm
                0x0020850c                __disable_int_change_to_arm
                0x00208564                ____ltsf2_change_to_arm
                0x00208550                ____mulsf3_from_thumb
                0x00208571                ____muldf3_from_thumb
                0x0020854c                ____subsf3_change_to_arm
                0x00208514                __enable_int_change_to_arm
                0x0020856c                ____floatsidf_change_to_arm
                0x00208588                __interrupts_enable_from_thumb
                0x00208594                __display_bios_status_change_to_arm
                0x00208524                __start_dispatch_change_to_arm
                0x002085a0                . = ALIGN (0x10)
 *fill*         0x00208598        0x8 00
 *(*.rodata *.rodata.*)
 .rodata.tinib_stksz
                0x002085a0        0x2 build/./kernel_cfg.o
                0x002085a0                tinib_stksz
 *fill*         0x002085a2        0x2 00
 .rodata.tinib_stk
                0x002085a4        0x4 build/./kernel_cfg.o
                0x002085a4                tinib_stk
 .rodata.tinib_task
                0x002085a8        0x4 build/./kernel_cfg.o
                0x002085a8                tinib_task
 .rodata.tinib_autoact
                0x002085ac        0x1 build/./kernel_cfg.o
                0x002085ac                tinib_autoact
 .rodata.tinib_exepri
                0x002085ad        0x1 build/./kernel_cfg.o
                0x002085ad                tinib_exepri
 .rodata.tinib_inipri
                0x002085ae        0x1 build/./kernel_cfg.o
                0x002085ae                tinib_inipri
 .rodata.tnum_exttask
                0x002085af        0x1 build/./kernel_cfg.o
                0x002085af                tnum_exttask
 .rodata.tnum_task
                0x002085b0        0x1 build/./kernel_cfg.o
                0x002085b0                tnum_task
 *fill*         0x002085b1        0x3 00
 .rodata.exec_addr
                0x002085b4        0x4 build/ecrobot_base.o
                0x002085b4                exec_addr
 .rodata.str1.4
                0x002085b8       0x80 build/ecrobot_base.o
 .rodata.str1.4
                0x00208638       0x11 build/Main.o
                                 0x14 (size before relaxing)
 *fill*         0x00208649        0x3 00
 .rodata.str1.4
                0x0020864c        0x2 /cygdrive/C/cygwin/GNUARM/bin/../lib/gcc/arm-elf/4.0.2/../../../../arm-elf/lib/thumb/interwork/libc.a(impure.o)
                                  0x4 (size before relaxing)
                0x00208650                . = ALIGN (0x10)
 *fill*         0x0020864e        0x2 00
 *(*.gnu.linkonce.* .gcc_except_table)
                0x00208650                . = ALIGN (0x10)

.tors           0x00208650        0x0
                0x00208650                . = ALIGN (0x10)
                0x00208650                __ctor_begin = .
 *(*.ctors*)
                0x00208650                __ctor_end = .
                0x00208650                . = ALIGN (0x10)
                0x00208650                __dtor_begin = .
 *(*.dtors*)
                0x00208650                __dtor_end = .
                0x00208650                . = ALIGN (0x10)

.bss            0x00208650     0x13d0
 *(*.bss *.bss.*)
 .bss.ready_primap
                0x00208650        0x2 build/kernel/task.o
 .bss.ready_queue_last
                0x00208652       0x10 build/kernel/task.o
 .bss.ready_queue_first
                0x00208662       0x10 build/kernel/task.o
 *fill*         0x00208672        0x2 00
 .bss._stack_TaskMain
                0x00208674      0x200 build/./kernel_cfg.o
 .bss.heap_ptr  0x00208874        0x4 build/syscalls.o
 .bss.receiveBuf
                0x00208878       0x80 build/ecrobot_bluetooth.o
 .bss.sendBuf   0x002088f8      0x100 build/ecrobot_bluetooth.o
 .bss.handle    0x002089f8        0x1 build/ecrobot_bluetooth.o
 *fill*         0x002089f9        0x3 00
 .bss.status_bar_position
                0x002089fc        0x4 build/ecrobot_base.o
 .bss.last_act_time.2742
                0x00208a00        0x4 build/ecrobot_base.o
 .bss.lcd.2671  0x00208a04      0x320 build/ecrobot_base.o
 .bss.OS_flag   0x00208d24        0x4 build/ecrobot_base.o
 .bss.status_bar
                0x00208d28       0x10 build/ecrobot_base.o
 .bss.buttons_i
                0x00208d38        0x4 /usr/include/../../../../nxtOSEK/ecrobot/../ecrobot/libecrobot.a(ecrobot_interface.o)
 .bss.buttons_states
                0x00208d3c       0x14 /usr/include/../../../../nxtOSEK/ecrobot/../ecrobot/libecrobot.a(ecrobot_interface.o)
 .bss.ecrobot_inputs
                0x00208d50        0x8 /usr/include/../../../../nxtOSEK/ecrobot/../ecrobot/libecrobot.a(ecrobot_interface.o)
 .bss.systick_ms
                0x00208d58        0x4 /usr/include/../../../../nxtOSEK/ecrobot/../ecrobot/libecrobot.a(systick.oram)
 .bss.delayedEnable
                0x00208d5c        0x1 /usr/include/../../../../nxtOSEK/ecrobot/../ecrobot/libecrobot.a(udp.oram)
 *fill*         0x00208d5d        0x3 00
 .bss.outCnt    0x00208d60        0x4 /usr/include/../../../../nxtOSEK/ecrobot/../ecrobot/libecrobot.a(udp.oram)
 .bss.outPtr    0x00208d64        0x4 /usr/include/../../../../nxtOSEK/ecrobot/../ecrobot/libecrobot.a(udp.oram)
 .bss.newAddress
                0x00208d68        0x4 /usr/include/../../../../nxtOSEK/ecrobot/../ecrobot/libecrobot.a(udp.oram)
 .bss.currentRxBank
                0x00208d6c        0x4 /usr/include/../../../../nxtOSEK/ecrobot/../ecrobot/libecrobot.a(udp.oram)
 .bss.currentFeatures
                0x00208d70        0x4 /usr/include/../../../../nxtOSEK/ecrobot/../ecrobot/libecrobot.a(udp.oram)
 .bss.currentConfig
                0x00208d74        0x1 /usr/include/../../../../nxtOSEK/ecrobot/../ecrobot/libecrobot.a(udp.oram)
 *fill*         0x00208d75        0x3 00
 .bss.twi_mask  0x00208d78        0x4 /usr/include/../../../../nxtOSEK/ecrobot/../ecrobot/libecrobot.a(twi.oram)
 .bss.twi_ptr   0x00208d7c        0x4 /usr/include/../../../../nxtOSEK/ecrobot/../ecrobot/libecrobot.a(twi.oram)
 .bss.twi_pending
                0x00208d80        0x4 /usr/include/../../../../nxtOSEK/ecrobot/../ecrobot/libecrobot.a(twi.oram)
 .bss.twi_state
                0x00208d84        0x4 /usr/include/../../../../nxtOSEK/ecrobot/../ecrobot/libecrobot.a(twi.oram)
 .bss.page      0x00208d88        0x1 /usr/include/../../../../nxtOSEK/ecrobot/../ecrobot/libecrobot.a(nxt_spi.oram)
                0x00208d88                page
 .bss.dirty     0x00208d89        0x1 /usr/include/../../../../nxtOSEK/ecrobot/../ecrobot/libecrobot.a(nxt_spi.oram)
                0x00208d89                dirty
 *fill*         0x00208d8a        0x2 00
 .bss.display   0x00208d8c        0x4 /usr/include/../../../../nxtOSEK/ecrobot/../ecrobot/libecrobot.a(nxt_spi.oram)
                0x00208d8c                display
 .bss.interrupts_this_period
                0x00208d90        0x4 /usr/include/../../../../nxtOSEK/ecrobot/../ecrobot/libecrobot.a(nxt_motors.oram)
 .bss.nxt_motor_initialised
                0x00208d94        0x4 /usr/include/../../../../nxtOSEK/ecrobot/../ecrobot/libecrobot.a(nxt_motors.oram)
 .bss.motor     0x00208d98       0x30 /usr/include/../../../../nxtOSEK/ecrobot/../ecrobot/libecrobot.a(nxt_motors.oram)
 .bss.display_tick
                0x00208dc8        0x4 /usr/include/../../../../nxtOSEK/ecrobot/../ecrobot/libecrobot.a(display.oram)
                0x00208dc8                display_tick
 .bss.display_array
                0x00208dcc      0x388 /usr/include/../../../../nxtOSEK/ecrobot/../ecrobot/libecrobot.a(display.oram)
 .bss.i2c_int_count
                0x00209154        0x4 /usr/include/../../../../nxtOSEK/ecrobot/../ecrobot/libecrobot.a(i2c.oram)
 .bss.i2c_port  0x00209158      0x170 /usr/include/../../../../nxtOSEK/ecrobot/../ecrobot/libecrobot.a(i2c.oram)
 .bss.sound_mode
                0x002092c8        0x1 /usr/include/../../../../nxtOSEK/ecrobot/../ecrobot/libecrobot.a(sound.oram)
                0x002092c8                sound_mode
 *fill*         0x002092c9        0x3 00
 .bss.in_buf_idx
                0x002092cc        0x4 /usr/include/../../../../nxtOSEK/ecrobot/../ecrobot/libecrobot.a(bt.oram)
 .bss.buf_ptr   0x002092d0        0x4 /usr/include/../../../../nxtOSEK/ecrobot/../ecrobot/libecrobot.a(bt.oram)
 .bss.out_buf   0x002092d4      0x200 /usr/include/../../../../nxtOSEK/ecrobot/../ecrobot/libecrobot.a(bt.oram)
 .bss.out_buf_ptr
                0x002094d4        0x1 /usr/include/../../../../nxtOSEK/ecrobot/../ecrobot/libecrobot.a(bt.oram)
 .bss.in_buf_in_ptr
                0x002094d5        0x1 /usr/include/../../../../nxtOSEK/ecrobot/../ecrobot/libecrobot.a(bt.oram)
 .bss.in_buf    0x002094d6      0x100 /usr/include/../../../../nxtOSEK/ecrobot/../ecrobot/libecrobot.a(bt.oram)
 *fill*         0x002095d6        0x2 00
 .bss.link_state
                0x002095d8        0x4 /usr/include/../../../../nxtOSEK/ecrobot/../ecrobot/libecrobot.a(nxt_avr.oram)
 .bss.update_count
                0x002095dc        0x4 /usr/include/../../../../nxtOSEK/ecrobot/../ecrobot/libecrobot.a(nxt_avr.oram)
 .bss.nxt_avr_stats
                0x002095e0       0x14 /usr/include/../../../../nxtOSEK/ecrobot/../ecrobot/libecrobot.a(nxt_avr.oram)
 .bss.debounce_cnt
                0x002095f4        0x2 /usr/include/../../../../nxtOSEK/ecrobot/../ecrobot/libecrobot.a(nxt_avr.oram)
 .bss.debounce_state
                0x002095f6        0x2 /usr/include/../../../../nxtOSEK/ecrobot/../ecrobot/libecrobot.a(nxt_avr.oram)
 .bss.button_state
                0x002095f8        0x2 /usr/include/../../../../nxtOSEK/ecrobot/../ecrobot/libecrobot.a(nxt_avr.oram)
 .bss.prev_buttons
                0x002095fa        0x2 /usr/include/../../../../nxtOSEK/ecrobot/../ecrobot/libecrobot.a(nxt_avr.oram)
 .bss.from_buf  0x002095fc        0x4 /usr/include/../../../../nxtOSEK/ecrobot/../ecrobot/libecrobot.a(nxt_avr.oram)
 .bss.io_from_avr
                0x00209600        0x4 /usr/include/../../../../nxtOSEK/ecrobot/../ecrobot/libecrobot.a(nxt_avr.oram)
 .bss.data_from_avr
                0x00209604       0x1a /usr/include/../../../../nxtOSEK/ecrobot/../ecrobot/libecrobot.a(nxt_avr.oram)
 .bss.data_to_avr
                0x0020961e        0x9 /usr/include/../../../../nxtOSEK/ecrobot/../ecrobot/libecrobot.a(nxt_avr.oram)
 .bss.io_to_avr
                0x00209627        0x8 /usr/include/../../../../nxtOSEK/ecrobot/../ecrobot/libecrobot.a(nxt_avr.oram)
 *fill*         0x0020962f        0x1 00
 .bss.display   0x00209630        0x4 /usr/include/../../../../nxtOSEK/ecrobot/../ecrobot/libecrobot.a(nxt_lcd.oram)
 .bss           0x00209634       0x34 /cygdrive/C/cygwin/GNUARM/bin/../lib/gcc/arm-elf/4.0.2/../../../../arm-elf/lib/thumb/interwork/libc.a(mallocr.o)
                0x00209664                __malloc_top_pad
                0x00209660                __malloc_max_sbrked_mem
                0x00209634                __malloc_current_mallinfo
                0x0020965c                __malloc_max_total_mem
                0x00209670                . = ALIGN (0x10)
 *fill*         0x00209668        0x8 00
                0x00209670                __bss_end__ = .
 COMMON         0x00209670        0x2 build/kernel/interrupt.o
                0x00209670                runisr
                0x00209671                sus_all_cnt
 *fill*         0x00209672        0x2 00
 COMMON         0x00209674       0x10 build/kernel/osctl.o
                0x00209674                callevel
                0x00209675                _errorhook_svcid
                0x00209676                appmode
                0x00209678                _errorhook_par1
                0x0020967c                _errorhook_par3
                0x00209680                _errorhook_par2
 COMMON         0x00209684        0x3 build/kernel/task.o
                0x00209684                runtsk
                0x00209685                schedtsk
                0x00209686                nextpri
 *fill*         0x00209687        0x1 00
 COMMON         0x00209688       0x2c build/./kernel_cfg.o
                0x00209688                tcb_waievt
                0x0020968c                rescb_prevpri
                0x0020968d                almcb_prev
                0x0020968e                tcb_lastres
                0x00209690                almcb_almval
                0x00209694                tcxb_pc
                0x00209698                tcb_next
                0x00209699                tcb_curpri
                0x0020969a                tcb_tstat
                0x0020969b                isrcb_lastres
                0x0020969c                cntcb_almque
                0x0020969d                rescb_prevres
                0x0020969e                tcb_actcnt
                0x002096a0                tcb_curevt
                0x002096a4                almcb_cycle
                0x002096a8                tcxb_sp
                0x002096ac                almcb_next
                0x002096b0                cntcb_curval
 COMMON         0x002096b4       0x44 /usr/include/../../../../nxtOSEK/ecrobot/../ecrobot/libecrobot.a(uart.oram)
                0x002096b4                uart
 COMMON         0x002096f8        0x4 /usr/include/../../../../nxtOSEK/ecrobot/../ecrobot/libecrobot.a(data_abort.oram)
                0x002096f8                data_abort_pc
 COMMON         0x002096fc        0x8 /usr/include/../../../../nxtOSEK/ecrobot/../ecrobot/libecrobot.a(display.oram)
                0x002096fc                display_x
                0x00209700                display_y
 COMMON         0x00209704      0x31c /usr/include/../../../../nxtOSEK/ecrobot/../ecrobot/libecrobot.a(sound.oram)
                0x00209704                sample
                0x00208650                __bss_start__ = ADDR (.bss)
                0x00209a20                __bss_end__ = (ADDR (.bss) + SIZEOF (.bss))
                0x00209a20                PROVIDE (end, .)

.heap_area      0x00209a20     0x6158
                0x0020fb78                . = (. + (0x20fb78 - end))
 *fill*         0x00209a20     0x6158 00

.stack          0x0020fb78      0x488
                0x0020fbf8                . = (. + 0x80)
 *fill*         0x0020fb78       0x80 00
                0x0020fc00                . = ALIGN (0x10)
 *fill*         0x0020fbf8        0x8 00
                0x0020fc00                __irq_stack__ = .
                0x0020fc00                __system_stack_bottom__ = .
                0x00210000                . = (. + 0x400)
 *fill*         0x0020fc00      0x400 00
                0x00210000                . = ALIGN (0x10)
                0x00210000                __system_stack__ = .
                0x00210000                __system_stack_top__ = .
                0x0020fb78                __stack_start__ = ADDR (.stack)
                0x00210000                __stack_end__ = (ADDR (.stack) + SIZEOF (.stack))
OUTPUT(oka++_ram.elf elf32-littlearm)

.comment        0x00000000      0x414
 .comment       0x00000000       0x12 build/kernel/alarm.o
 .comment       0x00000012       0x12 build/kernel/event.o
 .comment       0x00000024       0x12 build/kernel/interrupt.o
 .comment       0x00000036       0x12 build/kernel/osctl.o
 .comment       0x00000048       0x12 build/kernel/resource.o
 .comment       0x0000005a       0x12 build/kernel/task.o
 .comment       0x0000006c       0x12 build/kernel/task_manage.o
 .comment       0x0000007e       0x12 build/config/at91sam7s-gnu/cpu_config.o
 .comment       0x00000090       0x12 build/config/at91sam7s-gnu/lego_nxt/sys_config.o
 .comment       0x000000a2       0x12 build/./kernel_cfg.o
 .comment       0x000000b4       0x12 build/rtoscalls.o
 .comment       0x000000c6       0x12 build/syscalls.o
 .comment       0x000000d8       0x12 build/ecrobot_bluetooth.o
 .comment       0x000000ea       0x12 build/ecrobot_base.o
 .comment       0x000000fc       0x12 build/ecrobot.o
 .comment       0x0000010e       0x12 build/syslib/at91sam7s-gnu/lego_nxt/hw_sys_timer.oram
 .comment       0x00000120       0x12 build/Control.o
 .comment       0x00000132       0x12 build/Motor.o
 .comment       0x00000144       0x12 build/Tail.o
 .comment       0x00000156       0x12 build/Main.o
 .comment       0x00000168       0x12 /usr/include/../../../../nxtOSEK/ecrobot/../ecrobot/libecrobot++.a(New.o)
 .comment       0x0000017a       0x12 /usr/include/../../../../nxtOSEK/ecrobot/../ecrobot/libecrobot.a(ecrobot_interface.o)
 .comment       0x0000018c       0x12 /usr/include/../../../../nxtOSEK/ecrobot/../ecrobot/libecrobot.a(colorsensor.o)
 .comment       0x0000019e       0x12 /usr/include/../../../../nxtOSEK/ecrobot/../ecrobot/libecrobot.a(osek_hook.o)
 .comment       0x000001b0       0x12 /usr/include/../../../../nxtOSEK/ecrobot/../ecrobot/libecrobot.a(uart.oram)
 .comment       0x000001c2       0x12 /usr/include/../../../../nxtOSEK/ecrobot/../ecrobot/libecrobot.a(systick.oram)
 .comment       0x000001d4       0x12 /usr/include/../../../../nxtOSEK/ecrobot/../ecrobot/libecrobot.a(byte_fifo.oram)
 .comment       0x000001e6       0x12 /usr/include/../../../../nxtOSEK/ecrobot/../ecrobot/libecrobot.a(aic.oram)
 .comment       0x000001f8       0x12 /usr/include/../../../../nxtOSEK/ecrobot/../ecrobot/libecrobot.a(udp.oram)
 .comment       0x0000020a       0x12 /usr/include/../../../../nxtOSEK/ecrobot/../ecrobot/libecrobot.a(twi.oram)
 .comment       0x0000021c       0x12 /usr/include/../../../../nxtOSEK/ecrobot/../ecrobot/libecrobot.a(nxt_spi.oram)
 .comment       0x0000022e       0x12 /usr/include/../../../../nxtOSEK/ecrobot/../ecrobot/libecrobot.a(nxt_motors.oram)
 .comment       0x00000240       0x12 /usr/include/../../../../nxtOSEK/ecrobot/../ecrobot/libecrobot.a(data_abort.oram)
 .comment       0x00000252       0x12 /usr/include/../../../../nxtOSEK/ecrobot/../ecrobot/libecrobot.a(display.oram)
 .comment       0x00000264       0x12 /usr/include/../../../../nxtOSEK/ecrobot/../ecrobot/libecrobot.a(i2c.oram)
 .comment       0x00000276       0x12 /usr/include/../../../../nxtOSEK/ecrobot/../ecrobot/libecrobot.a(sound.oram)
 .comment       0x00000288       0x12 /usr/include/../../../../nxtOSEK/ecrobot/../ecrobot/libecrobot.a(bt.oram)
 .comment       0x0000029a       0x12 /usr/include/../../../../nxtOSEK/ecrobot/../ecrobot/libecrobot.a(nxt_avr.oram)
 .comment       0x000002ac       0x12 /usr/include/../../../../nxtOSEK/ecrobot/../ecrobot/libecrobot.a(sensors.oram)
 .comment       0x000002be       0x12 /usr/include/../../../../nxtOSEK/ecrobot/../ecrobot/libecrobot.a(sensors1.oram)
 .comment       0x000002d0       0x12 /usr/include/../../../../nxtOSEK/ecrobot/../ecrobot/libecrobot.a(nxt_lcd.oram)
 .comment       0x000002e2       0x12 /usr/include/../../../../nxtOSEK/ecrobot/../ecrobot/libecrobot.a(flash_loader.oram)
 .comment       0x000002f4       0x12 /usr/include/../../../../nxtOSEK/ecrobot/../ecrobot/libecrobot.a(ecrobot_usb.o)
 .comment       0x00000306       0x12 /usr/include/../../../../nxtOSEK/ecrobot/../ecrobot/libecrobot.a(flashprog.oram)
 .comment       0x00000318       0x12 /cygdrive/C/cygwin/GNUARM/bin/../lib/gcc/arm-elf/4.0.2/thumb/interwork/libgcc.a(_muldi3.o)
 .comment       0x0000032a       0x12 /cygdrive/C/cygwin/GNUARM/bin/../lib/gcc/arm-elf/4.0.2/thumb/interwork/libgcc.a(_divdi3.o)
 .comment       0x0000033c       0x12 /cygdrive/C/cygwin/GNUARM/bin/../lib/gcc/arm-elf/4.0.2/thumb/interwork/libgcc.a(_clz.o)
 .comment       0x0000034e       0x12 /cygdrive/C/cygwin/GNUARM/bin/../lib/gcc/arm-elf/4.0.2/../../../../arm-elf/lib/thumb/interwork/libc.a(malloc.o)
 .comment       0x00000360       0x12 /cygdrive/C/cygwin/GNUARM/bin/../lib/gcc/arm-elf/4.0.2/../../../../arm-elf/lib/thumb/interwork/libc.a(mallocr.o)
 .comment       0x00000372       0x12 /cygdrive/C/cygwin/GNUARM/bin/../lib/gcc/arm-elf/4.0.2/../../../../arm-elf/lib/thumb/interwork/libc.a(memcpy.o)
 .comment       0x00000384       0x12 /cygdrive/C/cygwin/GNUARM/bin/../lib/gcc/arm-elf/4.0.2/../../../../arm-elf/lib/thumb/interwork/libc.a(memset.o)
 .comment       0x00000396       0x12 /cygdrive/C/cygwin/GNUARM/bin/../lib/gcc/arm-elf/4.0.2/../../../../arm-elf/lib/thumb/interwork/libc.a(mlock.o)
 .comment       0x000003a8       0x12 /cygdrive/C/cygwin/GNUARM/bin/../lib/gcc/arm-elf/4.0.2/../../../../arm-elf/lib/thumb/interwork/libc.a(strcmp.o)
 .comment       0x000003ba       0x12 /cygdrive/C/cygwin/GNUARM/bin/../lib/gcc/arm-elf/4.0.2/../../../../arm-elf/lib/thumb/interwork/libc.a(strcpy.o)
 .comment       0x000003cc       0x12 /cygdrive/C/cygwin/GNUARM/bin/../lib/gcc/arm-elf/4.0.2/../../../../arm-elf/lib/thumb/interwork/libc.a(strlen.o)
 .comment       0x000003de       0x12 /cygdrive/C/cygwin/GNUARM/bin/../lib/gcc/arm-elf/4.0.2/../../../../arm-elf/lib/thumb/interwork/libc.a(strncpy.o)
 .comment       0x000003f0       0x12 /cygdrive/C/cygwin/GNUARM/bin/../lib/gcc/arm-elf/4.0.2/../../../../arm-elf/lib/thumb/interwork/libc.a(freer.o)
 .comment       0x00000402       0x12 /cygdrive/C/cygwin/GNUARM/bin/../lib/gcc/arm-elf/4.0.2/../../../../arm-elf/lib/thumb/interwork/libc.a(impure.o)

.debug_line     0x00000000     0x151e
 .debug_line    0x00000000       0x70 /cygdrive/C/cygwin/GNUARM/bin/../lib/gcc/arm-elf/4.0.2/thumb/interwork/libgcc.a(_udivsi3.o)
 .debug_line    0x00000070       0x7c /cygdrive/C/cygwin/GNUARM/bin/../lib/gcc/arm-elf/4.0.2/thumb/interwork/libgcc.a(_divsi3.o)
 .debug_line    0x000000ec       0x68 /cygdrive/C/cygwin/GNUARM/bin/../lib/gcc/arm-elf/4.0.2/thumb/interwork/libgcc.a(_umodsi3.o)
 .debug_line    0x00000154       0x71 /cygdrive/C/cygwin/GNUARM/bin/../lib/gcc/arm-elf/4.0.2/thumb/interwork/libgcc.a(_modsi3.o)
 .debug_line    0x000001c5       0x5a /cygdrive/C/cygwin/GNUARM/bin/../lib/gcc/arm-elf/4.0.2/thumb/interwork/libgcc.a(_dvmd_tls.o)
 .debug_line    0x0000021f      0x162 /cygdrive/C/cygwin/GNUARM/bin/../lib/gcc/arm-elf/4.0.2/thumb/interwork/libgcc.a(_addsubdf3.o)
 .debug_line    0x00000381      0x177 /cygdrive/C/cygwin/GNUARM/bin/../lib/gcc/arm-elf/4.0.2/thumb/interwork/libgcc.a(_muldivdf3.o)
 .debug_line    0x000004f8       0xa4 /cygdrive/C/cygwin/GNUARM/bin/../lib/gcc/arm-elf/4.0.2/thumb/interwork/libgcc.a(_cmpdf2.o)
 .debug_line    0x0000059c      0x110 /cygdrive/C/cygwin/GNUARM/bin/../lib/gcc/arm-elf/4.0.2/thumb/interwork/libgcc.a(_addsubsf3.o)
 .debug_line    0x000006ac      0x11a /cygdrive/C/cygwin/GNUARM/bin/../lib/gcc/arm-elf/4.0.2/thumb/interwork/libgcc.a(_muldivsf3.o)
 .debug_line    0x000007c6       0x98 /cygdrive/C/cygwin/GNUARM/bin/../lib/gcc/arm-elf/4.0.2/thumb/interwork/libgcc.a(_cmpsf2.o)
 .debug_line    0x0000085e       0x6f /cygdrive/C/cygwin/GNUARM/bin/../lib/gcc/arm-elf/4.0.2/thumb/interwork/libgcc.a(_fixsfsi.o)
 .debug_line    0x000008cd       0x61 /cygdrive/C/cygwin/GNUARM/bin/../lib/gcc/arm-elf/4.0.2/thumb/interwork/libgcc.a(_muldi3.o)
 .debug_line    0x0000092e      0x122 /cygdrive/C/cygwin/GNUARM/bin/../lib/gcc/arm-elf/4.0.2/thumb/interwork/libgcc.a(_divdi3.o)
 .debug_line    0x00000a50       0x48 /cygdrive/C/cygwin/GNUARM/bin/../lib/gcc/arm-elf/4.0.2/thumb/interwork/libgcc.a(_clz.o)
 .debug_line    0x00000a98       0xfd /cygdrive/C/cygwin/GNUARM/bin/../lib/gcc/arm-elf/4.0.2/../../../../arm-elf/lib/thumb/interwork/libc.a(malloc.o)
 .debug_line    0x00000b95      0x23d /cygdrive/C/cygwin/GNUARM/bin/../lib/gcc/arm-elf/4.0.2/../../../../arm-elf/lib/thumb/interwork/libc.a(mallocr.o)
 .debug_line    0x00000dd2       0xc3 /cygdrive/C/cygwin/GNUARM/bin/../lib/gcc/arm-elf/4.0.2/../../../../arm-elf/lib/thumb/interwork/libc.a(memcpy.o)
 .debug_line    0x00000e95       0xd4 /cygdrive/C/cygwin/GNUARM/bin/../lib/gcc/arm-elf/4.0.2/../../../../arm-elf/lib/thumb/interwork/libc.a(memset.o)
 .debug_line    0x00000f69       0xf5 /cygdrive/C/cygwin/GNUARM/bin/../lib/gcc/arm-elf/4.0.2/../../../../arm-elf/lib/thumb/interwork/libc.a(mlock.o)
 .debug_line    0x0000105e       0x88 /cygdrive/C/cygwin/GNUARM/bin/../lib/gcc/arm-elf/4.0.2/../../../../arm-elf/lib/thumb/interwork/libc.a(strcmp.o)
 .debug_line    0x000010e6       0x80 /cygdrive/C/cygwin/GNUARM/bin/../lib/gcc/arm-elf/4.0.2/../../../../arm-elf/lib/thumb/interwork/libc.a(strcpy.o)
 .debug_line    0x00001166       0xaf /cygdrive/C/cygwin/GNUARM/bin/../lib/gcc/arm-elf/4.0.2/../../../../arm-elf/lib/thumb/interwork/libc.a(strlen.o)
 .debug_line    0x00001215       0xc2 /cygdrive/C/cygwin/GNUARM/bin/../lib/gcc/arm-elf/4.0.2/../../../../arm-elf/lib/thumb/interwork/libc.a(strncpy.o)
 .debug_line    0x000012d7      0x164 /cygdrive/C/cygwin/GNUARM/bin/../lib/gcc/arm-elf/4.0.2/../../../../arm-elf/lib/thumb/interwork/libc.a(freer.o)
 .debug_line    0x0000143b       0xe3 /cygdrive/C/cygwin/GNUARM/bin/../lib/gcc/arm-elf/4.0.2/../../../../arm-elf/lib/thumb/interwork/libc.a(impure.o)

.debug_info     0x00000000     0x4943
 .debug_info    0x00000000       0x6a /cygdrive/C/cygwin/GNUARM/bin/../lib/gcc/arm-elf/4.0.2/thumb/interwork/libgcc.a(_udivsi3.o)
 .debug_info    0x0000006a       0x6a /cygdrive/C/cygwin/GNUARM/bin/../lib/gcc/arm-elf/4.0.2/thumb/interwork/libgcc.a(_divsi3.o)
 .debug_info    0x000000d4       0x6a /cygdrive/C/cygwin/GNUARM/bin/../lib/gcc/arm-elf/4.0.2/thumb/interwork/libgcc.a(_umodsi3.o)
 .debug_info    0x0000013e       0x6a /cygdrive/C/cygwin/GNUARM/bin/../lib/gcc/arm-elf/4.0.2/thumb/interwork/libgcc.a(_modsi3.o)
 .debug_info    0x000001a8       0x6a /cygdrive/C/cygwin/GNUARM/bin/../lib/gcc/arm-elf/4.0.2/thumb/interwork/libgcc.a(_dvmd_tls.o)
 .debug_info    0x00000212       0x69 /cygdrive/C/cygwin/GNUARM/bin/../lib/gcc/arm-elf/4.0.2/thumb/interwork/libgcc.a(_addsubdf3.o)
 .debug_info    0x0000027b       0x69 /cygdrive/C/cygwin/GNUARM/bin/../lib/gcc/arm-elf/4.0.2/thumb/interwork/libgcc.a(_muldivdf3.o)
 .debug_info    0x000002e4       0x69 /cygdrive/C/cygwin/GNUARM/bin/../lib/gcc/arm-elf/4.0.2/thumb/interwork/libgcc.a(_cmpdf2.o)
 .debug_info    0x0000034d       0x69 /cygdrive/C/cygwin/GNUARM/bin/../lib/gcc/arm-elf/4.0.2/thumb/interwork/libgcc.a(_addsubsf3.o)
 .debug_info    0x000003b6       0x69 /cygdrive/C/cygwin/GNUARM/bin/../lib/gcc/arm-elf/4.0.2/thumb/interwork/libgcc.a(_muldivsf3.o)
 .debug_info    0x0000041f       0x69 /cygdrive/C/cygwin/GNUARM/bin/../lib/gcc/arm-elf/4.0.2/thumb/interwork/libgcc.a(_cmpsf2.o)
 .debug_info    0x00000488       0x69 /cygdrive/C/cygwin/GNUARM/bin/../lib/gcc/arm-elf/4.0.2/thumb/interwork/libgcc.a(_fixsfsi.o)
 .debug_info    0x000004f1      0x20e /cygdrive/C/cygwin/GNUARM/bin/../lib/gcc/arm-elf/4.0.2/thumb/interwork/libgcc.a(_muldi3.o)
 .debug_info    0x000006ff      0x758 /cygdrive/C/cygwin/GNUARM/bin/../lib/gcc/arm-elf/4.0.2/thumb/interwork/libgcc.a(_divdi3.o)
 .debug_info    0x00000e57       0xc9 /cygdrive/C/cygwin/GNUARM/bin/../lib/gcc/arm-elf/4.0.2/thumb/interwork/libgcc.a(_clz.o)
 .debug_info    0x00000f20      0x955 /cygdrive/C/cygwin/GNUARM/bin/../lib/gcc/arm-elf/4.0.2/../../../../arm-elf/lib/thumb/interwork/libc.a(malloc.o)
 .debug_info    0x00001875      0xcbd /cygdrive/C/cygwin/GNUARM/bin/../lib/gcc/arm-elf/4.0.2/../../../../arm-elf/lib/thumb/interwork/libc.a(mallocr.o)
 .debug_info    0x00002532      0x10d /cygdrive/C/cygwin/GNUARM/bin/../lib/gcc/arm-elf/4.0.2/../../../../arm-elf/lib/thumb/interwork/libc.a(memcpy.o)
 .debug_info    0x0000263f      0x111 /cygdrive/C/cygwin/GNUARM/bin/../lib/gcc/arm-elf/4.0.2/../../../../arm-elf/lib/thumb/interwork/libc.a(memset.o)
 .debug_info    0x00002750      0x93e /cygdrive/C/cygwin/GNUARM/bin/../lib/gcc/arm-elf/4.0.2/../../../../arm-elf/lib/thumb/interwork/libc.a(mlock.o)
 .debug_info    0x0000308e       0xd9 /cygdrive/C/cygwin/GNUARM/bin/../lib/gcc/arm-elf/4.0.2/../../../../arm-elf/lib/thumb/interwork/libc.a(strcmp.o)
 .debug_info    0x00003167      0x10c /cygdrive/C/cygwin/GNUARM/bin/../lib/gcc/arm-elf/4.0.2/../../../../arm-elf/lib/thumb/interwork/libc.a(strcpy.o)
 .debug_info    0x00003273       0xd5 /cygdrive/C/cygwin/GNUARM/bin/../lib/gcc/arm-elf/4.0.2/../../../../arm-elf/lib/thumb/interwork/libc.a(strlen.o)
 .debug_info    0x00003348      0x126 /cygdrive/C/cygwin/GNUARM/bin/../lib/gcc/arm-elf/4.0.2/../../../../arm-elf/lib/thumb/interwork/libc.a(strncpy.o)
 .debug_info    0x0000346e      0xbb3 /cygdrive/C/cygwin/GNUARM/bin/../lib/gcc/arm-elf/4.0.2/../../../../arm-elf/lib/thumb/interwork/libc.a(freer.o)
 .debug_info    0x00004021      0x922 /cygdrive/C/cygwin/GNUARM/bin/../lib/gcc/arm-elf/4.0.2/../../../../arm-elf/lib/thumb/interwork/libc.a(impure.o)

.debug_abbrev   0x00000000      0xf22
 .debug_abbrev  0x00000000       0x14 /cygdrive/C/cygwin/GNUARM/bin/../lib/gcc/arm-elf/4.0.2/thumb/interwork/libgcc.a(_udivsi3.o)
 .debug_abbrev  0x00000014       0x14 /cygdrive/C/cygwin/GNUARM/bin/../lib/gcc/arm-elf/4.0.2/thumb/interwork/libgcc.a(_divsi3.o)
 .debug_abbrev  0x00000028       0x14 /cygdrive/C/cygwin/GNUARM/bin/../lib/gcc/arm-elf/4.0.2/thumb/interwork/libgcc.a(_umodsi3.o)
 .debug_abbrev  0x0000003c       0x14 /cygdrive/C/cygwin/GNUARM/bin/../lib/gcc/arm-elf/4.0.2/thumb/interwork/libgcc.a(_modsi3.o)
 .debug_abbrev  0x00000050       0x14 /cygdrive/C/cygwin/GNUARM/bin/../lib/gcc/arm-elf/4.0.2/thumb/interwork/libgcc.a(_dvmd_tls.o)
 .debug_abbrev  0x00000064       0x14 /cygdrive/C/cygwin/GNUARM/bin/../lib/gcc/arm-elf/4.0.2/thumb/interwork/libgcc.a(_addsubdf3.o)
 .debug_abbrev  0x00000078       0x14 /cygdrive/C/cygwin/GNUARM/bin/../lib/gcc/arm-elf/4.0.2/thumb/interwork/libgcc.a(_muldivdf3.o)
 .debug_abbrev  0x0000008c       0x14 /cygdrive/C/cygwin/GNUARM/bin/../lib/gcc/arm-elf/4.0.2/thumb/interwork/libgcc.a(_cmpdf2.o)
 .debug_abbrev  0x000000a0       0x14 /cygdrive/C/cygwin/GNUARM/bin/../lib/gcc/arm-elf/4.0.2/thumb/interwork/libgcc.a(_addsubsf3.o)
 .debug_abbrev  0x000000b4       0x14 /cygdrive/C/cygwin/GNUARM/bin/../lib/gcc/arm-elf/4.0.2/thumb/interwork/libgcc.a(_muldivsf3.o)
 .debug_abbrev  0x000000c8       0x14 /cygdrive/C/cygwin/GNUARM/bin/../lib/gcc/arm-elf/4.0.2/thumb/interwork/libgcc.a(_cmpsf2.o)
 .debug_abbrev  0x000000dc       0x14 /cygdrive/C/cygwin/GNUARM/bin/../lib/gcc/arm-elf/4.0.2/thumb/interwork/libgcc.a(_fixsfsi.o)
 .debug_abbrev  0x000000f0       0xec /cygdrive/C/cygwin/GNUARM/bin/../lib/gcc/arm-elf/4.0.2/thumb/interwork/libgcc.a(_muldi3.o)
 .debug_abbrev  0x000001dc      0x174 /cygdrive/C/cygwin/GNUARM/bin/../lib/gcc/arm-elf/4.0.2/thumb/interwork/libgcc.a(_divdi3.o)
 .debug_abbrev  0x00000350       0x61 /cygdrive/C/cygwin/GNUARM/bin/../lib/gcc/arm-elf/4.0.2/thumb/interwork/libgcc.a(_clz.o)
 .debug_abbrev  0x000003b1      0x187 /cygdrive/C/cygwin/GNUARM/bin/../lib/gcc/arm-elf/4.0.2/../../../../arm-elf/lib/thumb/interwork/libc.a(malloc.o)
 .debug_abbrev  0x00000538      0x214 /cygdrive/C/cygwin/GNUARM/bin/../lib/gcc/arm-elf/4.0.2/../../../../arm-elf/lib/thumb/interwork/libc.a(mallocr.o)
 .debug_abbrev  0x0000074c       0x99 /cygdrive/C/cygwin/GNUARM/bin/../lib/gcc/arm-elf/4.0.2/../../../../arm-elf/lib/thumb/interwork/libc.a(memcpy.o)
 .debug_abbrev  0x000007e5       0x9a /cygdrive/C/cygwin/GNUARM/bin/../lib/gcc/arm-elf/4.0.2/../../../../arm-elf/lib/thumb/interwork/libc.a(memset.o)
 .debug_abbrev  0x0000087f      0x16a /cygdrive/C/cygwin/GNUARM/bin/../lib/gcc/arm-elf/4.0.2/../../../../arm-elf/lib/thumb/interwork/libc.a(mlock.o)
 .debug_abbrev  0x000009e9       0x71 /cygdrive/C/cygwin/GNUARM/bin/../lib/gcc/arm-elf/4.0.2/../../../../arm-elf/lib/thumb/interwork/libc.a(strcmp.o)
 .debug_abbrev  0x00000a5a       0x80 /cygdrive/C/cygwin/GNUARM/bin/../lib/gcc/arm-elf/4.0.2/../../../../arm-elf/lib/thumb/interwork/libc.a(strcpy.o)
 .debug_abbrev  0x00000ada       0x8b /cygdrive/C/cygwin/GNUARM/bin/../lib/gcc/arm-elf/4.0.2/../../../../arm-elf/lib/thumb/interwork/libc.a(strlen.o)
 .debug_abbrev  0x00000b65       0x8d /cygdrive/C/cygwin/GNUARM/bin/../lib/gcc/arm-elf/4.0.2/../../../../arm-elf/lib/thumb/interwork/libc.a(strncpy.o)
 .debug_abbrev  0x00000bf2      0x1d9 /cygdrive/C/cygwin/GNUARM/bin/../lib/gcc/arm-elf/4.0.2/../../../../arm-elf/lib/thumb/interwork/libc.a(freer.o)
 .debug_abbrev  0x00000dcb      0x157 /cygdrive/C/cygwin/GNUARM/bin/../lib/gcc/arm-elf/4.0.2/../../../../arm-elf/lib/thumb/interwork/libc.a(impure.o)

.debug_aranges  0x00000000      0x300
 .debug_aranges
                0x00000000       0x20 /cygdrive/C/cygwin/GNUARM/bin/../lib/gcc/arm-elf/4.0.2/thumb/interwork/libgcc.a(_udivsi3.o)
 .debug_aranges
                0x00000020       0x20 /cygdrive/C/cygwin/GNUARM/bin/../lib/gcc/arm-elf/4.0.2/thumb/interwork/libgcc.a(_divsi3.o)
 .debug_aranges
                0x00000040       0x20 /cygdrive/C/cygwin/GNUARM/bin/../lib/gcc/arm-elf/4.0.2/thumb/interwork/libgcc.a(_umodsi3.o)
 .debug_aranges
                0x00000060       0x20 /cygdrive/C/cygwin/GNUARM/bin/../lib/gcc/arm-elf/4.0.2/thumb/interwork/libgcc.a(_modsi3.o)
 .debug_aranges
                0x00000080       0x20 /cygdrive/C/cygwin/GNUARM/bin/../lib/gcc/arm-elf/4.0.2/thumb/interwork/libgcc.a(_dvmd_tls.o)
 .debug_aranges
                0x000000a0       0x20 /cygdrive/C/cygwin/GNUARM/bin/../lib/gcc/arm-elf/4.0.2/thumb/interwork/libgcc.a(_addsubdf3.o)
 .debug_aranges
                0x000000c0       0x20 /cygdrive/C/cygwin/GNUARM/bin/../lib/gcc/arm-elf/4.0.2/thumb/interwork/libgcc.a(_muldivdf3.o)
 .debug_aranges
                0x000000e0       0x20 /cygdrive/C/cygwin/GNUARM/bin/../lib/gcc/arm-elf/4.0.2/thumb/interwork/libgcc.a(_cmpdf2.o)
 .debug_aranges
                0x00000100       0x20 /cygdrive/C/cygwin/GNUARM/bin/../lib/gcc/arm-elf/4.0.2/thumb/interwork/libgcc.a(_addsubsf3.o)
 .debug_aranges
                0x00000120       0x20 /cygdrive/C/cygwin/GNUARM/bin/../lib/gcc/arm-elf/4.0.2/thumb/interwork/libgcc.a(_muldivsf3.o)
 .debug_aranges
                0x00000140       0x20 /cygdrive/C/cygwin/GNUARM/bin/../lib/gcc/arm-elf/4.0.2/thumb/interwork/libgcc.a(_cmpsf2.o)
 .debug_aranges
                0x00000160       0x20 /cygdrive/C/cygwin/GNUARM/bin/../lib/gcc/arm-elf/4.0.2/thumb/interwork/libgcc.a(_fixsfsi.o)
 .debug_aranges
                0x00000180       0x20 /cygdrive/C/cygwin/GNUARM/bin/../lib/gcc/arm-elf/4.0.2/thumb/interwork/libgcc.a(_muldi3.o)
 .debug_aranges
                0x000001a0       0x20 /cygdrive/C/cygwin/GNUARM/bin/../lib/gcc/arm-elf/4.0.2/thumb/interwork/libgcc.a(_divdi3.o)
 .debug_aranges
                0x000001c0       0x20 /cygdrive/C/cygwin/GNUARM/bin/../lib/gcc/arm-elf/4.0.2/../../../../arm-elf/lib/thumb/interwork/libc.a(malloc.o)
 .debug_aranges
                0x000001e0       0x20 /cygdrive/C/cygwin/GNUARM/bin/../lib/gcc/arm-elf/4.0.2/../../../../arm-elf/lib/thumb/interwork/libc.a(mallocr.o)
 .debug_aranges
                0x00000200       0x20 /cygdrive/C/cygwin/GNUARM/bin/../lib/gcc/arm-elf/4.0.2/../../../../arm-elf/lib/thumb/interwork/libc.a(memcpy.o)
 .debug_aranges
                0x00000220       0x20 /cygdrive/C/cygwin/GNUARM/bin/../lib/gcc/arm-elf/4.0.2/../../../../arm-elf/lib/thumb/interwork/libc.a(memset.o)
 .debug_aranges
                0x00000240       0x20 /cygdrive/C/cygwin/GNUARM/bin/../lib/gcc/arm-elf/4.0.2/../../../../arm-elf/lib/thumb/interwork/libc.a(mlock.o)
 .debug_aranges
                0x00000260       0x20 /cygdrive/C/cygwin/GNUARM/bin/../lib/gcc/arm-elf/4.0.2/../../../../arm-elf/lib/thumb/interwork/libc.a(strcmp.o)
 .debug_aranges
                0x00000280       0x20 /cygdrive/C/cygwin/GNUARM/bin/../lib/gcc/arm-elf/4.0.2/../../../../arm-elf/lib/thumb/interwork/libc.a(strcpy.o)
 .debug_aranges
                0x000002a0       0x20 /cygdrive/C/cygwin/GNUARM/bin/../lib/gcc/arm-elf/4.0.2/../../../../arm-elf/lib/thumb/interwork/libc.a(strlen.o)
 .debug_aranges
                0x000002c0       0x20 /cygdrive/C/cygwin/GNUARM/bin/../lib/gcc/arm-elf/4.0.2/../../../../arm-elf/lib/thumb/interwork/libc.a(strncpy.o)
 .debug_aranges
                0x000002e0       0x20 /cygdrive/C/cygwin/GNUARM/bin/../lib/gcc/arm-elf/4.0.2/../../../../arm-elf/lib/thumb/interwork/libc.a(freer.o)

.debug_frame    0x00000000      0x280
 .debug_frame   0x00000000       0x38 /cygdrive/C/cygwin/GNUARM/bin/../lib/gcc/arm-elf/4.0.2/thumb/interwork/libgcc.a(_muldi3.o)
 .debug_frame   0x00000038       0x3c /cygdrive/C/cygwin/GNUARM/bin/../lib/gcc/arm-elf/4.0.2/thumb/interwork/libgcc.a(_divdi3.o)
 .debug_frame   0x00000074       0x40 /cygdrive/C/cygwin/GNUARM/bin/../lib/gcc/arm-elf/4.0.2/../../../../arm-elf/lib/thumb/interwork/libc.a(malloc.o)
 .debug_frame   0x000000b4       0x3c /cygdrive/C/cygwin/GNUARM/bin/../lib/gcc/arm-elf/4.0.2/../../../../arm-elf/lib/thumb/interwork/libc.a(mallocr.o)
 .debug_frame   0x000000f0       0x2c /cygdrive/C/cygwin/GNUARM/bin/../lib/gcc/arm-elf/4.0.2/../../../../arm-elf/lib/thumb/interwork/libc.a(memcpy.o)
 .debug_frame   0x0000011c       0x2c /cygdrive/C/cygwin/GNUARM/bin/../lib/gcc/arm-elf/4.0.2/../../../../arm-elf/lib/thumb/interwork/libc.a(memset.o)
 .debug_frame   0x00000148       0x30 /cygdrive/C/cygwin/GNUARM/bin/../lib/gcc/arm-elf/4.0.2/../../../../arm-elf/lib/thumb/interwork/libc.a(mlock.o)
 .debug_frame   0x00000178       0x2c /cygdrive/C/cygwin/GNUARM/bin/../lib/gcc/arm-elf/4.0.2/../../../../arm-elf/lib/thumb/interwork/libc.a(strcmp.o)
 .debug_frame   0x000001a4       0x2c /cygdrive/C/cygwin/GNUARM/bin/../lib/gcc/arm-elf/4.0.2/../../../../arm-elf/lib/thumb/interwork/libc.a(strcpy.o)
 .debug_frame   0x000001d0       0x2c /cygdrive/C/cygwin/GNUARM/bin/../lib/gcc/arm-elf/4.0.2/../../../../arm-elf/lib/thumb/interwork/libc.a(strlen.o)
 .debug_frame   0x000001fc       0x30 /cygdrive/C/cygwin/GNUARM/bin/../lib/gcc/arm-elf/4.0.2/../../../../arm-elf/lib/thumb/interwork/libc.a(strncpy.o)
 .debug_frame   0x0000022c       0x54 /cygdrive/C/cygwin/GNUARM/bin/../lib/gcc/arm-elf/4.0.2/../../../../arm-elf/lib/thumb/interwork/libc.a(freer.o)

.debug_loc      0x00000000     0x22c4
 .debug_loc     0x00000000      0x156 /cygdrive/C/cygwin/GNUARM/bin/../lib/gcc/arm-elf/4.0.2/thumb/interwork/libgcc.a(_muldi3.o)
 .debug_loc     0x00000156      0xd45 /cygdrive/C/cygwin/GNUARM/bin/../lib/gcc/arm-elf/4.0.2/thumb/interwork/libgcc.a(_divdi3.o)
 .debug_loc     0x00000e9b       0x3c /cygdrive/C/cygwin/GNUARM/bin/../lib/gcc/arm-elf/4.0.2/../../../../arm-elf/lib/thumb/interwork/libc.a(malloc.o)
 .debug_loc     0x00000ed7      0xaf9 /cygdrive/C/cygwin/GNUARM/bin/../lib/gcc/arm-elf/4.0.2/../../../../arm-elf/lib/thumb/interwork/libc.a(mallocr.o)
 .debug_loc     0x000019d0      0x127 /cygdrive/C/cygwin/GNUARM/bin/../lib/gcc/arm-elf/4.0.2/../../../../arm-elf/lib/thumb/interwork/libc.a(memcpy.o)
 .debug_loc     0x00001af7      0x12a /cygdrive/C/cygwin/GNUARM/bin/../lib/gcc/arm-elf/4.0.2/../../../../arm-elf/lib/thumb/interwork/libc.a(memset.o)
 .debug_loc     0x00001c21       0x8e /cygdrive/C/cygwin/GNUARM/bin/../lib/gcc/arm-elf/4.0.2/../../../../arm-elf/lib/thumb/interwork/libc.a(strcmp.o)
 .debug_loc     0x00001caf       0xb4 /cygdrive/C/cygwin/GNUARM/bin/../lib/gcc/arm-elf/4.0.2/../../../../arm-elf/lib/thumb/interwork/libc.a(strcpy.o)
 .debug_loc     0x00001d63       0x3c /cygdrive/C/cygwin/GNUARM/bin/../lib/gcc/arm-elf/4.0.2/../../../../arm-elf/lib/thumb/interwork/libc.a(strlen.o)
 .debug_loc     0x00001d9f      0x156 /cygdrive/C/cygwin/GNUARM/bin/../lib/gcc/arm-elf/4.0.2/../../../../arm-elf/lib/thumb/interwork/libc.a(strncpy.o)
 .debug_loc     0x00001ef5      0x3cf /cygdrive/C/cygwin/GNUARM/bin/../lib/gcc/arm-elf/4.0.2/../../../../arm-elf/lib/thumb/interwork/libc.a(freer.o)

.debug_pubnames
                0x00000000      0x2a3
 .debug_pubnames
                0x00000000       0x1f /cygdrive/C/cygwin/GNUARM/bin/../lib/gcc/arm-elf/4.0.2/thumb/interwork/libgcc.a(_muldi3.o)
 .debug_pubnames
                0x0000001f       0x1f /cygdrive/C/cygwin/GNUARM/bin/../lib/gcc/arm-elf/4.0.2/thumb/interwork/libgcc.a(_divdi3.o)
 .debug_pubnames
                0x0000003e       0x20 /cygdrive/C/cygwin/GNUARM/bin/../lib/gcc/arm-elf/4.0.2/thumb/interwork/libgcc.a(_clz.o)
 .debug_pubnames
                0x0000005e       0x26 /cygdrive/C/cygwin/GNUARM/bin/../lib/gcc/arm-elf/4.0.2/../../../../arm-elf/lib/thumb/interwork/libc.a(malloc.o)
 .debug_pubnames
                0x00000084       0xce /cygdrive/C/cygwin/GNUARM/bin/../lib/gcc/arm-elf/4.0.2/../../../../arm-elf/lib/thumb/interwork/libc.a(mallocr.o)
 .debug_pubnames
                0x00000152       0x1d /cygdrive/C/cygwin/GNUARM/bin/../lib/gcc/arm-elf/4.0.2/../../../../arm-elf/lib/thumb/interwork/libc.a(memcpy.o)
 .debug_pubnames
                0x0000016f       0x1d /cygdrive/C/cygwin/GNUARM/bin/../lib/gcc/arm-elf/4.0.2/../../../../arm-elf/lib/thumb/interwork/libc.a(memset.o)
 .debug_pubnames
                0x0000018c       0x38 /cygdrive/C/cygwin/GNUARM/bin/../lib/gcc/arm-elf/4.0.2/../../../../arm-elf/lib/thumb/interwork/libc.a(mlock.o)
 .debug_pubnames
                0x000001c4       0x1d /cygdrive/C/cygwin/GNUARM/bin/../lib/gcc/arm-elf/4.0.2/../../../../arm-elf/lib/thumb/interwork/libc.a(strcmp.o)
 .debug_pubnames
                0x000001e1       0x1d /cygdrive/C/cygwin/GNUARM/bin/../lib/gcc/arm-elf/4.0.2/../../../../arm-elf/lib/thumb/interwork/libc.a(strcpy.o)
 .debug_pubnames
                0x000001fe       0x1d /cygdrive/C/cygwin/GNUARM/bin/../lib/gcc/arm-elf/4.0.2/../../../../arm-elf/lib/thumb/interwork/libc.a(strlen.o)
 .debug_pubnames
                0x0000021b       0x1e /cygdrive/C/cygwin/GNUARM/bin/../lib/gcc/arm-elf/4.0.2/../../../../arm-elf/lib/thumb/interwork/libc.a(strncpy.o)
 .debug_pubnames
                0x00000239       0x31 /cygdrive/C/cygwin/GNUARM/bin/../lib/gcc/arm-elf/4.0.2/../../../../arm-elf/lib/thumb/interwork/libc.a(freer.o)
 .debug_pubnames
                0x0000026a       0x39 /cygdrive/C/cygwin/GNUARM/bin/../lib/gcc/arm-elf/4.0.2/../../../../arm-elf/lib/thumb/interwork/libc.a(impure.o)

.debug_ranges   0x00000000      0x210
 .debug_ranges  0x00000000       0x30 /cygdrive/C/cygwin/GNUARM/bin/../lib/gcc/arm-elf/4.0.2/thumb/interwork/libgcc.a(_muldi3.o)
 .debug_ranges  0x00000030      0x1a8 /cygdrive/C/cygwin/GNUARM/bin/../lib/gcc/arm-elf/4.0.2/thumb/interwork/libgcc.a(_divdi3.o)
 .debug_ranges  0x000001d8       0x38 /cygdrive/C/cygwin/GNUARM/bin/../lib/gcc/arm-elf/4.0.2/../../../../arm-elf/lib/thumb/interwork/libc.a(mallocr.o)

.debug_str      0x00000000      0xadf
 .debug_str     0x00000000       0xfb /cygdrive/C/cygwin/GNUARM/bin/../lib/gcc/arm-elf/4.0.2/thumb/interwork/libgcc.a(_muldi3.o)
                                0x14f (size before relaxing)
 .debug_str     0x000000fb       0x5d /cygdrive/C/cygwin/GNUARM/bin/../lib/gcc/arm-elf/4.0.2/thumb/interwork/libgcc.a(_divdi3.o)
                                0x1a3 (size before relaxing)
 .debug_str     0x00000158        0x0 /cygdrive/C/cygwin/GNUARM/bin/../lib/gcc/arm-elf/4.0.2/thumb/interwork/libgcc.a(_clz.o)
                                0x104 (size before relaxing)
 .debug_str     0x00000158      0x40d /cygdrive/C/cygwin/GNUARM/bin/../lib/gcc/arm-elf/4.0.2/../../../../arm-elf/lib/thumb/interwork/libc.a(malloc.o)
                                0x4c7 (size before relaxing)
 .debug_str     0x00000565      0x20c /cygdrive/C/cygwin/GNUARM/bin/../lib/gcc/arm-elf/4.0.2/../../../../arm-elf/lib/thumb/interwork/libc.a(mallocr.o)
                                0x6a8 (size before relaxing)
 .debug_str     0x00000771       0xac /cygdrive/C/cygwin/GNUARM/bin/../lib/gcc/arm-elf/4.0.2/../../../../arm-elf/lib/thumb/interwork/libc.a(memcpy.o)
                                 0xdf (size before relaxing)
 .debug_str     0x0000081d       0x5a /cygdrive/C/cygwin/GNUARM/bin/../lib/gcc/arm-elf/4.0.2/../../../../arm-elf/lib/thumb/interwork/libc.a(memset.o)
                                0x129 (size before relaxing)
 .debug_str     0x00000877       0x71 /cygdrive/C/cygwin/GNUARM/bin/../lib/gcc/arm-elf/4.0.2/../../../../arm-elf/lib/thumb/interwork/libc.a(mlock.o)
                                0x4ce (size before relaxing)
 .debug_str     0x000008e8       0x46 /cygdrive/C/cygwin/GNUARM/bin/../lib/gcc/arm-elf/4.0.2/../../../../arm-elf/lib/thumb/interwork/libc.a(strcmp.o)
                                0x10e (size before relaxing)
 .debug_str     0x0000092e       0x46 /cygdrive/C/cygwin/GNUARM/bin/../lib/gcc/arm-elf/4.0.2/../../../../arm-elf/lib/thumb/interwork/libc.a(strcpy.o)
                                0x130 (size before relaxing)
 .debug_str     0x00000974       0x4c /cygdrive/C/cygwin/GNUARM/bin/../lib/gcc/arm-elf/4.0.2/../../../../arm-elf/lib/thumb/interwork/libc.a(strlen.o)
                                0x128 (size before relaxing)
 .debug_str     0x000009c0       0x48 /cygdrive/C/cygwin/GNUARM/bin/../lib/gcc/arm-elf/4.0.2/../../../../arm-elf/lib/thumb/interwork/libc.a(strncpy.o)
                                0x13f (size before relaxing)
 .debug_str     0x00000a08       0x3c /cygdrive/C/cygwin/GNUARM/bin/../lib/gcc/arm-elf/4.0.2/../../../../arm-elf/lib/thumb/interwork/libc.a(freer.o)
                                0x5fa (size before relaxing)
 .debug_str     0x00000a44       0x9b /cygdrive/C/cygwin/GNUARM/bin/../lib/gcc/arm-elf/4.0.2/../../../../arm-elf/lib/thumb/interwork/libc.a(impure.o)
                                0x4c5 (size before relaxing)

Cross Reference Table

Symbol                                            File
ActivateTask                                      build/kernel/task_manage.o
AssertDeviceConstructor                           build/rtoscalls.o
CancelAlarm                                       build/kernel/alarm.o
ChainTask                                         build/kernel/task_manage.o
ClearEvent                                        build/kernel/event.o
                                                  build/rtoscalls.o
Control::Control()                                build/Control.o
Control::Control()                                build/Control.o
Control::Control(Motor, Motor, Tail)              build/Control.o